<?xml version="1.0" encoding="utf-8"?>
<TestRun id="83289c6e-dcbf-44ee-8d2d-d33bfa4b70bb" name="malla@TIMMALLSTRIX 2026-09-16 17:35:51" runUser="TIMMALLSTRIX\malla" xmlns="http://microsoft.com/schemas/VisualStudio/TeamTest/2010">
  <Times creation="2026-09-16T17:35:51.6985826-07:00" queuing="2026-09-16T17:35:51.6985827-07:00" start="2026-09-16T17:35:50.9805278-07:00" finish="2026-09-16T17:35:51.8650788-07:00" />
  <TestSettings name="default" id="20878d35-cd5e-4430-a48d-9d53c80b8726">
    <Deployment runDeploymentRoot="malla_TIMMALLSTRIX_2026-09-16_17_35_51" />
  </TestSettings>
  <Results>
    <UnitTestResult executionId="bbff863f-b71d-416f-8188-e71751b59839" testId="8797cbcf-8cd0-b315-4e82-2ed8ea03959a" testName="AiDe.Core.Tests.Watcher.CoordinationProducerTests.Register_PausedAppend_ConcurrentDuplicateRegistersOnce" computerName="TIMMALLSTRIX" duration="00:00:00.0178321" startTime="2026-09-16T17:35:51.6809369-07:00" endTime="2026-09-16T17:35:51.6838534-07:00" testType="13cdc9d9-ddb5-4fa4-a97d-d965ccfc6d4b" outcome="Passed" testListId="8c84fa94-04c1-424b-9868-57a2d4851a1d" relativeResultsDirectory="bbff863f-b71d-416f-8188-e71751b59839" />
    <UnitTestResult executionId="a4dea4bf-7dc0-4b6f-bccb-1f8bea854c2b" testId="f9b0247d-4bf8-0a96-71f3-1925b4eeb6d8" testName="AiDe.Core.Tests.Watcher.CoordinationProducerTests.Register_OtherSessionAppendDenied_IndependentSessionStillCompletes" computerName="TIMMALLSTRIX" duration="00:00:00.0044409" startTime="2026-09-16T17:35:51.7797175-07:00" endTime="2026-09-16T17:35:51.7837755-07:00" testType="13cdc9d9-ddb5-4fa4-a97d-d965ccfc6d4b" outcome="Passed" testListId="8c84fa94-04c1-424b-9868-57a2d4851a1d" relativeResultsDirectory="a4dea4bf-7dc0-4b6f-bccb-1f8bea854c2b">
      <Output>
        <StdOut>deniedSubjectBytes=0; otherSessionRecords=3; otherSessionEnded=true</StdOut>
      </Output>
    </UnitTestResult>
    <UnitTestResult executionId="566dcb76-094c-4297-8739-cfb52eee5e80" testId="c5146fd8-174e-b00f-fec0-566305d6e12a" testName="AiDe.Core.Tests.Watcher.CoordinationProducerTests.HeartbeatAll_StaleSnapshot_DoesNotHeartbeatEndedSession" computerName="TIMMALLSTRIX" duration="00:00:00.0071396" startTime="2026-09-16T17:35:51.6011667-07:00" endTime="2026-09-16T17:35:51.6084621-07:00" testType="13cdc9d9-ddb5-4fa4-a97d-d965ccfc6d4b" outcome="Passed" testListId="8c84fa94-04c1-424b-9868-57a2d4851a1d" relativeResultsDirectory="566dcb76-094c-4297-8739-cfb52eee5e80" />
    <UnitTestResult executionId="952b01f6-152f-414e-abe1-ce9eb2d2e333" testId="5d1cf3ec-0db5-6f86-aa06-7ddb8bf9293b" testName="AiDe.Core.Tests.Watcher.CoordinationProducerTests.WriteHeartbeat_RootAlreadyHas32MiB_RefusesWithoutChangingExistingBytes" computerName="TIMMALLSTRIX" duration="00:00:00.0481763" startTime="2026-09-16T17:35:51.7310380-07:00" endTime="2026-09-16T17:35:51.7793028-07:00" testType="13cdc9d9-ddb5-4fa4-a97d-d965ccfc6d4b" outcome="Failed" testListId="8c84fa94-04c1-424b-9868-57a2d4851a1d" relativeResultsDirectory="952b01f6-152f-414e-abe1-ce9eb2d2e333">
      <Output>
        <StdOut>rootBytesBefore=33554432; rootBytesAfter=33554524; acceptedBytes=92; refusal=none</StdOut>
        <ErrorInfo>
          <Message>Assert.Equal() Failure: Values differ&#xD;
Expected: 33554432&#xD;
Actual:   33554524</Message>
          <StackTrace>   at AiDe.Core.Tests.Watcher.CoordinationProducerTests.WriteHeartbeat_RootAlreadyHas32MiB_RefusesWithoutChangingExistingBytes() in C:\Projects\ai-de-feature-xh-p2-producers\tests\AiDe.Core.Tests\Watcher\CoordinationProducerTests.cs:line 398&#xD;
   at System.Reflection.MethodBaseInvoker.InterpretedInvoke_Method(Object obj, IntPtr* args)&#xD;
   at System.Reflection.MethodBaseInvoker.InvokeWithNoArgs(Object obj, BindingFlags invokeAttr)</StackTrace>
        </ErrorInfo>
      </Output>
    </UnitTestResult>
    <UnitTestResult executionId="a24aa54f-b84d-4d99-b050-9fd3dce696b1" testId="79f606fe-0340-49e4-edf1-8326f4fd7322" testName="AiDe.Core.Tests.Watcher.CoordinationProducerTests.HeartbeatAll_PausedAppend_ConcurrentEndCannotPrecedeHeartbeat" computerName="TIMMALLSTRIX" duration="00:00:00.0169703" startTime="2026-09-16T17:35:51.6840782-07:00" endTime="2026-09-16T17:35:51.7011157-07:00" testType="13cdc9d9-ddb5-4fa4-a97d-d965ccfc6d4b" outcome="Passed" testListId="8c84fa94-04c1-424b-9868-57a2d4851a1d" relativeResultsDirectory="a24aa54f-b84d-4d99-b050-9fd3dce696b1" />
    <UnitTestResult executionId="52e9c42a-bf24-4f3d-a9cc-bafd0286907c" testId="5bac2949-61b9-f7c6-d2e4-688c29b67c46" testName="AiDe.Core.Tests.Watcher.CoordinationProducerTests.Register_AppendDeniedThenRetried_DurablyRegistersExactlyOnce" computerName="TIMMALLSTRIX" duration="00:00:00.0030559" startTime="2026-09-16T17:35:51.7282261-07:00" endTime="2026-09-16T17:35:51.7309364-07:00" testType="13cdc9d9-ddb5-4fa4-a97d-d965ccfc6d4b" outcome="Passed" testListId="8c84fa94-04c1-424b-9868-57a2d4851a1d" relativeResultsDirectory="52e9c42a-bf24-4f3d-a9cc-bafd0286907c">
      <Output>
        <StdOut>liveAfterFailure=0; durableRegisters=1; liveAfterRetry=1</StdOut>
      </Output>
    </UnitTestResult>
    <UnitTestResult executionId="d7835d0f-bcfb-451a-a604-4537527db755" testId="6f07f9d9-aee4-3e36-a0b0-c27768bd235a" testName="AiDe.Core.Tests.Watcher.CoordinationProducerTests.Register_OrdinaryLifecycle_RecordsOneRegisterHeartbeatAndEnd" computerName="TIMMALLSTRIX" duration="00:00:00.0054639" startTime="2026-09-16T17:35:51.7838603-07:00" endTime="2026-09-16T17:35:51.7892778-07:00" testType="13cdc9d9-ddb5-4fa4-a97d-d965ccfc6d4b" outcome="Passed" testListId="8c84fa94-04c1-424b-9868-57a2d4851a1d" relativeResultsDirectory="d7835d0f-bcfb-451a-a604-4537527db755">
      <Output>
        <StdOut>durableRegisters=1; durableHeartbeats=1; durableEnds=1; live=0</StdOut>
      </Output>
    </UnitTestResult>
    <UnitTestResult executionId="0d007f34-b607-41c0-ade6-f97fc9a45614" testId="c702d844-fe94-959e-0aec-9356d406edd9" testName="AiDe.Core.Tests.Watcher.CoordinationProducerTests.Write_CompleteEncodedLineAt64KiB_AcceptsExactlyTheBound(glyph: 'é')" computerName="TIMMALLSTRIX" duration="00:00:00.0096118" startTime="2026-09-16T17:35:51.6167800-07:00" endTime="2026-09-16T17:35:51.6263247-07:00" testType="13cdc9d9-ddb5-4fa4-a97d-d965ccfc6d4b" outcome="Passed" testListId="8c84fa94-04c1-424b-9868-57a2d4851a1d" relativeResultsDirectory="0d007f34-b607-41c0-ade6-f97fc9a45614">
      <Output>
        <StdOut>glyph=U+00E9; completeLineBytes=65536; terminalByte=10</StdOut>
      </Output>
    </UnitTestResult>
    <UnitTestResult executionId="bef9da19-c91b-48c6-b7bd-65e6f14053f5" testId="695060bd-8a47-20f2-078b-87719a729003" testName="AiDe.Core.Tests.Watcher.CoordinationProducerTests.Register_PausedInsideWriter_IndependentSessionCompletes" computerName="TIMMALLSTRIX" duration="00:00:00.0177501" startTime="2026-09-16T17:35:51.5849306-07:00" endTime="2026-09-16T17:35:51.6006785-07:00" testType="13cdc9d9-ddb5-4fa4-a97d-d965ccfc6d4b" outcome="Passed" testListId="8c84fa94-04c1-424b-9868-57a2d4851a1d" relativeResultsDirectory="bef9da19-c91b-48c6-b7bd-65e6f14053f5" />
    <UnitTestResult executionId="0e0148a8-aa69-4616-9fde-8ca689021003" testId="52a2a528-2d85-7849-e4cd-1797015da491" testName="AiDe.Core.Tests.Watcher.CoordinationProducerTests.Register_PausedAppend_EndWaitsForDurableRegistration" computerName="TIMMALLSTRIX" duration="00:00:00.0050657" startTime="2026-09-16T17:35:51.6606516-07:00" endTime="2026-09-16T17:35:51.6658007-07:00" testType="13cdc9d9-ddb5-4fa4-a97d-d965ccfc6d4b" outcome="Passed" testListId="8c84fa94-04c1-424b-9868-57a2d4851a1d" relativeResultsDirectory="0e0148a8-aa69-4616-9fde-8ca689021003" />
    <UnitTestResult executionId="015d505c-8a3f-4fee-8218-73f21aeebf9b" testId="e3042e1b-1946-092d-0f72-43b035fc64ce" testName="AiDe.Core.Tests.Watcher.CoordinationProducerTests.Write_CompleteEncodedLine64KiBPlusOne_RefusesWithoutAcceptedBytes(glyph: 'é')" computerName="TIMMALLSTRIX" duration="00:00:00.0045947" startTime="2026-09-16T17:35:51.5839331-07:00" endTime="2026-09-16T17:35:51.5839997-07:00" testType="13cdc9d9-ddb5-4fa4-a97d-d965ccfc6d4b" outcome="Failed" testListId="8c84fa94-04c1-424b-9868-57a2d4851a1d" relativeResultsDirectory="015d505c-8a3f-4fee-8218-73f21aeebf9b">
      <Output>
        <StdOut>glyph=U+00E9; candidateCompleteLineBytes=65537; acceptedBytes=65537; refusal=none</StdOut>
        <ErrorInfo>
          <Message>Assert.Equal() Failure: Values differ&#xD;
Expected: 0&#xD;
Actual:   65537</Message>
          <StackTrace>   at AiDe.Core.Tests.Watcher.CoordinationProducerTests.Write_CompleteEncodedLine64KiBPlusOne_RefusesWithoutAcceptedBytes(Char glyph) in C:\Projects\ai-de-feature-xh-p2-producers\tests\AiDe.Core.Tests\Watcher\CoordinationProducerTests.cs:line 358&#xD;
   at InvokeStub_CoordinationProducerTests.Write_CompleteEncodedLine64KiBPlusOne_RefusesWithoutAcceptedBytes(Object, Span`1)&#xD;
   at System.Reflection.MethodBaseInvoker.InvokeWithOneArg(Object obj, BindingFlags invokeAttr, Binder binder, Object[] parameters, CultureInfo culture)</StackTrace>
        </ErrorInfo>
      </Output>
    </UnitTestResult>
    <UnitTestResult executionId="85e48ba1-e3e9-48c3-9431-2b399deda169" testId="54d5194c-f772-c9eb-cf23-e0b7e57b5f35" testName="AiDe.Core.Tests.Watcher.CoordinationProducerTests.Write_CompleteEncodedLineAt64KiB_AcceptsExactlyTheBound(glyph: 'A')" computerName="TIMMALLSTRIX" duration="00:00:00.0044343" startTime="2026-09-16T17:35:51.6264396-07:00" endTime="2026-09-16T17:35:51.6307835-07:00" testType="13cdc9d9-ddb5-4fa4-a97d-d965ccfc6d4b" outcome="Passed" testListId="8c84fa94-04c1-424b-9868-57a2d4851a1d" relativeResultsDirectory="85e48ba1-e3e9-48c3-9431-2b399deda169">
      <Output>
        <StdOut>glyph=U+0041; completeLineBytes=65536; terminalByte=10</StdOut>
      </Output>
    </UnitTestResult>
    <UnitTestResult executionId="9af71a16-5a42-4635-a72b-ed9a1d7e4098" testId="fc3a0066-c1ad-ea9a-4efe-35a074397784" testName="AiDe.Core.Tests.Watcher.CoordinationProducerTests.WriteHeartbeat_RootAlreadyHas128Files_RefusesFile129" computerName="TIMMALLSTRIX" duration="00:00:00.0265519" startTime="2026-09-16T17:35:51.7012397-07:00" endTime="2026-09-16T17:35:51.7278447-07:00" testType="13cdc9d9-ddb5-4fa4-a97d-d965ccfc6d4b" outcome="Failed" testListId="8c84fa94-04c1-424b-9868-57a2d4851a1d" relativeResultsDirectory="9af71a16-5a42-4635-a72b-ed9a1d7e4098">
      <Output>
        <StdOut>rootFilesBefore=128; rootFilesAfter=129; acceptedBytes=92; refusal=none</StdOut>
        <ErrorInfo>
          <Message>Assert.Equal() Failure: Values differ&#xD;
Expected: 128&#xD;
Actual:   129</Message>
          <StackTrace>   at AiDe.Core.Tests.Watcher.CoordinationProducerTests.WriteHeartbeat_RootAlreadyHas128Files_RefusesFile129() in C:\Projects\ai-de-feature-xh-p2-producers\tests\AiDe.Core.Tests\Watcher\CoordinationProducerTests.cs:line 376&#xD;
   at System.Reflection.MethodBaseInvoker.InterpretedInvoke_Method(Object obj, IntPtr* args)&#xD;
   at System.Reflection.MethodBaseInvoker.InvokeWithNoArgs(Object obj, BindingFlags invokeAttr)</StackTrace>
        </ErrorInfo>
      </Output>
    </UnitTestResult>
    <UnitTestResult executionId="79b197b2-07f4-4080-bed5-dd886ab231b9" testId="9429f04d-506e-5181-158f-913c59184dbd" testName="AiDe.Core.Tests.Watcher.CoordinationProducerTests.Register_FormerWaiterOwnsGate_ThirdOperationCannotOvertakeHeartbeat" computerName="TIMMALLSTRIX" duration="00:00:00.0348471" startTime="2026-09-16T17:35:51.7893733-07:00" endTime="2026-09-16T17:35:51.8243788-07:00" testType="13cdc9d9-ddb5-4fa4-a97d-d965ccfc6d4b" outcome="Passed" testListId="8c84fa94-04c1-424b-9868-57a2d4851a1d" relativeResultsDirectory="79b197b2-07f4-4080-bed5-dd886ab231b9">
      <Output>
        <StdOut>reusedGate=True; thirdReachedWriterWhileHeartbeatPaused=False; liveWhileWaiting=1; durableWhileWaiting=register; durableFinal=register,heartbeat,session-end; liveFinal=0; gatesFinal=0</StdOut>
      </Output>
    </UnitTestResult>
    <UnitTestResult executionId="cd4ea24e-5dfb-4aad-acb0-0ed3a66a3c82" testId="e14681a0-bd2a-7068-ef30-2afd97ff685c" testName="AiDe.Core.Tests.Watcher.CoordinationProducerTests.Write_CompleteEncodedLine64KiBPlusOne_RefusesWithoutAcceptedBytes(glyph: 'A')" computerName="TIMMALLSTRIX" duration="00:00:00.0313305" startTime="2026-09-16T17:35:51.5376239-07:00" endTime="2026-09-16T17:35:51.5764658-07:00" testType="13cdc9d9-ddb5-4fa4-a97d-d965ccfc6d4b" outcome="Failed" testListId="8c84fa94-04c1-424b-9868-57a2d4851a1d" relativeResultsDirectory="cd4ea24e-5dfb-4aad-acb0-0ed3a66a3c82">
      <Output>
        <StdOut>glyph=U+0041; candidateCompleteLineBytes=65537; acceptedBytes=65537; refusal=none</StdOut>
        <ErrorInfo>
          <Message>Assert.Equal() Failure: Values differ&#xD;
Expected: 0&#xD;
Actual:   65537</Message>
          <StackTrace>   at AiDe.Core.Tests.Watcher.CoordinationProducerTests.Write_CompleteEncodedLine64KiBPlusOne_RefusesWithoutAcceptedBytes(Char glyph) in C:\Projects\ai-de-feature-xh-p2-producers\tests\AiDe.Core.Tests\Watcher\CoordinationProducerTests.cs:line 358&#xD;
   at System.Reflection.MethodBaseInvoker.InterpretedInvoke_Method(Object obj, IntPtr* args)&#xD;
   at System.Reflection.MethodBaseInvoker.InvokeDirectByRefWithFewArgs(Object obj, Span`1 copyOfArgs, BindingFlags invokeAttr)</StackTrace>
        </ErrorInfo>
      </Output>
    </UnitTestResult>
    <UnitTestResult executionId="84d4b296-8cee-4f74-acf6-3c1dcf9a951c" testId="eb48cdaf-bc11-336b-05c9-3cc28ff0e06a" testName="AiDe.Core.Tests.Watcher.CoordinationProducerTests.Register_RepeatedFailedFirstRegistrations_ReclaimsEverySessionGate" computerName="TIMMALLSTRIX" duration="00:00:00.0295660" startTime="2026-09-16T17:35:51.6308488-07:00" endTime="2026-09-16T17:35:51.6604678-07:00" testType="13cdc9d9-ddb5-4fa4-a97d-d965ccfc6d4b" outcome="Passed" testListId="8c84fa94-04c1-424b-9868-57a2d4851a1d" relativeResultsDirectory="84d4b296-8cee-4f74-acf6-3c1dcf9a951c" />
    <UnitTestResult executionId="3c17046e-0eb0-4575-bf15-6c1fcae2cb7b" testId="e5adf78c-c56c-430f-1e34-a1f03bda4907" testName="AiDe.Core.Tests.Watcher.CoordinationProducerTests.End_AppendDeniedThenRetried_DurablyEndsExactlyOnceAndKeepsRegistration" computerName="TIMMALLSTRIX" duration="00:00:00.0081511" startTime="2026-09-16T17:35:51.6085469-07:00" endTime="2026-09-16T17:35:51.6166675-07:00" testType="13cdc9d9-ddb5-4fa4-a97d-d965ccfc6d4b" outcome="Passed" testListId="8c84fa94-04c1-424b-9868-57a2d4851a1d" relativeResultsDirectory="3c17046e-0eb0-4575-bf15-6c1fcae2cb7b">
      <Output>
        <StdOut>liveAfterFailure=1; durableEnds=1; records=2; liveAfterRetry=0</StdOut>
      </Output>
    </UnitTestResult>
  </Results>
  <TestDefinitions>
    <UnitTest name="AiDe.Core.Tests.Watcher.CoordinationProducerTests.WriteHeartbeat_RootAlreadyHas32MiB_RefusesWithoutChangingExistingBytes" storage="c:\projects\ai-de-feature-xh-p2-producers\tests\aide.core.tests\bin\debug\net10.0\aide.core.tests.dll" id="5d1cf3ec-0db5-6f86-aa06-7ddb8bf9293b">
      <Execution id="952b01f6-152f-414e-abe1-ce9eb2d2e333" />
      <TestMethod codeBase="C:\Projects\ai-de-feature-xh-p2-producers\tests\AiDe.Core.Tests\bin\Debug\net10.0\AiDe.Core.Tests.dll" adapterTypeName="executor://xunit/VsTestRunner3/netcore/" className="AiDe.Core.Tests.Watcher.CoordinationProducerTests" name="WriteHeartbeat_RootAlreadyHas32MiB_RefusesWithoutChangingExistingBytes" />
    </UnitTest>
    <UnitTest name="AiDe.Core.Tests.Watcher.CoordinationProducerTests.HeartbeatAll_StaleSnapshot_DoesNotHeartbeatEndedSession" storage="c:\projects\ai-de-feature-xh-p2-producers\tests\aide.core.tests\bin\debug\net10.0\aide.core.tests.dll" id="c5146fd8-174e-b00f-fec0-566305d6e12a">
      <Execution id="566dcb76-094c-4297-8739-cfb52eee5e80" />
      <TestMethod codeBase="C:\Projects\ai-de-feature-xh-p2-producers\tests\AiDe.Core.Tests\bin\Debug\net10.0\AiDe.Core.Tests.dll" adapterTypeName="executor://xunit/VsTestRunner3/netcore/" className="AiDe.Core.Tests.Watcher.CoordinationProducerTests" name="HeartbeatAll_StaleSnapshot_DoesNotHeartbeatEndedSession" />
    </UnitTest>
    <UnitTest name="AiDe.Core.Tests.Watcher.CoordinationProducerTests.Write_CompleteEncodedLine64KiBPlusOne_RefusesWithoutAcceptedBytes(glyph: 'A')" storage="c:\projects\ai-de-feature-xh-p2-producers\tests\aide.core.tests\bin\debug\net10.0\aide.core.tests.dll" id="e14681a0-bd2a-7068-ef30-2afd97ff685c">
      <Execution id="cd4ea24e-5dfb-4aad-acb0-0ed3a66a3c82" />
      <TestMethod codeBase="C:\Projects\ai-de-feature-xh-p2-producers\tests\AiDe.Core.Tests\bin\Debug\net10.0\AiDe.Core.Tests.dll" adapterTypeName="executor://xunit/VsTestRunner3/netcore/" className="AiDe.Core.Tests.Watcher.CoordinationProducerTests" name="Write_CompleteEncodedLine64KiBPlusOne_RefusesWithoutAcceptedBytes" />
    </UnitTest>
    <UnitTest name="AiDe.Core.Tests.Watcher.CoordinationProducerTests.Register_FormerWaiterOwnsGate_ThirdOperationCannotOvertakeHeartbeat" storage="c:\projects\ai-de-feature-xh-p2-producers\tests\aide.core.tests\bin\debug\net10.0\aide.core.tests.dll" id="9429f04d-506e-5181-158f-913c59184dbd">
      <Execution id="79b197b2-07f4-4080-bed5-dd886ab231b9" />
      <TestMethod codeBase="C:\Projects\ai-de-feature-xh-p2-producers\tests\AiDe.Core.Tests\bin\Debug\net10.0\AiDe.Core.Tests.dll" adapterTypeName="executor://xunit/VsTestRunner3/netcore/" className="AiDe.Core.Tests.Watcher.CoordinationProducerTests" name="Register_FormerWaiterOwnsGate_ThirdOperationCannotOvertakeHeartbeat" />
    </UnitTest>
    <UnitTest name="AiDe.Core.Tests.Watcher.CoordinationProducerTests.Write_CompleteEncodedLine64KiBPlusOne_RefusesWithoutAcceptedBytes(glyph: 'é')" storage="c:\projects\ai-de-feature-xh-p2-producers\tests\aide.core.tests\bin\debug\net10.0\aide.core.tests.dll" id="e3042e1b-1946-092d-0f72-43b035fc64ce">
      <Execution id="015d505c-8a3f-4fee-8218-73f21aeebf9b" />
      <TestMethod codeBase="C:\Projects\ai-de-feature-xh-p2-producers\tests\AiDe.Core.Tests\bin\Debug\net10.0\AiDe.Core.Tests.dll" adapterTypeName="executor://xunit/VsTestRunner3/netcore/" className="AiDe.Core.Tests.Watcher.CoordinationProducerTests" name="Write_CompleteEncodedLine64KiBPlusOne_RefusesWithoutAcceptedBytes" />
    </UnitTest>
    <UnitTest name="AiDe.Core.Tests.Watcher.CoordinationProducerTests.Register_PausedInsideWriter_IndependentSessionCompletes" storage="c:\projects\ai-de-feature-xh-p2-producers\tests\aide.core.tests\bin\debug\net10.0\aide.core.tests.dll" id="695060bd-8a47-20f2-078b-87719a729003">
      <Execution id="bef9da19-c91b-48c6-b7bd-65e6f14053f5" />
      <TestMethod codeBase="C:\Projects\ai-de-feature-xh-p2-producers\tests\AiDe.Core.Tests\bin\Debug\net10.0\AiDe.Core.Tests.dll" adapterTypeName="executor://xunit/VsTestRunner3/netcore/" className="AiDe.Core.Tests.Watcher.CoordinationProducerTests" name="Register_PausedInsideWriter_IndependentSessionCompletes" />
    </UnitTest>
    <UnitTest name="AiDe.Core.Tests.Watcher.CoordinationProducerTests.Register_PausedAppend_EndWaitsForDurableRegistration" storage="c:\projects\ai-de-feature-xh-p2-producers\tests\aide.core.tests\bin\debug\net10.0\aide.core.tests.dll" id="52a2a528-2d85-7849-e4cd-1797015da491">
      <Execution id="0e0148a8-aa69-4616-9fde-8ca689021003" />
      <TestMethod codeBase="C:\Projects\ai-de-feature-xh-p2-producers\tests\AiDe.Core.Tests\bin\Debug\net10.0\AiDe.Core.Tests.dll" adapterTypeName="executor://xunit/VsTestRunner3/netcore/" className="AiDe.Core.Tests.Watcher.CoordinationProducerTests" name="Register_PausedAppend_EndWaitsForDurableRegistration" />
    </UnitTest>
    <UnitTest name="AiDe.Core.Tests.Watcher.CoordinationProducerTests.End_AppendDeniedThenRetried_DurablyEndsExactlyOnceAndKeepsRegistration" storage="c:\projects\ai-de-feature-xh-p2-producers\tests\aide.core.tests\bin\debug\net10.0\aide.core.tests.dll" id="e5adf78c-c56c-430f-1e34-a1f03bda4907">
      <Execution id="3c17046e-0eb0-4575-bf15-6c1fcae2cb7b" />
      <TestMethod codeBase="C:\Projects\ai-de-feature-xh-p2-producers\tests\AiDe.Core.Tests\bin\Debug\net10.0\AiDe.Core.Tests.dll" adapterTypeName="executor://xunit/VsTestRunner3/netcore/" className="AiDe.Core.Tests.Watcher.CoordinationProducerTests" name="End_AppendDeniedThenRetried_DurablyEndsExactlyOnceAndKeepsRegistration" />
    </UnitTest>
    <UnitTest name="AiDe.Core.Tests.Watcher.CoordinationProducerTests.Register_AppendDeniedThenRetried_DurablyRegistersExactlyOnce" storage="c:\projects\ai-de-feature-xh-p2-producers\tests\aide.core.tests\bin\debug\net10.0\aide.core.tests.dll" id="5bac2949-61b9-f7c6-d2e4-688c29b67c46">
      <Execution id="52e9c42a-bf24-4f3d-a9cc-bafd0286907c" />
      <TestMethod codeBase="C:\Projects\ai-de-feature-xh-p2-producers\tests\AiDe.Core.Tests\bin\Debug\net10.0\AiDe.Core.Tests.dll" adapterTypeName="executor://xunit/VsTestRunner3/netcore/" className="AiDe.Core.Tests.Watcher.CoordinationProducerTests" name="Register_AppendDeniedThenRetried_DurablyRegistersExactlyOnce" />
    </UnitTest>
    <UnitTest name="AiDe.Core.Tests.Watcher.CoordinationProducerTests.Register_OrdinaryLifecycle_RecordsOneRegisterHeartbeatAndEnd" storage="c:\projects\ai-de-feature-xh-p2-producers\tests\aide.core.tests\bin\debug\net10.0\aide.core.tests.dll" id="6f07f9d9-aee4-3e36-a0b0-c27768bd235a">
      <Execution id="d7835d0f-bcfb-451a-a604-4537527db755" />
      <TestMethod codeBase="C:\Projects\ai-de-feature-xh-p2-producers\tests\AiDe.Core.Tests\bin\Debug\net10.0\AiDe.Core.Tests.dll" adapterTypeName="executor://xunit/VsTestRunner3/netcore/" className="AiDe.Core.Tests.Watcher.CoordinationProducerTests" name="Register_OrdinaryLifecycle_RecordsOneRegisterHeartbeatAndEnd" />
    </UnitTest>
    <UnitTest name="AiDe.Core.Tests.Watcher.CoordinationProducerTests.WriteHeartbeat_RootAlreadyHas128Files_RefusesFile129" storage="c:\projects\ai-de-feature-xh-p2-producers\tests\aide.core.tests\bin\debug\net10.0\aide.core.tests.dll" id="fc3a0066-c1ad-ea9a-4efe-35a074397784">
      <Execution id="9af71a16-5a42-4635-a72b-ed9a1d7e4098" />
      <TestMethod codeBase="C:\Projects\ai-de-feature-xh-p2-producers\tests\AiDe.Core.Tests\bin\Debug\net10.0\AiDe.Core.Tests.dll" adapterTypeName="executor://xunit/VsTestRunner3/netcore/" className="AiDe.Core.Tests.Watcher.CoordinationProducerTests" name="WriteHeartbeat_RootAlreadyHas128Files_RefusesFile129" />
    </UnitTest>
    <UnitTest name="AiDe.Core.Tests.Watcher.CoordinationProducerTests.Write_CompleteEncodedLineAt64KiB_AcceptsExactlyTheBound(glyph: 'A')" storage="c:\projects\ai-de-feature-xh-p2-producers\tests\aide.core.tests\bin\debug\net10.0\aide.core.tests.dll" id="54d5194c-f772-c9eb-cf23-e0b7e57b5f35">
      <Execution id="85e48ba1-e3e9-48c3-9431-2b399deda169" />
      <TestMethod codeBase="C:\Projects\ai-de-feature-xh-p2-producers\tests\AiDe.Core.Tests\bin\Debug\net10.0\AiDe.Core.Tests.dll" adapterTypeName="executor://xunit/VsTestRunner3/netcore/" className="AiDe.Core.Tests.Watcher.CoordinationProducerTests" name="Write_CompleteEncodedLineAt64KiB_AcceptsExactlyTheBound" />
    </UnitTest>
    <UnitTest name="AiDe.Core.Tests.Watcher.CoordinationProducerTests.Write_CompleteEncodedLineAt64KiB_AcceptsExactlyTheBound(glyph: 'é')" storage="c:\projects\ai-de-feature-xh-p2-producers\tests\aide.core.tests\bin\debug\net10.0\aide.core.tests.dll" id="c702d844-fe94-959e-0aec-9356d406edd9">
      <Execution id="0d007f34-b607-41c0-ade6-f97fc9a45614" />
      <TestMethod codeBase="C:\Projects\ai-de-feature-xh-p2-producers\tests\AiDe.Core.Tests\bin\Debug\net10.0\AiDe.Core.Tests.dll" adapterTypeName="executor://xunit/VsTestRunner3/netcore/" className="AiDe.Core.Tests.Watcher.CoordinationProducerTests" name="Write_CompleteEncodedLineAt64KiB_AcceptsExactlyTheBound" />
    </UnitTest>
    <UnitTest name="AiDe.Core.Tests.Watcher.CoordinationProducerTests.Register_OtherSessionAppendDenied_IndependentSessionStillCompletes" storage="c:\projects\ai-de-feature-xh-p2-producers\tests\aide.core.tests\bin\debug\net10.0\aide.core.tests.dll" id="f9b0247d-4bf8-0a96-71f3-1925b4eeb6d8">
      <Execution id="a4dea4bf-7dc0-4b6f-bccb-1f8bea854c2b" />
      <TestMethod codeBase="C:\Projects\ai-de-feature-xh-p2-producers\tests\AiDe.Core.Tests\bin\Debug\net10.0\AiDe.Core.Tests.dll" adapterTypeName="executor://xunit/VsTestRunner3/netcore/" className="AiDe.Core.Tests.Watcher.CoordinationProducerTests" name="Register_OtherSessionAppendDenied_IndependentSessionStillCompletes" />
    </UnitTest>
    <UnitTest name="AiDe.Core.Tests.Watcher.CoordinationProducerTests.Register_PausedAppend_ConcurrentDuplicateRegistersOnce" storage="c:\projects\ai-de-feature-xh-p2-producers\tests\aide.core.tests\bin\debug\net10.0\aide.core.tests.dll" id="8797cbcf-8cd0-b315-4e82-2ed8ea03959a">
      <Execution id="bbff863f-b71d-416f-8188-e71751b59839" />
      <TestMethod codeBase="C:\Projects\ai-de-feature-xh-p2-producers\tests\AiDe.Core.Tests\bin\Debug\net10.0\AiDe.Core.Tests.dll" adapterTypeName="executor://xunit/VsTestRunner3/netcore/" className="AiDe.Core.Tests.Watcher.CoordinationProducerTests" name="Register_PausedAppend_ConcurrentDuplicateRegistersOnce" />
    </UnitTest>
    <UnitTest name="AiDe.Core.Tests.Watcher.CoordinationProducerTests.HeartbeatAll_PausedAppend_ConcurrentEndCannotPrecedeHeartbeat" storage="c:\projects\ai-de-feature-xh-p2-producers\tests\aide.core.tests\bin\debug\net10.0\aide.core.tests.dll" id="79f606fe-0340-49e4-edf1-8326f4fd7322">
      <Execution id="a24aa54f-b84d-4d99-b050-9fd3dce696b1" />
      <TestMethod codeBase="C:\Projects\ai-de-feature-xh-p2-producers\tests\AiDe.Core.Tests\bin\Debug\net10.0\AiDe.Core.Tests.dll" adapterTypeName="executor://xunit/VsTestRunner3/netcore/" className="AiDe.Core.Tests.Watcher.CoordinationProducerTests" name="HeartbeatAll_PausedAppend_ConcurrentEndCannotPrecedeHeartbeat" />
    </UnitTest>
    <UnitTest name="AiDe.Core.Tests.Watcher.CoordinationProducerTests.Register_RepeatedFailedFirstRegistrations_ReclaimsEverySessionGate" storage="c:\projects\ai-de-feature-xh-p2-producers\tests\aide.core.tests\bin\debug\net10.0\aide.core.tests.dll" id="eb48cdaf-bc11-336b-05c9-3cc28ff0e06a">
      <Execution id="84d4b296-8cee-4f74-acf6-3c1dcf9a951c" />
      <TestMethod codeBase="C:\Projects\ai-de-feature-xh-p2-producers\tests\AiDe.Core.Tests\bin\Debug\net10.0\AiDe.Core.Tests.dll" adapterTypeName="executor://xunit/VsTestRunner3/netcore/" className="AiDe.Core.Tests.Watcher.CoordinationProducerTests" name="Register_RepeatedFailedFirstRegistrations_ReclaimsEverySessionGate" />
    </UnitTest>
  </TestDefinitions>
  <TestEntries>
    <TestEntry testId="8797cbcf-8cd0-b315-4e82-2ed8ea03959a" executionId="bbff863f-b71d-416f-8188-e71751b59839" testListId="8c84fa94-04c1-424b-9868-57a2d4851a1d" />
    <TestEntry testId="f9b0247d-4bf8-0a96-71f3-1925b4eeb6d8" executionId="a4dea4bf-7dc0-4b6f-bccb-1f8bea854c2b" testListId="8c84fa94-04c1-424b-9868-57a2d4851a1d" />
    <TestEntry testId="c5146fd8-174e-b00f-fec0-566305d6e12a" executionId="566dcb76-094c-4297-8739-cfb52eee5e80" testListId="8c84fa94-04c1-424b-9868-57a2d4851a1d" />
    <TestEntry testId="5d1cf3ec-0db5-6f86-aa06-7ddb8bf9293b" executionId="952b01f6-152f-414e-abe1-ce9eb2d2e333" testListId="8c84fa94-04c1-424b-9868-57a2d4851a1d" />
    <TestEntry testId="79f606fe-0340-49e4-edf1-8326f4fd7322" executionId="a24aa54f-b84d-4d99-b050-9fd3dce696b1" testListId="8c84fa94-04c1-424b-9868-57a2d4851a1d" />
    <TestEntry testId="5bac2949-61b9-f7c6-d2e4-688c29b67c46" executionId="52e9c42a-bf24-4f3d-a9cc-bafd0286907c" testListId="8c84fa94-04c1-424b-9868-57a2d4851a1d" />
    <TestEntry testId="6f07f9d9-aee4-3e36-a0b0-c27768bd235a" executionId="d7835d0f-bcfb-451a-a604-4537527db755" testListId="8c84fa94-04c1-424b-9868-57a2d4851a1d" />
    <TestEntry testId="c702d844-fe94-959e-0aec-9356d406edd9" executionId="0d007f34-b607-41c0-ade6-f97fc9a45614" testListId="8c84fa94-04c1-424b-9868-57a2d4851a1d" />
    <TestEntry testId="695060bd-8a47-20f2-078b-87719a729003" executionId="bef9da19-c91b-48c6-b7bd-65e6f14053f5" testListId="8c84fa94-04c1-424b-9868-57a2d4851a1d" />
    <TestEntry testId="52a2a528-2d85-7849-e4cd-1797015da491" executionId="0e0148a8-aa69-4616-9fde-8ca689021003" testListId="8c84fa94-04c1-424b-9868-57a2d4851a1d" />
    <TestEntry testId="e3042e1b-1946-092d-0f72-43b035fc64ce" executionId="015d505c-8a3f-4fee-8218-73f21aeebf9b" testListId="8c84fa94-04c1-424b-9868-57a2d4851a1d" />
    <TestEntry testId="54d5194c-f772-c9eb-cf23-e0b7e57b5f35" executionId="85e48ba1-e3e9-48c3-9431-2b399deda169" testListId="8c84fa94-04c1-424b-9868-57a2d4851a1d" />
    <TestEntry testId="fc3a0066-c1ad-ea9a-4efe-35a074397784" executionId="9af71a16-5a42-4635-a72b-ed9a1d7e4098" testListId="8c84fa94-04c1-424b-9868-57a2d4851a1d" />
    <TestEntry testId="9429f04d-506e-5181-158f-913c59184dbd" executionId="79b197b2-07f4-4080-bed5-dd886ab231b9" testListId="8c84fa94-04c1-424b-9868-57a2d4851a1d" />
    <TestEntry testId="e14681a0-bd2a-7068-ef30-2afd97ff685c" executionId="cd4ea24e-5dfb-4aad-acb0-0ed3a66a3c82" testListId="8c84fa94-04c1-424b-9868-57a2d4851a1d" />
    <TestEntry testId="eb48cdaf-bc11-336b-05c9-3cc28ff0e06a" executionId="84d4b296-8cee-4f74-acf6-3c1dcf9a951c" testListId="8c84fa94-04c1-424b-9868-57a2d4851a1d" />
    <TestEntry testId="e5adf78c-c56c-430f-1e34-a1f03bda4907" executionId="3c17046e-0eb0-4575-bf15-6c1fcae2cb7b" testListId="8c84fa94-04c1-424b-9868-57a2d4851a1d" />
  </TestEntries>
  <TestLists>
    <TestList name="Results Not in a List" id="8c84fa94-04c1-424b-9868-57a2d4851a1d" />
    <TestList name="All Loaded Results" id="19431567-8539-422a-85d7-44ee4e166bda" />
  </TestLists>
  <ResultSummary outcome="Failed">
    <Counters total="17" executed="17" passed="13" failed="4" error="0" timeout="0" aborted="0" inconclusive="0" passedButRunAborted="0" notRunnable="0" notExecuted="0" disconnected="0" warning="0" completed="0" inProgress="0" pending="0" />
    <Output>
      <StdOut>[xUnit.net 00:00:00.00] xUnit.net VSTest Adapter v3.1.4+50e68bbb8b (64-bit .NET 10.0.11)&#xD;
[xUnit.net 00:00:00.08]   Discovering: AiDe.Core.Tests&#xD;
[xUnit.net 00:00:00.27]   Discovered:  AiDe.Core.Tests&#xD;
[xUnit.net 00:00:00.29]   Starting:    AiDe.Core.Tests&#xD;
[xUnit.net 00:00:00.34]       Assert.Equal() Failure: Values differ&#xD;
[xUnit.net 00:00:00.34]       Expected: 0&#xD;
[xUnit.net 00:00:00.34]       Actual:   65537&#xD;
[xUnit.net 00:00:00.34]       Stack Trace:&#xD;
[xUnit.net 00:00:00.34]         C:\Projects\ai-de-feature-xh-p2-producers\tests\AiDe.Core.Tests\Watcher\CoordinationProducerTests.cs(358,0): at AiDe.Core.Tests.Watcher.CoordinationProducerTests.Write_CompleteEncodedLine64KiBPlusOne_RefusesWithoutAcceptedBytes(Char glyph)&#xD;
[xUnit.net 00:00:00.34]            at System.Reflection.MethodBaseInvoker.InterpretedInvoke_Method(Object obj, IntPtr* args)&#xD;
[xUnit.net 00:00:00.34]            at System.Reflection.MethodBaseInvoker.InvokeDirectByRefWithFewArgs(Object obj, Span`1 copyOfArgs, BindingFlags invokeAttr)&#xD;
[xUnit.net 00:00:00.34]       Output:&#xD;
[xUnit.net 00:00:00.34]         glyph=U+0041; candidateCompleteLineBytes=65537; acceptedBytes=65537; refusal=none&#xD;
[xUnit.net 00:00:00.35]       Assert.Equal() Failure: Values differ&#xD;
[xUnit.net 00:00:00.35]       Expected: 0&#xD;
[xUnit.net 00:00:00.35]       Actual:   65537&#xD;
[xUnit.net 00:00:00.35]       Stack Trace:&#xD;
[xUnit.net 00:00:00.35]         C:\Projects\ai-de-feature-xh-p2-producers\tests\AiDe.Core.Tests\Watcher\CoordinationProducerTests.cs(358,0): at AiDe.Core.Tests.Watcher.CoordinationProducerTests.Write_CompleteEncodedLine64KiBPlusOne_RefusesWithoutAcceptedBytes(Char glyph)&#xD;
[xUnit.net 00:00:00.35]            at InvokeStub_CoordinationProducerTests.Write_CompleteEncodedLine64KiBPlusOne_RefusesWithoutAcceptedBytes(Object, Span`1)&#xD;
[xUnit.net 00:00:00.35]            at System.Reflection.MethodBaseInvoker.InvokeWithOneArg(Object obj, BindingFlags invokeAttr, Binder binder, Object[] parameters, CultureInfo culture)&#xD;
[xUnit.net 00:00:00.35]       Output:&#xD;
[xUnit.net 00:00:00.35]         glyph=U+00E9; candidateCompleteLineBytes=65537; acceptedBytes=65537; refusal=none&#xD;
[xUnit.net 00:00:00.49]       Assert.Equal() Failure: Values differ&#xD;
[xUnit.net 00:00:00.49]       Expected: 128&#xD;
[xUnit.net 00:00:00.49]       Actual:   129&#xD;
[xUnit.net 00:00:00.49]       Stack Trace:&#xD;
[xUnit.net 00:00:00.49]         C:\Projects\ai-de-feature-xh-p2-producers\tests\AiDe.Core.Tests\Watcher\CoordinationProducerTests.cs(376,0): at AiDe.Core.Tests.Watcher.CoordinationProducerTests.WriteHeartbeat_RootAlreadyHas128Files_RefusesFile129()&#xD;
[xUnit.net 00:00:00.49]            at System.Reflection.MethodBaseInvoker.InterpretedInvoke_Method(Object obj, IntPtr* args)&#xD;
[xUnit.net 00:00:00.49]            at System.Reflection.MethodBaseInvoker.InvokeWithNoArgs(Object obj, BindingFlags invokeAttr)&#xD;
[xUnit.net 00:00:00.49]       Output:&#xD;
[xUnit.net 00:00:00.49]         rootFilesBefore=128; rootFilesAfter=129; acceptedBytes=92; refusal=none&#xD;
[xUnit.net 00:00:00.55]       Assert.Equal() Failure: Values differ&#xD;
[xUnit.net 00:00:00.55]       Expected: 33554432&#xD;
[xUnit.net 00:00:00.55]       Actual:   33554524&#xD;
[xUnit.net 00:00:00.55]       Stack Trace:&#xD;
[xUnit.net 00:00:00.55]         C:\Projects\ai-de-feature-xh-p2-producers\tests\AiDe.Core.Tests\Watcher\CoordinationProducerTests.cs(398,0): at AiDe.Core.Tests.Watcher.CoordinationProducerTests.WriteHeartbeat_RootAlreadyHas32MiB_RefusesWithoutChangingExistingBytes()&#xD;
[xUnit.net 00:00:00.55]            at System.Reflection.MethodBaseInvoker.InterpretedInvoke_Method(Object obj, IntPtr* args)&#xD;
[xUnit.net 00:00:00.55]            at System.Reflection.MethodBaseInvoker.InvokeWithNoArgs(Object obj, BindingFlags invokeAttr)&#xD;
[xUnit.net 00:00:00.55]       Output:&#xD;
[xUnit.net 00:00:00.55]         rootBytesBefore=33554432; rootBytesAfter=33554524; acceptedBytes=92; refusal=none&#xD;
[xUnit.net 00:00:00.59]   Finished:    AiDe.Core.Tests&#xD;
</StdOut>
    </Output>
    <RunInfos>
      <RunInfo computerName="TIMMALLSTRIX" outcome="Error" timestamp="2026-09-16T17:35:51.5779801-07:00">
        <Text>[xUnit.net 00:00:00.34]     AiDe.Core.Tests.Watcher.CoordinationProducerTests.Write_CompleteEncodedLine64KiBPlusOne_RefusesWithoutAcceptedBytes(glyph: 'A') [FAIL]</Text>
      </RunInfo>
      <RunInfo computerName="TIMMALLSTRIX" outcome="Error" timestamp="2026-09-16T17:35:51.5842030-07:00">
        <Text>[xUnit.net 00:00:00.35]     AiDe.Core.Tests.Watcher.CoordinationProducerTests.Write_CompleteEncodedLine64KiBPlusOne_RefusesWithoutAcceptedBytes(glyph: 'é') [FAIL]</Text>
      </RunInfo>
      <RunInfo computerName="TIMMALLSTRIX" outcome="Error" timestamp="2026-09-16T17:35:51.7281859-07:00">
        <Text>[xUnit.net 00:00:00.49]     AiDe.Core.Tests.Watcher.CoordinationProducerTests.WriteHeartbeat_RootAlreadyHas128Files_RefusesFile129 [FAIL]</Text>
      </RunInfo>
      <RunInfo computerName="TIMMALLSTRIX" outcome="Error" timestamp="2026-09-16T17:35:51.7796909-07:00">
        <Text>[xUnit.net 00:00:00.54]     AiDe.Core.Tests.Watcher.CoordinationProducerTests.WriteHeartbeat_RootAlreadyHas32MiB_RefusesWithoutChangingExistingBytes [FAIL]</Text>
      </RunInfo>
    </RunInfos>
  </ResultSummary>
</TestRun>