<?xml version="1.0" encoding="utf-8"?>
<TestRun id="556582a5-7d5a-4e2e-9ba3-ea14767bbb99" name="malla@TIMMALLSTRIX 2026-09-16 15:33:22" runUser="TIMMALLSTRIX\malla" xmlns="http://microsoft.com/schemas/VisualStudio/TeamTest/2010">
  <Times creation="2026-09-16T15:33:22.0262653-07:00" queuing="2026-09-16T15:33:22.0262654-07:00" start="2026-09-16T15:33:21.2255998-07:00" finish="2026-09-16T15:33:52.7298570-07:00" />
  <TestSettings name="default" id="27d9e6d4-faa9-4e44-abb7-bd21a659dde2">
    <Deployment runDeploymentRoot="malla_TIMMALLSTRIX_2026-09-16_15_33_22" />
  </TestSettings>
  <Results>
    <UnitTestResult executionId="2a95cee1-9347-43a5-b555-416840ad1793" testId="5b6b586d-4b16-de80-d868-52aa5a41459b" testName="AiDe.Core.Tests.Watcher.CoordinationFeedTests.Read_ConcurrentWriterAfterBinding_UsesOneSnapshotForMaximumAndRows" computerName="TIMMALLSTRIX" duration="00:00:00.0175523" startTime="2026-09-16T15:33:22.4714493-07:00" endTime="2026-09-16T15:33:22.4885905-07:00" testType="13cdc9d9-ddb5-4fa4-a97d-d965ccfc6d4b" outcome="Passed" testListId="8c84fa94-04c1-424b-9868-57a2d4851a1d" relativeResultsDirectory="2a95cee1-9347-43a5-b555-416840ad1793" />
    <UnitTestResult executionId="079a58ca-7e15-4f77-9f23-47ff361daad5" testId="4493b2b1-4152-14ef-14cc-8791a21c447c" testName="AiDe.Core.Tests.Watcher.CoordinationFeedTests.Read_OtherSourceReceiptOrToken_IsNotASnapshotOfThisSource" computerName="TIMMALLSTRIX" duration="00:00:00.0195603" startTime="2026-09-16T15:33:22.0081310-07:00" endTime="2026-09-16T15:33:22.0122865-07:00" testType="13cdc9d9-ddb5-4fa4-a97d-d965ccfc6d4b" outcome="Passed" testListId="8c84fa94-04c1-424b-9868-57a2d4851a1d" relativeResultsDirectory="079a58ca-7e15-4f77-9f23-47ff361daad5" />
    <UnitTestResult executionId="a82c852d-f3a7-4bdc-bc06-9096897aa9a4" testId="57da43c8-de48-1901-0155-e4333e81d739" testName="AiDe.Core.Tests.Watcher.CoordinationFeedTests.Read_EmptyBound_LimitAndAbsenceAreDistinct(limit: 201, expected: InvalidRequest)" computerName="TIMMALLSTRIX" duration="00:00:00.0102776" startTime="2026-09-16T15:33:22.0856742-07:00" endTime="2026-09-16T15:33:22.0959205-07:00" testType="13cdc9d9-ddb5-4fa4-a97d-d965ccfc6d4b" outcome="Passed" testListId="8c84fa94-04c1-424b-9868-57a2d4851a1d" relativeResultsDirectory="a82c852d-f3a7-4bdc-bc06-9096897aa9a4" />
    <UnitTestResult executionId="619b1914-16b7-4d55-a448-f510dfd015f9" testId="c2b98c9a-a436-a15f-3351-88c41b97b09f" testName="AiDe.Core.Tests.Watcher.CoordinationFeedTests.Binding_ImmutableDimensions_RefuseUpdate(assignment: &quot;public_source_id='other'&quot;)" computerName="TIMMALLSTRIX" duration="00:00:00.0128367" startTime="2026-09-16T15:33:22.0263809-07:00" endTime="2026-09-16T15:33:22.0391836-07:00" testType="13cdc9d9-ddb5-4fa4-a97d-d965ccfc6d4b" outcome="Passed" testListId="8c84fa94-04c1-424b-9868-57a2d4851a1d" relativeResultsDirectory="619b1914-16b7-4d55-a448-f510dfd015f9" />
    <UnitTestResult executionId="bf346b2f-3e64-4901-9ca3-18abf8761918" testId="ecd79b5d-a1dd-a0e4-d15c-326fe7945294" testName="AiDe.Core.Tests.Watcher.CoordinationFeedTests.Read_InvalidCursor_RejectsTyped(version: &quot;coordination-read/1&quot;, epoch: &quot;wrong&quot;, after: 0, high: null, expected: Reset)" computerName="TIMMALLSTRIX" duration="00:00:00.0099380" startTime="2026-09-16T15:33:21.9094365-07:00" endTime="2026-09-16T15:33:21.9193789-07:00" testType="13cdc9d9-ddb5-4fa4-a97d-d965ccfc6d4b" outcome="Passed" testListId="8c84fa94-04c1-424b-9868-57a2d4851a1d" relativeResultsDirectory="bf346b2f-3e64-4901-9ca3-18abf8761918" />
    <UnitTestResult executionId="3ff035a9-e33d-44f8-90cd-08397c9fd4cb" testId="dc6de9d8-6878-1d7f-5498-e1ed1a82f30c" testName="AiDe.Core.Tests.Watcher.CoordinationFeedTests.Binding_ValidOffsetAdvanceCannotHideRebinding(assignment: &quot;public_source_id='other'&quot;)" computerName="TIMMALLSTRIX" duration="00:00:00.0134214" startTime="2026-09-16T15:33:22.1379351-07:00" endTime="2026-09-16T15:33:22.1513969-07:00" testType="13cdc9d9-ddb5-4fa4-a97d-d965ccfc6d4b" outcome="Passed" testListId="8c84fa94-04c1-424b-9868-57a2d4851a1d" relativeResultsDirectory="3ff035a9-e33d-44f8-90cd-08397c9fd4cb" />
    <UnitTestResult executionId="ecd86e84-3f0b-4173-be5a-8a9708ba8e96" testId="5f266ec4-a2fc-5e01-8cfd-f41aaa1176b5" testName="AiDe.Core.Tests.Watcher.CoordinationFeedTests.FreshSchema_BoundEmptyCheckpoint_AcceptsOnlyEmptyDigest" computerName="TIMMALLSTRIX" duration="00:00:00.0126890" startTime="2026-09-16T15:33:22.4583163-07:00" endTime="2026-09-16T15:33:22.4709515-07:00" testType="13cdc9d9-ddb5-4fa4-a97d-d965ccfc6d4b" outcome="Passed" testListId="8c84fa94-04c1-424b-9868-57a2d4851a1d" relativeResultsDirectory="ecd86e84-3f0b-4173-be5a-8a9708ba8e96" />
    <UnitTestResult executionId="97c4f695-2d8b-419a-9f68-fab5f5c376f6" testId="fa684335-67ab-77f0-4f28-4dd3d0a7970f" testName="AiDe.Core.Tests.Watcher.CoordinationFeedTests.Read_EmptyBound_LimitAndAbsenceAreDistinct(limit: 1, expected: Available)" computerName="TIMMALLSTRIX" duration="00:00:00.0114874" startTime="2026-09-16T15:33:22.1073145-07:00" endTime="2026-09-16T15:33:22.1176848-07:00" testType="13cdc9d9-ddb5-4fa4-a97d-d965ccfc6d4b" outcome="Passed" testListId="8c84fa94-04c1-424b-9868-57a2d4851a1d" relativeResultsDirectory="97c4f695-2d8b-419a-9f68-fab5f5c376f6" />
    <UnitTestResult executionId="2678233e-28d4-4309-84d9-45d08f7136cd" testId="3e2c0e96-27c8-010f-07b9-35691177dd11" testName="AiDe.Core.Tests.Watcher.CoordinationFeedTests.FreshSchema_CheckpointBinding_HasExactlyThreeNullableColumns" computerName="TIMMALLSTRIX" duration="00:00:00.0104489" startTime="2026-09-16T15:33:22.1273948-07:00" endTime="2026-09-16T15:33:22.1378247-07:00" testType="13cdc9d9-ddb5-4fa4-a97d-d965ccfc6d4b" outcome="Passed" testListId="8c84fa94-04c1-424b-9868-57a2d4851a1d" relativeResultsDirectory="2678233e-28d4-4309-84d9-45d08f7136cd" />
    <UnitTestResult executionId="f451c7f4-2762-49a9-95f5-e6d4ef708b66" testId="85f50e25-7d73-5520-9617-34a86069af73" testName="AiDe.Core.Tests.Watcher.CoordinationFeedTests.Read_InvalidCursor_RejectsTyped(version: &quot;wrong&quot;, epoch: &quot;legacy-native-1&quot;, after: 0, high: null, expected: Reset)" computerName="TIMMALLSTRIX" duration="00:00:00.0166752" startTime="2026-09-16T15:33:21.8680310-07:00" endTime="2026-09-16T15:33:21.8793443-07:00" testType="13cdc9d9-ddb5-4fa4-a97d-d965ccfc6d4b" outcome="Passed" testListId="8c84fa94-04c1-424b-9868-57a2d4851a1d" relativeResultsDirectory="f451c7f4-2762-49a9-95f5-e6d4ef708b66" />
    <UnitTestResult executionId="7e9ffcd9-3e68-412d-a894-d1f659c81a63" testId="fa7af7c6-90b1-3b3a-acf3-7d4528c79ee7" testName="AiDe.Core.Tests.Watcher.CoordinationFeedTests.Read_StorageFailure_IsTypedUnavailableAndEmitsSafeSpan" computerName="TIMMALLSTRIX" duration="00:00:00.0147228" startTime="2026-09-16T15:33:52.6751790-07:00" endTime="2026-09-16T15:33:52.6895219-07:00" testType="13cdc9d9-ddb5-4fa4-a97d-d965ccfc6d4b" outcome="Passed" testListId="8c84fa94-04c1-424b-9868-57a2d4851a1d" relativeResultsDirectory="7e9ffcd9-3e68-412d-a894-d1f659c81a63" />
    <UnitTestResult executionId="d26a8337-a258-4f99-a45b-90e4eab1d127" testId="9d0b0793-bd0e-bf2c-02d4-415ae0fdacfd" testName="AiDe.Core.Tests.Watcher.CoordinationFeedTests.Read_Interleaved401Receipts_Freezes2002001ThenResumesNewTombstone" computerName="TIMMALLSTRIX" duration="00:00:00.2621926" startTime="2026-09-16T15:33:22.1960280-07:00" endTime="2026-09-16T15:33:22.4581949-07:00" testType="13cdc9d9-ddb5-4fa4-a97d-d965ccfc6d4b" outcome="Passed" testListId="8c84fa94-04c1-424b-9868-57a2d4851a1d" relativeResultsDirectory="d26a8337-a258-4f99-a45b-90e4eab1d127" />
    <UnitTestResult executionId="ddd96251-79ef-4b98-993c-6eaa0c20076f" testId="8a4daa60-294b-642f-6d86-730504651a0a" testName="AiDe.Core.Tests.Watcher.CoordinationFeedTests.Binding_ImmutableDimensions_RefuseUpdate(assignment: &quot;bound_repository_key='other'&quot;)" computerName="TIMMALLSTRIX" duration="00:00:00.0117967" startTime="2026-09-16T15:33:22.0392778-07:00" endTime="2026-09-16T15:33:22.0511037-07:00" testType="13cdc9d9-ddb5-4fa4-a97d-d965ccfc6d4b" outcome="Passed" testListId="8c84fa94-04c1-424b-9868-57a2d4851a1d" relativeResultsDirectory="ddd96251-79ef-4b98-993c-6eaa0c20076f" />
    <UnitTestResult executionId="9cc517f5-354e-492a-b78e-a4723cc38827" testId="f6b62018-098a-5116-228e-274379bcb5b9" testName="AiDe.Core.Tests.Watcher.CoordinationFeedTests.Read_EmptyBound_LimitAndAbsenceAreDistinct(limit: 0, expected: InvalidRequest)" computerName="TIMMALLSTRIX" duration="00:00:00.0101303" startTime="2026-09-16T15:33:22.0960089-07:00" endTime="2026-09-16T15:33:22.1061197-07:00" testType="13cdc9d9-ddb5-4fa4-a97d-d965ccfc6d4b" outcome="Passed" testListId="8c84fa94-04c1-424b-9868-57a2d4851a1d" relativeResultsDirectory="9cc517f5-354e-492a-b78e-a4723cc38827" />
    <UnitTestResult executionId="fa96e716-b8ed-4e80-bd7f-be413e9981ad" testId="0231fdac-ead5-8cc9-de59-3f2cc193e66a" testName="AiDe.Core.Tests.Watcher.CoordinationFeedTests.Read_InvalidCursor_RejectsTyped(version: &quot;coordination-read/1&quot;, epoch: &quot;legacy-native-1&quot;, after: -1, high: null, expected: InvalidRequest)" computerName="TIMMALLSTRIX" duration="00:00:00.0091135" startTime="2026-09-16T15:33:21.8907179-07:00" endTime="2026-09-16T15:33:21.8997857-07:00" testType="13cdc9d9-ddb5-4fa4-a97d-d965ccfc6d4b" outcome="Passed" testListId="8c84fa94-04c1-424b-9868-57a2d4851a1d" relativeResultsDirectory="fa96e716-b8ed-4e80-bd7f-be413e9981ad" />
    <UnitTestResult executionId="fe438a74-81aa-4495-963e-93614da18ad7" testId="0fb145d3-f507-3a16-598e-e5674cb709f2" testName="AiDe.Core.Tests.Watcher.CoordinationFeedTests.Read_EmptyBound_LimitAndAbsenceAreDistinct(limit: 200, expected: Available)" computerName="TIMMALLSTRIX" duration="00:00:00.0095153" startTime="2026-09-16T15:33:22.1178012-07:00" endTime="2026-09-16T15:33:22.1272630-07:00" testType="13cdc9d9-ddb5-4fa4-a97d-d965ccfc6d4b" outcome="Passed" testListId="8c84fa94-04c1-424b-9868-57a2d4851a1d" relativeResultsDirectory="fe438a74-81aa-4495-963e-93614da18ad7" />
    <UnitTestResult executionId="86ed26b9-6701-4916-87fd-19e0396c87de" testId="e8d1ebe8-9538-02b8-2788-8cf79495ef44" testName="AiDe.Core.Tests.Watcher.CoordinationFeedTests.Binding_ValidOffsetAdvanceCannotHideRebinding(assignment: &quot;bound_repository_key='other'&quot;)" computerName="TIMMALLSTRIX" duration="00:00:00.0155085" startTime="2026-09-16T15:33:22.1515418-07:00" endTime="2026-09-16T15:33:22.1669425-07:00" testType="13cdc9d9-ddb5-4fa4-a97d-d965ccfc6d4b" outcome="Passed" testListId="8c84fa94-04c1-424b-9868-57a2d4851a1d" relativeResultsDirectory="86ed26b9-6701-4916-87fd-19e0396c87de" />
    <UnitTestResult executionId="d7fd4210-189c-4846-9711-dd85e3a5168e" testId="0a177e15-12f4-3ede-98c9-ee20d2533290" testName="AiDe.Core.Tests.Watcher.CoordinationFeedTests.Binding_LegacyOrContradictorySource_IsNeverBackfilledOrApplied" computerName="TIMMALLSTRIX" duration="00:00:00.0278662" startTime="2026-09-16T15:33:22.4996528-07:00" endTime="2026-09-16T15:33:22.5275169-07:00" testType="13cdc9d9-ddb5-4fa4-a97d-d965ccfc6d4b" outcome="Passed" testListId="8c84fa94-04c1-424b-9868-57a2d4851a1d" relativeResultsDirectory="d7fd4210-189c-4846-9711-dd85e3a5168e" />
    <UnitTestResult executionId="3edebff9-d90f-4bd1-926f-8a4079f42d18" testId="d407debd-3324-0321-0d6e-936764885385" testName="AiDe.Core.Tests.Watcher.CoordinationFeedTests.Binding_PartialOrHashCollision_RefusesInsteadOfMerging" computerName="TIMMALLSTRIX" duration="00:00:00.0143269" startTime="2026-09-16T15:33:22.1815981-07:00" endTime="2026-09-16T15:33:22.1958789-07:00" testType="13cdc9d9-ddb5-4fa4-a97d-d965ccfc6d4b" outcome="Passed" testListId="8c84fa94-04c1-424b-9868-57a2d4851a1d" relativeResultsDirectory="3edebff9-d90f-4bd1-926f-8a4079f42d18" />
    <UnitTestResult executionId="1b8a3113-1193-43b0-bc42-67df70a2a426" testId="09f96e84-d492-1b80-5e8c-7be3f67b377c" testName="AiDe.Core.Tests.Watcher.CoordinationFeedTests.Read_InvalidCursor_RejectsTyped(version: &quot;coordination-read/1&quot;, epoch: &quot;legacy-native-1&quot;, after: 1, high: 0, expected: InvalidRequest)" computerName="TIMMALLSTRIX" duration="00:00:00.0099083" startTime="2026-09-16T15:33:21.9194748-07:00" endTime="2026-09-16T15:33:21.9293455-07:00" testType="13cdc9d9-ddb5-4fa4-a97d-d965ccfc6d4b" outcome="Passed" testListId="8c84fa94-04c1-424b-9868-57a2d4851a1d" relativeResultsDirectory="1b8a3113-1193-43b0-bc42-67df70a2a426" />
    <UnitTestResult executionId="953eeb09-c61c-491b-a73a-2495330a21f6" testId="b81f90e9-9707-c3f8-1baa-841d56850dfc" testName="AiDe.Core.Tests.Watcher.CoordinationFeedTests.Read_InvalidCursor_RejectsTyped(version: &quot;coordination-read/1&quot;, epoch: &quot;legacy-native-1&quot;, after: 0, high: 9999, expected: InvalidRequest)" computerName="TIMMALLSTRIX" duration="00:00:00.0112167" startTime="2026-09-16T15:33:21.8798257-07:00" endTime="2026-09-16T15:33:21.8906218-07:00" testType="13cdc9d9-ddb5-4fa4-a97d-d965ccfc6d4b" outcome="Passed" testListId="8c84fa94-04c1-424b-9868-57a2d4851a1d" relativeResultsDirectory="953eeb09-c61c-491b-a73a-2495330a21f6" />
    <UnitTestResult executionId="38ff9739-aa62-47a5-a713-7b7549b4013b" testId="cdd853d8-3524-5459-f262-9b02493d342a" testName="AiDe.Core.Tests.Watcher.CoordinationFeedTests.Binding_ImmutableDimensions_RefuseUpdate(assignment: &quot;scope='other'&quot;)" computerName="TIMMALLSTRIX" duration="00:00:00.0115427" startTime="2026-09-16T15:33:22.0512051-07:00" endTime="2026-09-16T15:33:22.0626944-07:00" testType="13cdc9d9-ddb5-4fa4-a97d-d965ccfc6d4b" outcome="Passed" testListId="8c84fa94-04c1-424b-9868-57a2d4851a1d" relativeResultsDirectory="38ff9739-aa62-47a5-a713-7b7549b4013b" />
    <UnitTestResult executionId="2c93f48d-d7f6-4b82-ace9-bd93fde3bb0d" testId="91fdea1d-c614-86c8-3974-d3e5565c3a28" testName="AiDe.Core.Tests.Watcher.CoordinationFeedTests.Binding_ImmutableDimensions_RefuseUpdate(assignment: &quot;epoch='other'&quot;)" computerName="TIMMALLSTRIX" duration="00:00:00.0113497" startTime="2026-09-16T15:33:22.0627851-07:00" endTime="2026-09-16T15:33:22.0741148-07:00" testType="13cdc9d9-ddb5-4fa4-a97d-d965ccfc6d4b" outcome="Passed" testListId="8c84fa94-04c1-424b-9868-57a2d4851a1d" relativeResultsDirectory="2c93f48d-d7f6-4b82-ace9-bd93fde3bb0d" />
    <UnitTestResult executionId="299745cc-fd4e-45ed-84aa-8bd69c14e764" testId="a96c533f-0afe-c600-7137-219729117324" testName="AiDe.Core.Tests.Watcher.CoordinationFeedTests.Read_InvalidCursor_RejectsTyped(version: &quot;coordination-read/1&quot;, epoch: &quot;legacy-native-1&quot;, after: 0, high: -1, expected: InvalidRequest)" computerName="TIMMALLSTRIX" duration="00:00:00.0094872" startTime="2026-09-16T15:33:21.8998665-07:00" endTime="2026-09-16T15:33:21.9093428-07:00" testType="13cdc9d9-ddb5-4fa4-a97d-d965ccfc6d4b" outcome="Passed" testListId="8c84fa94-04c1-424b-9868-57a2d4851a1d" relativeResultsDirectory="299745cc-fd4e-45ed-84aa-8bd69c14e764" />
    <UnitTestResult executionId="863fff50-2696-4b77-bbb2-93038565d389" testId="bd474691-238d-d411-c7b9-d2abc53e80de" testName="AiDe.Core.Tests.Watcher.CoordinationFeedTests.Binding_ImmutableDimensions_RefuseUpdate(assignment: &quot;source_origin='other'&quot;)" computerName="TIMMALLSTRIX" duration="00:00:00.0139025" startTime="2026-09-16T15:33:22.0125085-07:00" endTime="2026-09-16T15:33:22.0262781-07:00" testType="13cdc9d9-ddb5-4fa4-a97d-d965ccfc6d4b" outcome="Passed" testListId="8c84fa94-04c1-424b-9868-57a2d4851a1d" relativeResultsDirectory="863fff50-2696-4b77-bbb2-93038565d389" />
    <UnitTestResult executionId="9b36556c-cce4-4474-9eb7-f7ab968472cb" testId="3746a720-a0f7-c093-ab49-8c3b946fc9de" testName="AiDe.Core.Tests.Watcher.CoordinationFeedTests.Mcp_ActualSchemaAndDispatch_RejectsOverridesAndReturnsOnlyMetadata" computerName="TIMMALLSTRIX" duration="00:00:00.0498212" startTime="2026-09-16T15:33:21.9294922-07:00" endTime="2026-09-16T15:33:21.9792707-07:00" testType="13cdc9d9-ddb5-4fa4-a97d-d965ccfc6d4b" outcome="Passed" testListId="8c84fa94-04c1-424b-9868-57a2d4851a1d" relativeResultsDirectory="9b36556c-cce4-4474-9eb7-f7ab968472cb" />
    <UnitTestResult executionId="e8ad6a7c-7ada-4f08-a50f-ff37f5918e53" testId="d36771d4-92f7-b23e-db2a-009ba532c784" testName="AiDe.Core.Tests.Watcher.CoordinationFeedTests.Mcp_RealExclusiveLockOrMissingFile_ReturnsTypedUnavailable" computerName="TIMMALLSTRIX" duration="00:00:30.1469668" startTime="2026-09-16T15:33:22.5276380-07:00" endTime="2026-09-16T15:33:52.6746562-07:00" testType="13cdc9d9-ddb5-4fa4-a97d-d965ccfc6d4b" outcome="Passed" testListId="8c84fa94-04c1-424b-9868-57a2d4851a1d" relativeResultsDirectory="e8ad6a7c-7ada-4f08-a50f-ff37f5918e53" />
    <UnitTestResult executionId="56b4c492-889f-4965-aeb4-15501f92d05b" testId="c625b0bc-1e02-bf08-9426-83940c0f5699" testName="AiDe.Core.Tests.Watcher.CoordinationFeedTests.Mcp_NullCursorOrLimit_RejectsSchemaViolations" computerName="TIMMALLSTRIX" duration="00:00:00.0108950" startTime="2026-09-16T15:33:22.4887061-07:00" endTime="2026-09-16T15:33:22.4995503-07:00" testType="13cdc9d9-ddb5-4fa4-a97d-d965ccfc6d4b" outcome="Passed" testListId="8c84fa94-04c1-424b-9868-57a2d4851a1d" relativeResultsDirectory="56b4c492-889f-4965-aeb4-15501f92d05b" />
    <UnitTestResult executionId="d669fb26-8755-44dc-a237-bf2d6b7e5d8d" testId="613f4441-f3be-fced-aee2-b41ce2e05133" testName="AiDe.Core.Tests.Watcher.CoordinationFeedTests.Binding_UpdateRepositoryContradiction_RefusesWholeCaptureBeforeEffects" computerName="TIMMALLSTRIX" duration="00:00:00.0726942" startTime="2026-09-16T15:33:21.7858388-07:00" endTime="2026-09-16T15:33:21.8625570-07:00" testType="13cdc9d9-ddb5-4fa4-a97d-d965ccfc6d4b" outcome="Passed" testListId="8c84fa94-04c1-424b-9868-57a2d4851a1d" relativeResultsDirectory="d669fb26-8755-44dc-a237-bf2d6b7e5d8d" />
    <UnitTestResult executionId="4d29fb25-1b4b-498d-adbf-0b68be8c532c" testId="f303f8c6-143d-fdcf-d415-8d023aaa82e5" testName="AiDe.Core.Tests.Watcher.CoordinationFeedTests.Read_EmptyBound_LimitAndAbsenceAreDistinct(limit: -1, expected: InvalidRequest)" computerName="TIMMALLSTRIX" duration="00:00:00.0113875" startTime="2026-09-16T15:33:22.0742225-07:00" endTime="2026-09-16T15:33:22.0855753-07:00" testType="13cdc9d9-ddb5-4fa4-a97d-d965ccfc6d4b" outcome="Passed" testListId="8c84fa94-04c1-424b-9868-57a2d4851a1d" relativeResultsDirectory="4d29fb25-1b4b-498d-adbf-0b68be8c532c" />
    <UnitTestResult executionId="ad366bac-0d4e-4ba1-8121-fdcb08fe996d" testId="f7fc2dd9-74af-ef33-7e4d-da9a57e3e6fa" testName="AiDe.Core.Tests.Watcher.CoordinationFeedTests.Read_MalformedRecord_ReturnsImmutableRefusalWithoutRawContent" computerName="TIMMALLSTRIX" duration="00:00:00.0133012" startTime="2026-09-16T15:33:21.9793950-07:00" endTime="2026-09-16T15:33:21.9926497-07:00" testType="13cdc9d9-ddb5-4fa4-a97d-d965ccfc6d4b" outcome="Passed" testListId="8c84fa94-04c1-424b-9868-57a2d4851a1d" relativeResultsDirectory="ad366bac-0d4e-4ba1-8121-fdcb08fe996d" />
    <UnitTestResult executionId="f4bd0082-2d72-412e-bd0e-2588d0f2d97f" testId="f1473bf3-f3bf-04a1-9f7c-09522c819948" testName="AiDe.Core.Tests.Watcher.CoordinationFeedTests.Binding_ValidOffsetAdvanceCannotHideRebinding(assignment: &quot;source_origin='other'&quot;)" computerName="TIMMALLSTRIX" duration="00:00:00.0144272" startTime="2026-09-16T15:33:22.1670608-07:00" endTime="2026-09-16T15:33:22.1814560-07:00" testType="13cdc9d9-ddb5-4fa4-a97d-d965ccfc6d4b" outcome="Passed" testListId="8c84fa94-04c1-424b-9868-57a2d4851a1d" relativeResultsDirectory="f4bd0082-2d72-412e-bd0e-2588d0f2d97f" />
  </Results>
  <TestDefinitions>
    <UnitTest name="AiDe.Core.Tests.Watcher.CoordinationFeedTests.FreshSchema_BoundEmptyCheckpoint_AcceptsOnlyEmptyDigest" storage="c:\projects\ai-de-feature-xh-p2-projection\tests\aide.core.tests\bin\debug\net10.0\aide.core.tests.dll" id="5f266ec4-a2fc-5e01-8cfd-f41aaa1176b5">
      <Execution id="ecd86e84-3f0b-4173-be5a-8a9708ba8e96" />
      <TestMethod codeBase="C:\Projects\ai-de-feature-xh-p2-projection\tests\AiDe.Core.Tests\bin\Debug\net10.0\AiDe.Core.Tests.dll" adapterTypeName="executor://xunit/VsTestRunner3/netcore/" className="AiDe.Core.Tests.Watcher.CoordinationFeedTests" name="FreshSchema_BoundEmptyCheckpoint_AcceptsOnlyEmptyDigest" />
    </UnitTest>
    <UnitTest name="AiDe.Core.Tests.Watcher.CoordinationFeedTests.Read_StorageFailure_IsTypedUnavailableAndEmitsSafeSpan" storage="c:\projects\ai-de-feature-xh-p2-projection\tests\aide.core.tests\bin\debug\net10.0\aide.core.tests.dll" id="fa7af7c6-90b1-3b3a-acf3-7d4528c79ee7">
      <Execution id="7e9ffcd9-3e68-412d-a894-d1f659c81a63" />
      <TestMethod codeBase="C:\Projects\ai-de-feature-xh-p2-projection\tests\AiDe.Core.Tests\bin\Debug\net10.0\AiDe.Core.Tests.dll" adapterTypeName="executor://xunit/VsTestRunner3/netcore/" className="AiDe.Core.Tests.Watcher.CoordinationFeedTests" name="Read_StorageFailure_IsTypedUnavailableAndEmitsSafeSpan" />
    </UnitTest>
    <UnitTest name="AiDe.Core.Tests.Watcher.CoordinationFeedTests.Mcp_ActualSchemaAndDispatch_RejectsOverridesAndReturnsOnlyMetadata" storage="c:\projects\ai-de-feature-xh-p2-projection\tests\aide.core.tests\bin\debug\net10.0\aide.core.tests.dll" id="3746a720-a0f7-c093-ab49-8c3b946fc9de">
      <Execution id="9b36556c-cce4-4474-9eb7-f7ab968472cb" />
      <TestMethod codeBase="C:\Projects\ai-de-feature-xh-p2-projection\tests\AiDe.Core.Tests\bin\Debug\net10.0\AiDe.Core.Tests.dll" adapterTypeName="executor://xunit/VsTestRunner3/netcore/" className="AiDe.Core.Tests.Watcher.CoordinationFeedTests" name="Mcp_ActualSchemaAndDispatch_RejectsOverridesAndReturnsOnlyMetadata" />
    </UnitTest>
    <UnitTest name="AiDe.Core.Tests.Watcher.CoordinationFeedTests.Read_EmptyBound_LimitAndAbsenceAreDistinct(limit: 0, expected: InvalidRequest)" storage="c:\projects\ai-de-feature-xh-p2-projection\tests\aide.core.tests\bin\debug\net10.0\aide.core.tests.dll" id="f6b62018-098a-5116-228e-274379bcb5b9">
      <Execution id="9cc517f5-354e-492a-b78e-a4723cc38827" />
      <TestMethod codeBase="C:\Projects\ai-de-feature-xh-p2-projection\tests\AiDe.Core.Tests\bin\Debug\net10.0\AiDe.Core.Tests.dll" adapterTypeName="executor://xunit/VsTestRunner3/netcore/" className="AiDe.Core.Tests.Watcher.CoordinationFeedTests" name="Read_EmptyBound_LimitAndAbsenceAreDistinct" />
    </UnitTest>
    <UnitTest name="AiDe.Core.Tests.Watcher.CoordinationFeedTests.Read_MalformedRecord_ReturnsImmutableRefusalWithoutRawContent" storage="c:\projects\ai-de-feature-xh-p2-projection\tests\aide.core.tests\bin\debug\net10.0\aide.core.tests.dll" id="f7fc2dd9-74af-ef33-7e4d-da9a57e3e6fa">
      <Execution id="ad366bac-0d4e-4ba1-8121-fdcb08fe996d" />
      <TestMethod codeBase="C:\Projects\ai-de-feature-xh-p2-projection\tests\AiDe.Core.Tests\bin\Debug\net10.0\AiDe.Core.Tests.dll" adapterTypeName="executor://xunit/VsTestRunner3/netcore/" className="AiDe.Core.Tests.Watcher.CoordinationFeedTests" name="Read_MalformedRecord_ReturnsImmutableRefusalWithoutRawContent" />
    </UnitTest>
    <UnitTest name="AiDe.Core.Tests.Watcher.CoordinationFeedTests.Binding_ValidOffsetAdvanceCannotHideRebinding(assignment: &quot;bound_repository_key='other'&quot;)" storage="c:\projects\ai-de-feature-xh-p2-projection\tests\aide.core.tests\bin\debug\net10.0\aide.core.tests.dll" id="e8d1ebe8-9538-02b8-2788-8cf79495ef44">
      <Execution id="86ed26b9-6701-4916-87fd-19e0396c87de" />
      <TestMethod codeBase="C:\Projects\ai-de-feature-xh-p2-projection\tests\AiDe.Core.Tests\bin\Debug\net10.0\AiDe.Core.Tests.dll" adapterTypeName="executor://xunit/VsTestRunner3/netcore/" className="AiDe.Core.Tests.Watcher.CoordinationFeedTests" name="Binding_ValidOffsetAdvanceCannotHideRebinding" />
    </UnitTest>
    <UnitTest name="AiDe.Core.Tests.Watcher.CoordinationFeedTests.Binding_ImmutableDimensions_RefuseUpdate(assignment: &quot;epoch='other'&quot;)" storage="c:\projects\ai-de-feature-xh-p2-projection\tests\aide.core.tests\bin\debug\net10.0\aide.core.tests.dll" id="91fdea1d-c614-86c8-3974-d3e5565c3a28">
      <Execution id="2c93f48d-d7f6-4b82-ace9-bd93fde3bb0d" />
      <TestMethod codeBase="C:\Projects\ai-de-feature-xh-p2-projection\tests\AiDe.Core.Tests\bin\Debug\net10.0\AiDe.Core.Tests.dll" adapterTypeName="executor://xunit/VsTestRunner3/netcore/" className="AiDe.Core.Tests.Watcher.CoordinationFeedTests" name="Binding_ImmutableDimensions_RefuseUpdate" />
    </UnitTest>
    <UnitTest name="AiDe.Core.Tests.Watcher.CoordinationFeedTests.Binding_ImmutableDimensions_RefuseUpdate(assignment: &quot;bound_repository_key='other'&quot;)" storage="c:\projects\ai-de-feature-xh-p2-projection\tests\aide.core.tests\bin\debug\net10.0\aide.core.tests.dll" id="8a4daa60-294b-642f-6d86-730504651a0a">
      <Execution id="ddd96251-79ef-4b98-993c-6eaa0c20076f" />
      <TestMethod codeBase="C:\Projects\ai-de-feature-xh-p2-projection\tests\AiDe.Core.Tests\bin\Debug\net10.0\AiDe.Core.Tests.dll" adapterTypeName="executor://xunit/VsTestRunner3/netcore/" className="AiDe.Core.Tests.Watcher.CoordinationFeedTests" name="Binding_ImmutableDimensions_RefuseUpdate" />
    </UnitTest>
    <UnitTest name="AiDe.Core.Tests.Watcher.CoordinationFeedTests.FreshSchema_CheckpointBinding_HasExactlyThreeNullableColumns" storage="c:\projects\ai-de-feature-xh-p2-projection\tests\aide.core.tests\bin\debug\net10.0\aide.core.tests.dll" id="3e2c0e96-27c8-010f-07b9-35691177dd11">
      <Execution id="2678233e-28d4-4309-84d9-45d08f7136cd" />
      <TestMethod codeBase="C:\Projects\ai-de-feature-xh-p2-projection\tests\AiDe.Core.Tests\bin\Debug\net10.0\AiDe.Core.Tests.dll" adapterTypeName="executor://xunit/VsTestRunner3/netcore/" className="AiDe.Core.Tests.Watcher.CoordinationFeedTests" name="FreshSchema_CheckpointBinding_HasExactlyThreeNullableColumns" />
    </UnitTest>
    <UnitTest name="AiDe.Core.Tests.Watcher.CoordinationFeedTests.Read_InvalidCursor_RejectsTyped(version: &quot;coordination-read/1&quot;, epoch: &quot;legacy-native-1&quot;, after: -1, high: null, expected: InvalidRequest)" storage="c:\projects\ai-de-feature-xh-p2-projection\tests\aide.core.tests\bin\debug\net10.0\aide.core.tests.dll" id="0231fdac-ead5-8cc9-de59-3f2cc193e66a">
      <Execution id="fa96e716-b8ed-4e80-bd7f-be413e9981ad" />
      <TestMethod codeBase="C:\Projects\ai-de-feature-xh-p2-projection\tests\AiDe.Core.Tests\bin\Debug\net10.0\AiDe.Core.Tests.dll" adapterTypeName="executor://xunit/VsTestRunner3/netcore/" className="AiDe.Core.Tests.Watcher.CoordinationFeedTests" name="Read_InvalidCursor_RejectsTyped" />
    </UnitTest>
    <UnitTest name="AiDe.Core.Tests.Watcher.CoordinationFeedTests.Read_ConcurrentWriterAfterBinding_UsesOneSnapshotForMaximumAndRows" storage="c:\projects\ai-de-feature-xh-p2-projection\tests\aide.core.tests\bin\debug\net10.0\aide.core.tests.dll" id="5b6b586d-4b16-de80-d868-52aa5a41459b">
      <Execution id="2a95cee1-9347-43a5-b555-416840ad1793" />
      <TestMethod codeBase="C:\Projects\ai-de-feature-xh-p2-projection\tests\AiDe.Core.Tests\bin\Debug\net10.0\AiDe.Core.Tests.dll" adapterTypeName="executor://xunit/VsTestRunner3/netcore/" className="AiDe.Core.Tests.Watcher.CoordinationFeedTests" name="Read_ConcurrentWriterAfterBinding_UsesOneSnapshotForMaximumAndRows" />
    </UnitTest>
    <UnitTest name="AiDe.Core.Tests.Watcher.CoordinationFeedTests.Binding_ImmutableDimensions_RefuseUpdate(assignment: &quot;source_origin='other'&quot;)" storage="c:\projects\ai-de-feature-xh-p2-projection\tests\aide.core.tests\bin\debug\net10.0\aide.core.tests.dll" id="bd474691-238d-d411-c7b9-d2abc53e80de">
      <Execution id="863fff50-2696-4b77-bbb2-93038565d389" />
      <TestMethod codeBase="C:\Projects\ai-de-feature-xh-p2-projection\tests\AiDe.Core.Tests\bin\Debug\net10.0\AiDe.Core.Tests.dll" adapterTypeName="executor://xunit/VsTestRunner3/netcore/" className="AiDe.Core.Tests.Watcher.CoordinationFeedTests" name="Binding_ImmutableDimensions_RefuseUpdate" />
    </UnitTest>
    <UnitTest name="AiDe.Core.Tests.Watcher.CoordinationFeedTests.Read_EmptyBound_LimitAndAbsenceAreDistinct(limit: 201, expected: InvalidRequest)" storage="c:\projects\ai-de-feature-xh-p2-projection\tests\aide.core.tests\bin\debug\net10.0\aide.core.tests.dll" id="57da43c8-de48-1901-0155-e4333e81d739">
      <Execution id="a82c852d-f3a7-4bdc-bc06-9096897aa9a4" />
      <TestMethod codeBase="C:\Projects\ai-de-feature-xh-p2-projection\tests\AiDe.Core.Tests\bin\Debug\net10.0\AiDe.Core.Tests.dll" adapterTypeName="executor://xunit/VsTestRunner3/netcore/" className="AiDe.Core.Tests.Watcher.CoordinationFeedTests" name="Read_EmptyBound_LimitAndAbsenceAreDistinct" />
    </UnitTest>
    <UnitTest name="AiDe.Core.Tests.Watcher.CoordinationFeedTests.Read_EmptyBound_LimitAndAbsenceAreDistinct(limit: 200, expected: Available)" storage="c:\projects\ai-de-feature-xh-p2-projection\tests\aide.core.tests\bin\debug\net10.0\aide.core.tests.dll" id="0fb145d3-f507-3a16-598e-e5674cb709f2">
      <Execution id="fe438a74-81aa-4495-963e-93614da18ad7" />
      <TestMethod codeBase="C:\Projects\ai-de-feature-xh-p2-projection\tests\AiDe.Core.Tests\bin\Debug\net10.0\AiDe.Core.Tests.dll" adapterTypeName="executor://xunit/VsTestRunner3/netcore/" className="AiDe.Core.Tests.Watcher.CoordinationFeedTests" name="Read_EmptyBound_LimitAndAbsenceAreDistinct" />
    </UnitTest>
    <UnitTest name="AiDe.Core.Tests.Watcher.CoordinationFeedTests.Binding_ImmutableDimensions_RefuseUpdate(assignment: &quot;public_source_id='other'&quot;)" storage="c:\projects\ai-de-feature-xh-p2-projection\tests\aide.core.tests\bin\debug\net10.0\aide.core.tests.dll" id="c2b98c9a-a436-a15f-3351-88c41b97b09f">
      <Execution id="619b1914-16b7-4d55-a448-f510dfd015f9" />
      <TestMethod codeBase="C:\Projects\ai-de-feature-xh-p2-projection\tests\AiDe.Core.Tests\bin\Debug\net10.0\AiDe.Core.Tests.dll" adapterTypeName="executor://xunit/VsTestRunner3/netcore/" className="AiDe.Core.Tests.Watcher.CoordinationFeedTests" name="Binding_ImmutableDimensions_RefuseUpdate" />
    </UnitTest>
    <UnitTest name="AiDe.Core.Tests.Watcher.CoordinationFeedTests.Read_InvalidCursor_RejectsTyped(version: &quot;coordination-read/1&quot;, epoch: &quot;wrong&quot;, after: 0, high: null, expected: Reset)" storage="c:\projects\ai-de-feature-xh-p2-projection\tests\aide.core.tests\bin\debug\net10.0\aide.core.tests.dll" id="ecd79b5d-a1dd-a0e4-d15c-326fe7945294">
      <Execution id="bf346b2f-3e64-4901-9ca3-18abf8761918" />
      <TestMethod codeBase="C:\Projects\ai-de-feature-xh-p2-projection\tests\AiDe.Core.Tests\bin\Debug\net10.0\AiDe.Core.Tests.dll" adapterTypeName="executor://xunit/VsTestRunner3/netcore/" className="AiDe.Core.Tests.Watcher.CoordinationFeedTests" name="Read_InvalidCursor_RejectsTyped" />
    </UnitTest>
    <UnitTest name="AiDe.Core.Tests.Watcher.CoordinationFeedTests.Read_InvalidCursor_RejectsTyped(version: &quot;coordination-read/1&quot;, epoch: &quot;legacy-native-1&quot;, after: 0, high: 9999, expected: InvalidRequest)" storage="c:\projects\ai-de-feature-xh-p2-projection\tests\aide.core.tests\bin\debug\net10.0\aide.core.tests.dll" id="b81f90e9-9707-c3f8-1baa-841d56850dfc">
      <Execution id="953eeb09-c61c-491b-a73a-2495330a21f6" />
      <TestMethod codeBase="C:\Projects\ai-de-feature-xh-p2-projection\tests\AiDe.Core.Tests\bin\Debug\net10.0\AiDe.Core.Tests.dll" adapterTypeName="executor://xunit/VsTestRunner3/netcore/" className="AiDe.Core.Tests.Watcher.CoordinationFeedTests" name="Read_InvalidCursor_RejectsTyped" />
    </UnitTest>
    <UnitTest name="AiDe.Core.Tests.Watcher.CoordinationFeedTests.Binding_ImmutableDimensions_RefuseUpdate(assignment: &quot;scope='other'&quot;)" storage="c:\projects\ai-de-feature-xh-p2-projection\tests\aide.core.tests\bin\debug\net10.0\aide.core.tests.dll" id="cdd853d8-3524-5459-f262-9b02493d342a">
      <Execution id="38ff9739-aa62-47a5-a713-7b7549b4013b" />
      <TestMethod codeBase="C:\Projects\ai-de-feature-xh-p2-projection\tests\AiDe.Core.Tests\bin\Debug\net10.0\AiDe.Core.Tests.dll" adapterTypeName="executor://xunit/VsTestRunner3/netcore/" className="AiDe.Core.Tests.Watcher.CoordinationFeedTests" name="Binding_ImmutableDimensions_RefuseUpdate" />
    </UnitTest>
    <UnitTest name="AiDe.Core.Tests.Watcher.CoordinationFeedTests.Read_EmptyBound_LimitAndAbsenceAreDistinct(limit: 1, expected: Available)" storage="c:\projects\ai-de-feature-xh-p2-projection\tests\aide.core.tests\bin\debug\net10.0\aide.core.tests.dll" id="fa684335-67ab-77f0-4f28-4dd3d0a7970f">
      <Execution id="97c4f695-2d8b-419a-9f68-fab5f5c376f6" />
      <TestMethod codeBase="C:\Projects\ai-de-feature-xh-p2-projection\tests\AiDe.Core.Tests\bin\Debug\net10.0\AiDe.Core.Tests.dll" adapterTypeName="executor://xunit/VsTestRunner3/netcore/" className="AiDe.Core.Tests.Watcher.CoordinationFeedTests" name="Read_EmptyBound_LimitAndAbsenceAreDistinct" />
    </UnitTest>
    <UnitTest name="AiDe.Core.Tests.Watcher.CoordinationFeedTests.Read_InvalidCursor_RejectsTyped(version: &quot;coordination-read/1&quot;, epoch: &quot;legacy-native-1&quot;, after: 0, high: -1, expected: InvalidRequest)" storage="c:\projects\ai-de-feature-xh-p2-projection\tests\aide.core.tests\bin\debug\net10.0\aide.core.tests.dll" id="a96c533f-0afe-c600-7137-219729117324">
      <Execution id="299745cc-fd4e-45ed-84aa-8bd69c14e764" />
      <TestMethod codeBase="C:\Projects\ai-de-feature-xh-p2-projection\tests\AiDe.Core.Tests\bin\Debug\net10.0\AiDe.Core.Tests.dll" adapterTypeName="executor://xunit/VsTestRunner3/netcore/" className="AiDe.Core.Tests.Watcher.CoordinationFeedTests" name="Read_InvalidCursor_RejectsTyped" />
    </UnitTest>
    <UnitTest name="AiDe.Core.Tests.Watcher.CoordinationFeedTests.Binding_ValidOffsetAdvanceCannotHideRebinding(assignment: &quot;source_origin='other'&quot;)" storage="c:\projects\ai-de-feature-xh-p2-projection\tests\aide.core.tests\bin\debug\net10.0\aide.core.tests.dll" id="f1473bf3-f3bf-04a1-9f7c-09522c819948">
      <Execution id="f4bd0082-2d72-412e-bd0e-2588d0f2d97f" />
      <TestMethod codeBase="C:\Projects\ai-de-feature-xh-p2-projection\tests\AiDe.Core.Tests\bin\Debug\net10.0\AiDe.Core.Tests.dll" adapterTypeName="executor://xunit/VsTestRunner3/netcore/" className="AiDe.Core.Tests.Watcher.CoordinationFeedTests" name="Binding_ValidOffsetAdvanceCannotHideRebinding" />
    </UnitTest>
    <UnitTest name="AiDe.Core.Tests.Watcher.CoordinationFeedTests.Mcp_NullCursorOrLimit_RejectsSchemaViolations" storage="c:\projects\ai-de-feature-xh-p2-projection\tests\aide.core.tests\bin\debug\net10.0\aide.core.tests.dll" id="c625b0bc-1e02-bf08-9426-83940c0f5699">
      <Execution id="56b4c492-889f-4965-aeb4-15501f92d05b" />
      <TestMethod codeBase="C:\Projects\ai-de-feature-xh-p2-projection\tests\AiDe.Core.Tests\bin\Debug\net10.0\AiDe.Core.Tests.dll" adapterTypeName="executor://xunit/VsTestRunner3/netcore/" className="AiDe.Core.Tests.Watcher.CoordinationFeedTests" name="Mcp_NullCursorOrLimit_RejectsSchemaViolations" />
    </UnitTest>
    <UnitTest name="AiDe.Core.Tests.Watcher.CoordinationFeedTests.Read_OtherSourceReceiptOrToken_IsNotASnapshotOfThisSource" storage="c:\projects\ai-de-feature-xh-p2-projection\tests\aide.core.tests\bin\debug\net10.0\aide.core.tests.dll" id="4493b2b1-4152-14ef-14cc-8791a21c447c">
      <Execution id="079a58ca-7e15-4f77-9f23-47ff361daad5" />
      <TestMethod codeBase="C:\Projects\ai-de-feature-xh-p2-projection\tests\AiDe.Core.Tests\bin\Debug\net10.0\AiDe.Core.Tests.dll" adapterTypeName="executor://xunit/VsTestRunner3/netcore/" className="AiDe.Core.Tests.Watcher.CoordinationFeedTests" name="Read_OtherSourceReceiptOrToken_IsNotASnapshotOfThisSource" />
    </UnitTest>
    <UnitTest name="AiDe.Core.Tests.Watcher.CoordinationFeedTests.Mcp_RealExclusiveLockOrMissingFile_ReturnsTypedUnavailable" storage="c:\projects\ai-de-feature-xh-p2-projection\tests\aide.core.tests\bin\debug\net10.0\aide.core.tests.dll" id="d36771d4-92f7-b23e-db2a-009ba532c784">
      <Execution id="e8ad6a7c-7ada-4f08-a50f-ff37f5918e53" />
      <TestMethod codeBase="C:\Projects\ai-de-feature-xh-p2-projection\tests\AiDe.Core.Tests\bin\Debug\net10.0\AiDe.Core.Tests.dll" adapterTypeName="executor://xunit/VsTestRunner3/netcore/" className="AiDe.Core.Tests.Watcher.CoordinationFeedTests" name="Mcp_RealExclusiveLockOrMissingFile_ReturnsTypedUnavailable" />
    </UnitTest>
    <UnitTest name="AiDe.Core.Tests.Watcher.CoordinationFeedTests.Binding_ValidOffsetAdvanceCannotHideRebinding(assignment: &quot;public_source_id='other'&quot;)" storage="c:\projects\ai-de-feature-xh-p2-projection\tests\aide.core.tests\bin\debug\net10.0\aide.core.tests.dll" id="dc6de9d8-6878-1d7f-5498-e1ed1a82f30c">
      <Execution id="3ff035a9-e33d-44f8-90cd-08397c9fd4cb" />
      <TestMethod codeBase="C:\Projects\ai-de-feature-xh-p2-projection\tests\AiDe.Core.Tests\bin\Debug\net10.0\AiDe.Core.Tests.dll" adapterTypeName="executor://xunit/VsTestRunner3/netcore/" className="AiDe.Core.Tests.Watcher.CoordinationFeedTests" name="Binding_ValidOffsetAdvanceCannotHideRebinding" />
    </UnitTest>
    <UnitTest name="AiDe.Core.Tests.Watcher.CoordinationFeedTests.Read_InvalidCursor_RejectsTyped(version: &quot;coordination-read/1&quot;, epoch: &quot;legacy-native-1&quot;, after: 1, high: 0, expected: InvalidRequest)" storage="c:\projects\ai-de-feature-xh-p2-projection\tests\aide.core.tests\bin\debug\net10.0\aide.core.tests.dll" id="09f96e84-d492-1b80-5e8c-7be3f67b377c">
      <Execution id="1b8a3113-1193-43b0-bc42-67df70a2a426" />
      <TestMethod codeBase="C:\Projects\ai-de-feature-xh-p2-projection\tests\AiDe.Core.Tests\bin\Debug\net10.0\AiDe.Core.Tests.dll" adapterTypeName="executor://xunit/VsTestRunner3/netcore/" className="AiDe.Core.Tests.Watcher.CoordinationFeedTests" name="Read_InvalidCursor_RejectsTyped" />
    </UnitTest>
    <UnitTest name="AiDe.Core.Tests.Watcher.CoordinationFeedTests.Read_EmptyBound_LimitAndAbsenceAreDistinct(limit: -1, expected: InvalidRequest)" storage="c:\projects\ai-de-feature-xh-p2-projection\tests\aide.core.tests\bin\debug\net10.0\aide.core.tests.dll" id="f303f8c6-143d-fdcf-d415-8d023aaa82e5">
      <Execution id="4d29fb25-1b4b-498d-adbf-0b68be8c532c" />
      <TestMethod codeBase="C:\Projects\ai-de-feature-xh-p2-projection\tests\AiDe.Core.Tests\bin\Debug\net10.0\AiDe.Core.Tests.dll" adapterTypeName="executor://xunit/VsTestRunner3/netcore/" className="AiDe.Core.Tests.Watcher.CoordinationFeedTests" name="Read_EmptyBound_LimitAndAbsenceAreDistinct" />
    </UnitTest>
    <UnitTest name="AiDe.Core.Tests.Watcher.CoordinationFeedTests.Read_InvalidCursor_RejectsTyped(version: &quot;wrong&quot;, epoch: &quot;legacy-native-1&quot;, after: 0, high: null, expected: Reset)" storage="c:\projects\ai-de-feature-xh-p2-projection\tests\aide.core.tests\bin\debug\net10.0\aide.core.tests.dll" id="85f50e25-7d73-5520-9617-34a86069af73">
      <Execution id="f451c7f4-2762-49a9-95f5-e6d4ef708b66" />
      <TestMethod codeBase="C:\Projects\ai-de-feature-xh-p2-projection\tests\AiDe.Core.Tests\bin\Debug\net10.0\AiDe.Core.Tests.dll" adapterTypeName="executor://xunit/VsTestRunner3/netcore/" className="AiDe.Core.Tests.Watcher.CoordinationFeedTests" name="Read_InvalidCursor_RejectsTyped" />
    </UnitTest>
    <UnitTest name="AiDe.Core.Tests.Watcher.CoordinationFeedTests.Binding_UpdateRepositoryContradiction_RefusesWholeCaptureBeforeEffects" storage="c:\projects\ai-de-feature-xh-p2-projection\tests\aide.core.tests\bin\debug\net10.0\aide.core.tests.dll" id="613f4441-f3be-fced-aee2-b41ce2e05133">
      <Execution id="d669fb26-8755-44dc-a237-bf2d6b7e5d8d" />
      <TestMethod codeBase="C:\Projects\ai-de-feature-xh-p2-projection\tests\AiDe.Core.Tests\bin\Debug\net10.0\AiDe.Core.Tests.dll" adapterTypeName="executor://xunit/VsTestRunner3/netcore/" className="AiDe.Core.Tests.Watcher.CoordinationFeedTests" name="Binding_UpdateRepositoryContradiction_RefusesWholeCaptureBeforeEffects" />
    </UnitTest>
    <UnitTest name="AiDe.Core.Tests.Watcher.CoordinationFeedTests.Binding_PartialOrHashCollision_RefusesInsteadOfMerging" storage="c:\projects\ai-de-feature-xh-p2-projection\tests\aide.core.tests\bin\debug\net10.0\aide.core.tests.dll" id="d407debd-3324-0321-0d6e-936764885385">
      <Execution id="3edebff9-d90f-4bd1-926f-8a4079f42d18" />
      <TestMethod codeBase="C:\Projects\ai-de-feature-xh-p2-projection\tests\AiDe.Core.Tests\bin\Debug\net10.0\AiDe.Core.Tests.dll" adapterTypeName="executor://xunit/VsTestRunner3/netcore/" className="AiDe.Core.Tests.Watcher.CoordinationFeedTests" name="Binding_PartialOrHashCollision_RefusesInsteadOfMerging" />
    </UnitTest>
    <UnitTest name="AiDe.Core.Tests.Watcher.CoordinationFeedTests.Read_Interleaved401Receipts_Freezes2002001ThenResumesNewTombstone" storage="c:\projects\ai-de-feature-xh-p2-projection\tests\aide.core.tests\bin\debug\net10.0\aide.core.tests.dll" id="9d0b0793-bd0e-bf2c-02d4-415ae0fdacfd">
      <Execution id="d26a8337-a258-4f99-a45b-90e4eab1d127" />
      <TestMethod codeBase="C:\Projects\ai-de-feature-xh-p2-projection\tests\AiDe.Core.Tests\bin\Debug\net10.0\AiDe.Core.Tests.dll" adapterTypeName="executor://xunit/VsTestRunner3/netcore/" className="AiDe.Core.Tests.Watcher.CoordinationFeedTests" name="Read_Interleaved401Receipts_Freezes2002001ThenResumesNewTombstone" />
    </UnitTest>
    <UnitTest name="AiDe.Core.Tests.Watcher.CoordinationFeedTests.Binding_LegacyOrContradictorySource_IsNeverBackfilledOrApplied" storage="c:\projects\ai-de-feature-xh-p2-projection\tests\aide.core.tests\bin\debug\net10.0\aide.core.tests.dll" id="0a177e15-12f4-3ede-98c9-ee20d2533290">
      <Execution id="d7fd4210-189c-4846-9711-dd85e3a5168e" />
      <TestMethod codeBase="C:\Projects\ai-de-feature-xh-p2-projection\tests\AiDe.Core.Tests\bin\Debug\net10.0\AiDe.Core.Tests.dll" adapterTypeName="executor://xunit/VsTestRunner3/netcore/" className="AiDe.Core.Tests.Watcher.CoordinationFeedTests" name="Binding_LegacyOrContradictorySource_IsNeverBackfilledOrApplied" />
    </UnitTest>
  </TestDefinitions>
  <TestEntries>
    <TestEntry testId="5b6b586d-4b16-de80-d868-52aa5a41459b" executionId="2a95cee1-9347-43a5-b555-416840ad1793" testListId="8c84fa94-04c1-424b-9868-57a2d4851a1d" />
    <TestEntry testId="4493b2b1-4152-14ef-14cc-8791a21c447c" executionId="079a58ca-7e15-4f77-9f23-47ff361daad5" testListId="8c84fa94-04c1-424b-9868-57a2d4851a1d" />
    <TestEntry testId="57da43c8-de48-1901-0155-e4333e81d739" executionId="a82c852d-f3a7-4bdc-bc06-9096897aa9a4" testListId="8c84fa94-04c1-424b-9868-57a2d4851a1d" />
    <TestEntry testId="c2b98c9a-a436-a15f-3351-88c41b97b09f" executionId="619b1914-16b7-4d55-a448-f510dfd015f9" testListId="8c84fa94-04c1-424b-9868-57a2d4851a1d" />
    <TestEntry testId="ecd79b5d-a1dd-a0e4-d15c-326fe7945294" executionId="bf346b2f-3e64-4901-9ca3-18abf8761918" testListId="8c84fa94-04c1-424b-9868-57a2d4851a1d" />
    <TestEntry testId="dc6de9d8-6878-1d7f-5498-e1ed1a82f30c" executionId="3ff035a9-e33d-44f8-90cd-08397c9fd4cb" testListId="8c84fa94-04c1-424b-9868-57a2d4851a1d" />
    <TestEntry testId="5f266ec4-a2fc-5e01-8cfd-f41aaa1176b5" executionId="ecd86e84-3f0b-4173-be5a-8a9708ba8e96" testListId="8c84fa94-04c1-424b-9868-57a2d4851a1d" />
    <TestEntry testId="fa684335-67ab-77f0-4f28-4dd3d0a7970f" executionId="97c4f695-2d8b-419a-9f68-fab5f5c376f6" testListId="8c84fa94-04c1-424b-9868-57a2d4851a1d" />
    <TestEntry testId="3e2c0e96-27c8-010f-07b9-35691177dd11" executionId="2678233e-28d4-4309-84d9-45d08f7136cd" testListId="8c84fa94-04c1-424b-9868-57a2d4851a1d" />
    <TestEntry testId="85f50e25-7d73-5520-9617-34a86069af73" executionId="f451c7f4-2762-49a9-95f5-e6d4ef708b66" testListId="8c84fa94-04c1-424b-9868-57a2d4851a1d" />
    <TestEntry testId="fa7af7c6-90b1-3b3a-acf3-7d4528c79ee7" executionId="7e9ffcd9-3e68-412d-a894-d1f659c81a63" testListId="8c84fa94-04c1-424b-9868-57a2d4851a1d" />
    <TestEntry testId="9d0b0793-bd0e-bf2c-02d4-415ae0fdacfd" executionId="d26a8337-a258-4f99-a45b-90e4eab1d127" testListId="8c84fa94-04c1-424b-9868-57a2d4851a1d" />
    <TestEntry testId="8a4daa60-294b-642f-6d86-730504651a0a" executionId="ddd96251-79ef-4b98-993c-6eaa0c20076f" testListId="8c84fa94-04c1-424b-9868-57a2d4851a1d" />
    <TestEntry testId="f6b62018-098a-5116-228e-274379bcb5b9" executionId="9cc517f5-354e-492a-b78e-a4723cc38827" testListId="8c84fa94-04c1-424b-9868-57a2d4851a1d" />
    <TestEntry testId="0231fdac-ead5-8cc9-de59-3f2cc193e66a" executionId="fa96e716-b8ed-4e80-bd7f-be413e9981ad" testListId="8c84fa94-04c1-424b-9868-57a2d4851a1d" />
    <TestEntry testId="0fb145d3-f507-3a16-598e-e5674cb709f2" executionId="fe438a74-81aa-4495-963e-93614da18ad7" testListId="8c84fa94-04c1-424b-9868-57a2d4851a1d" />
    <TestEntry testId="e8d1ebe8-9538-02b8-2788-8cf79495ef44" executionId="86ed26b9-6701-4916-87fd-19e0396c87de" testListId="8c84fa94-04c1-424b-9868-57a2d4851a1d" />
    <TestEntry testId="0a177e15-12f4-3ede-98c9-ee20d2533290" executionId="d7fd4210-189c-4846-9711-dd85e3a5168e" testListId="8c84fa94-04c1-424b-9868-57a2d4851a1d" />
    <TestEntry testId="d407debd-3324-0321-0d6e-936764885385" executionId="3edebff9-d90f-4bd1-926f-8a4079f42d18" testListId="8c84fa94-04c1-424b-9868-57a2d4851a1d" />
    <TestEntry testId="09f96e84-d492-1b80-5e8c-7be3f67b377c" executionId="1b8a3113-1193-43b0-bc42-67df70a2a426" testListId="8c84fa94-04c1-424b-9868-57a2d4851a1d" />
    <TestEntry testId="b81f90e9-9707-c3f8-1baa-841d56850dfc" executionId="953eeb09-c61c-491b-a73a-2495330a21f6" testListId="8c84fa94-04c1-424b-9868-57a2d4851a1d" />
    <TestEntry testId="cdd853d8-3524-5459-f262-9b02493d342a" executionId="38ff9739-aa62-47a5-a713-7b7549b4013b" testListId="8c84fa94-04c1-424b-9868-57a2d4851a1d" />
    <TestEntry testId="91fdea1d-c614-86c8-3974-d3e5565c3a28" executionId="2c93f48d-d7f6-4b82-ace9-bd93fde3bb0d" testListId="8c84fa94-04c1-424b-9868-57a2d4851a1d" />
    <TestEntry testId="a96c533f-0afe-c600-7137-219729117324" executionId="299745cc-fd4e-45ed-84aa-8bd69c14e764" testListId="8c84fa94-04c1-424b-9868-57a2d4851a1d" />
    <TestEntry testId="bd474691-238d-d411-c7b9-d2abc53e80de" executionId="863fff50-2696-4b77-bbb2-93038565d389" testListId="8c84fa94-04c1-424b-9868-57a2d4851a1d" />
    <TestEntry testId="3746a720-a0f7-c093-ab49-8c3b946fc9de" executionId="9b36556c-cce4-4474-9eb7-f7ab968472cb" testListId="8c84fa94-04c1-424b-9868-57a2d4851a1d" />
    <TestEntry testId="d36771d4-92f7-b23e-db2a-009ba532c784" executionId="e8ad6a7c-7ada-4f08-a50f-ff37f5918e53" testListId="8c84fa94-04c1-424b-9868-57a2d4851a1d" />
    <TestEntry testId="c625b0bc-1e02-bf08-9426-83940c0f5699" executionId="56b4c492-889f-4965-aeb4-15501f92d05b" testListId="8c84fa94-04c1-424b-9868-57a2d4851a1d" />
    <TestEntry testId="613f4441-f3be-fced-aee2-b41ce2e05133" executionId="d669fb26-8755-44dc-a237-bf2d6b7e5d8d" testListId="8c84fa94-04c1-424b-9868-57a2d4851a1d" />
    <TestEntry testId="f303f8c6-143d-fdcf-d415-8d023aaa82e5" executionId="4d29fb25-1b4b-498d-adbf-0b68be8c532c" testListId="8c84fa94-04c1-424b-9868-57a2d4851a1d" />
    <TestEntry testId="f7fc2dd9-74af-ef33-7e4d-da9a57e3e6fa" executionId="ad366bac-0d4e-4ba1-8121-fdcb08fe996d" testListId="8c84fa94-04c1-424b-9868-57a2d4851a1d" />
    <TestEntry testId="f1473bf3-f3bf-04a1-9f7c-09522c819948" executionId="f4bd0082-2d72-412e-bd0e-2588d0f2d97f" testListId="8c84fa94-04c1-424b-9868-57a2d4851a1d" />
  </TestEntries>
  <TestLists>
    <TestList name="Results Not in a List" id="8c84fa94-04c1-424b-9868-57a2d4851a1d" />
    <TestList name="All Loaded Results" id="19431567-8539-422a-85d7-44ee4e166bda" />
  </TestLists>
  <ResultSummary outcome="Completed">
    <Counters total="32" executed="32" passed="32" failed="0" error="0" timeout="0" aborted="0" inconclusive="0" passedButRunAborted="0" notRunnable="0" notExecuted="0" disconnected="0" warning="0" completed="0" inProgress="0" pending="0" />
    <Output>
      <StdOut>[xUnit.net 00:00:00.00] xUnit.net VSTest Adapter v3.1.4+50e68bbb8b (64-bit .NET 10.0.11)&#xD;
[xUnit.net 00:00:00.08]   Discovering: AiDe.Core.Tests&#xD;
[xUnit.net 00:00:00.26]   Discovered:  AiDe.Core.Tests&#xD;
[xUnit.net 00:00:00.28]   Starting:    AiDe.Core.Tests&#xD;
[xUnit.net 00:00:31.20]   Finished:    AiDe.Core.Tests&#xD;
</StdOut>
    </Output>
  </ResultSummary>
</TestRun>