<?xml version="1.0" encoding="utf-8"?>
<TestRun id="94ebc3f9-b1eb-4edf-ba70-aba0053710a8" name="malla@TIMMALLSTRIX 2026-09-16 15:56:34" runUser="TIMMALLSTRIX\malla" xmlns="http://microsoft.com/schemas/VisualStudio/TeamTest/2010">
  <Times creation="2026-09-16T15:56:34.5070685-07:00" queuing="2026-09-16T15:56:34.5070686-07:00" start="2026-09-16T15:56:33.8907223-07:00" finish="2026-09-16T15:56:34.7885612-07:00" />
  <TestSettings name="default" id="42e94bf2-84a9-403d-a334-6dc06290e85d">
    <Deployment runDeploymentRoot="malla_TIMMALLSTRIX_2026-09-16_15_56_34" />
  </TestSettings>
  <Results>
    <UnitTestResult executionId="1833bd7d-9f26-422a-8d05-ffb855573a2a" testId="0016a6b5-f284-bf49-1cb4-4407b8d837b2" testName="AiDe.Core.Tests.Watcher.CoordinationFeedTests.Pump_ResolvedSessionRepositoryDrifts_RefusesWithoutNativeEffects(kind: &quot;session-end&quot;, generation: 2)" computerName="TIMMALLSTRIX" duration="00:00:00.0175976" startTime="2026-09-16T15:56:34.6135307-07:00" endTime="2026-09-16T15:56:34.6299398-07:00" testType="13cdc9d9-ddb5-4fa4-a97d-d965ccfc6d4b" outcome="Passed" testListId="8c84fa94-04c1-424b-9868-57a2d4851a1d" relativeResultsDirectory="1833bd7d-9f26-422a-8d05-ffb855573a2a" />
    <UnitTestResult executionId="9b07d4fb-3b59-495a-bbaa-6d843e83c409" testId="6fa93fd9-a6d4-e1d9-ecd9-867cd89516d1" testName="AiDe.Core.Tests.Watcher.CoordinationFeedTests.Mcp_MalformedArgumentsContainer_ReturnsTypedInvalidRequest(arguments: &quot;7&quot;)" computerName="TIMMALLSTRIX" duration="00:00:00.0266407" startTime="2026-09-16T15:56:34.4373984-07:00" endTime="2026-09-16T15:56:34.4681511-07:00" testType="13cdc9d9-ddb5-4fa4-a97d-d965ccfc6d4b" outcome="Passed" testListId="8c84fa94-04c1-424b-9868-57a2d4851a1d" relativeResultsDirectory="9b07d4fb-3b59-495a-bbaa-6d843e83c409" />
    <UnitTestResult executionId="99c1c53f-a981-4739-b798-ca1af800c7a7" testId="34ede12b-c92a-3f64-2aa0-19e8b92f261b" testName="AiDe.Core.Tests.Watcher.CoordinationFeedTests.Pump_ResolvedSessionRepositoryDrifts_RefusesWithoutNativeEffects(kind: &quot;heartbeat&quot;, generation: 2)" computerName="TIMMALLSTRIX" duration="00:00:00.0172072" startTime="2026-09-16T15:56:34.6655616-07:00" endTime="2026-09-16T15:56:34.6827347-07:00" testType="13cdc9d9-ddb5-4fa4-a97d-d965ccfc6d4b" outcome="Passed" testListId="8c84fa94-04c1-424b-9868-57a2d4851a1d" relativeResultsDirectory="99c1c53f-a981-4739-b798-ca1af800c7a7" />
    <UnitTestResult executionId="3b164fc4-ab22-475b-a4b7-84a879b661b8" testId="e7371178-ecfd-486e-b663-3be5c80ebaa6" testName="AiDe.Core.Tests.Watcher.CoordinationFeedTests.Mcp_OuterRequestMalformedParameters_ReturnsCorrelatedRpcError(parameters: &quot;\&quot;private-marker\&quot;&quot;)" computerName="TIMMALLSTRIX" duration="00:00:00.0021705" startTime="2026-09-16T15:56:34.4901445-07:00" endTime="2026-09-16T15:56:34.4901615-07:00" testType="13cdc9d9-ddb5-4fa4-a97d-d965ccfc6d4b" outcome="Passed" testListId="8c84fa94-04c1-424b-9868-57a2d4851a1d" relativeResultsDirectory="3b164fc4-ab22-475b-a4b7-84a879b661b8" />
    <UnitTestResult executionId="25651fd0-0da7-48e2-8818-aeb0420e0574" testId="e7aa839b-cff8-33c5-a2be-0dcb89f85cf9" testName="AiDe.Core.Tests.Watcher.CoordinationFeedTests.Pump_ResolvedSameRepositoryNewGeneration_AppliesWithoutInventingGenerationAuthority(kind: &quot;heartbeat&quot;, reason: &quot;OBSERVED_HEARTBEAT&quot;)" computerName="TIMMALLSTRIX" duration="00:00:00.0144496" startTime="2026-09-16T15:56:34.5417960-07:00" endTime="2026-09-16T15:56:34.5561605-07:00" testType="13cdc9d9-ddb5-4fa4-a97d-d965ccfc6d4b" outcome="Passed" testListId="8c84fa94-04c1-424b-9868-57a2d4851a1d" relativeResultsDirectory="25651fd0-0da7-48e2-8818-aeb0420e0574" />
    <UnitTestResult executionId="1ad59ff4-3d00-4bcf-bbd0-360d5e1631b0" testId="3a522f54-68fa-04a9-692f-ed94d1747503" testName="AiDe.Core.Tests.Watcher.CoordinationFeedTests.Mcp_OuterRequestMalformedToolEnvelope_ReturnsCorrelatedNegativeResponse(parameters: &quot;{\&quot;name\&quot;:\&quot;aide_coordination_read\&quot;,\&quot;arguments\&quot;&quot;···)" computerName="TIMMALLSTRIX" duration="00:00:00.0000306" startTime="2026-09-16T15:56:34.4748655-07:00" endTime="2026-09-16T15:56:34.4748785-07:00" testType="13cdc9d9-ddb5-4fa4-a97d-d965ccfc6d4b" outcome="Passed" testListId="8c84fa94-04c1-424b-9868-57a2d4851a1d" relativeResultsDirectory="1ad59ff4-3d00-4bcf-bbd0-360d5e1631b0" />
    <UnitTestResult executionId="3300dc81-a470-436e-8264-1ea58c766fca" testId="c3a67980-bff4-691d-eaa1-0f67c2a70dc2" testName="AiDe.Core.Tests.Watcher.CoordinationFeedTests.Pump_ResolvedSessionRepositoryDrifts_RefusesWithoutNativeEffects(kind: &quot;board-post&quot;, generation: 1)" computerName="TIMMALLSTRIX" duration="00:00:00.0175680" startTime="2026-09-16T15:56:34.6479437-07:00" endTime="2026-09-16T15:56:34.6654767-07:00" testType="13cdc9d9-ddb5-4fa4-a97d-d965ccfc6d4b" outcome="Passed" testListId="8c84fa94-04c1-424b-9868-57a2d4851a1d" relativeResultsDirectory="3300dc81-a470-436e-8264-1ea58c766fca" />
    <UnitTestResult executionId="44072de0-e905-4191-b419-c9a92ebd5ccb" testId="1334833d-2534-4290-32c5-01d1c8217e08" testName="AiDe.Core.Tests.Watcher.CoordinationFeedTests.Pump_ResolvedSameRepositoryNewGeneration_AppliesWithoutInventingGenerationAuthority(kind: &quot;board-post&quot;, reason: &quot;OBSERVED_BOARD&quot;)" computerName="TIMMALLSTRIX" duration="00:00:00.0155097" startTime="2026-09-16T15:56:34.5562454-07:00" endTime="2026-09-16T15:56:34.5717195-07:00" testType="13cdc9d9-ddb5-4fa4-a97d-d965ccfc6d4b" outcome="Passed" testListId="8c84fa94-04c1-424b-9868-57a2d4851a1d" relativeResultsDirectory="44072de0-e905-4191-b419-c9a92ebd5ccb" />
    <UnitTestResult executionId="0283f7c5-e4a4-4166-b1bc-e6f8bce92919" testId="58f9989e-81e5-5aa3-580c-553396de8b8f" testName="AiDe.Core.Tests.Watcher.CoordinationFeedTests.Pump_ResolvedSameRepositoryNewGeneration_AppliesWithoutInventingGenerationAuthority(kind: &quot;session-end&quot;, reason: &quot;OBSERVED_END&quot;)" computerName="TIMMALLSTRIX" duration="00:00:00.0133666" startTime="2026-09-16T15:56:34.5717961-07:00" endTime="2026-09-16T15:56:34.5851356-07:00" testType="13cdc9d9-ddb5-4fa4-a97d-d965ccfc6d4b" outcome="Passed" testListId="8c84fa94-04c1-424b-9868-57a2d4851a1d" relativeResultsDirectory="0283f7c5-e4a4-4166-b1bc-e6f8bce92919" />
    <UnitTestResult executionId="6319cd8f-3baa-4269-b57f-ae7722494f4f" testId="45d6b7b0-18d7-1367-d4f8-4079c0e16f4a" testName="AiDe.Core.Tests.Watcher.CoordinationFeedTests.Mcp_OuterRequestMalformedToolEnvelope_ReturnsCorrelatedNegativeResponse(parameters: &quot;{\&quot;name\&quot;:[],\&quot;arguments\&quot;:{}}&quot;)" computerName="TIMMALLSTRIX" duration="00:00:00.0009538" startTime="2026-09-16T15:56:34.4746495-07:00" endTime="2026-09-16T15:56:34.4746671-07:00" testType="13cdc9d9-ddb5-4fa4-a97d-d965ccfc6d4b" outcome="Passed" testListId="8c84fa94-04c1-424b-9868-57a2d4851a1d" relativeResultsDirectory="6319cd8f-3baa-4269-b57f-ae7722494f4f" />
    <UnitTestResult executionId="f499c562-79a7-4c92-8c10-e27935aa9c28" testId="0c4cd05f-ddce-6a81-bc01-36fba99907cc" testName="AiDe.Core.Tests.Watcher.CoordinationFeedTests.Pump_ResolvedSessionRepositoryDrifts_RefusesWithoutNativeEffects(kind: &quot;update&quot;, generation: 1)" computerName="TIMMALLSTRIX" duration="00:00:00.0171199" startTime="2026-09-16T15:56:34.7000773-07:00" endTime="2026-09-16T15:56:34.7171602-07:00" testType="13cdc9d9-ddb5-4fa4-a97d-d965ccfc6d4b" outcome="Passed" testListId="8c84fa94-04c1-424b-9868-57a2d4851a1d" relativeResultsDirectory="f499c562-79a7-4c92-8c10-e27935aa9c28" />
    <UnitTestResult executionId="a85b7abc-5525-42bf-9825-8926e5fb9588" testId="ceacb8da-0262-6618-3244-725b7a22629f" testName="AiDe.Core.Tests.Watcher.CoordinationFeedTests.Mcp_MalformedArgumentsContainer_ReturnsTypedInvalidRequest(arguments: &quot;[]&quot;)" computerName="TIMMALLSTRIX" duration="00:00:00.0001959" startTime="2026-09-16T15:56:34.4737342-07:00" endTime="2026-09-16T15:56:34.4738242-07:00" testType="13cdc9d9-ddb5-4fa4-a97d-d965ccfc6d4b" outcome="Passed" testListId="8c84fa94-04c1-424b-9868-57a2d4851a1d" relativeResultsDirectory="a85b7abc-5525-42bf-9825-8926e5fb9588" />
    <UnitTestResult executionId="e73509af-a6bb-434d-9ef3-71f4a54040d0" testId="f9edeccb-deac-423f-7c1f-279bb0cb4aba" testName="AiDe.Core.Tests.Watcher.CoordinationFeedTests.Pump_ResolvedSessionRepositoryDrifts_RefusesWithoutNativeEffects(kind: &quot;update&quot;, generation: 2)" computerName="TIMMALLSTRIX" duration="00:00:00.0173246" startTime="2026-09-16T15:56:34.7172417-07:00" endTime="2026-09-16T15:56:34.7345266-07:00" testType="13cdc9d9-ddb5-4fa4-a97d-d965ccfc6d4b" outcome="Passed" testListId="8c84fa94-04c1-424b-9868-57a2d4851a1d" relativeResultsDirectory="e73509af-a6bb-434d-9ef3-71f4a54040d0" />
    <UnitTestResult executionId="3817721e-f1d3-49a1-bd58-20b634084bcc" testId="be7f5e14-3f14-ac85-e5df-5d4f6e94b32d" testName="AiDe.Core.Tests.Watcher.CoordinationFeedTests.Mcp_MalformedArgumentsContainer_ReturnsTypedInvalidRequest(arguments: &quot;\&quot;private-marker\&quot;&quot;)" computerName="TIMMALLSTRIX" duration="00:00:00.0000298" startTime="2026-09-16T15:56:34.4741981-07:00" endTime="2026-09-16T15:56:34.4742223-07:00" testType="13cdc9d9-ddb5-4fa4-a97d-d965ccfc6d4b" outcome="Passed" testListId="8c84fa94-04c1-424b-9868-57a2d4851a1d" relativeResultsDirectory="3817721e-f1d3-49a1-bd58-20b634084bcc" />
    <UnitTestResult executionId="ca21107e-d2e3-450a-ab51-072bac87d6b7" testId="f32dd8de-12c6-dc9f-ca6e-da195e217153" testName="AiDe.Core.Tests.Watcher.CoordinationFeedTests.Pump_ResolvedSessionRepositoryDrifts_RefusesWithoutNativeEffects(kind: &quot;board-post&quot;, generation: 2)" computerName="TIMMALLSTRIX" duration="00:00:00.0172173" startTime="2026-09-16T15:56:34.6828122-07:00" endTime="2026-09-16T15:56:34.6999904-07:00" testType="13cdc9d9-ddb5-4fa4-a97d-d965ccfc6d4b" outcome="Passed" testListId="8c84fa94-04c1-424b-9868-57a2d4851a1d" relativeResultsDirectory="ca21107e-d2e3-450a-ab51-072bac87d6b7" />
    <UnitTestResult executionId="d25f221f-8a6c-4f31-9d8a-c36e235793f6" testId="be0104b3-7a8c-832c-a6a9-4070b75b1132" testName="AiDe.Core.Tests.Watcher.CoordinationFeedTests.Mcp_OuterRequestMalformedToolEnvelope_ReturnsCorrelatedNegativeResponse(parameters: &quot;{\&quot;name\&quot;:7,\&quot;arguments\&quot;:{}}&quot;)" computerName="TIMMALLSTRIX" duration="00:00:00.0002545" startTime="2026-09-16T15:56:34.4747028-07:00" endTime="2026-09-16T15:56:34.4747175-07:00" testType="13cdc9d9-ddb5-4fa4-a97d-d965ccfc6d4b" outcome="Passed" testListId="8c84fa94-04c1-424b-9868-57a2d4851a1d" relativeResultsDirectory="d25f221f-8a6c-4f31-9d8a-c36e235793f6" />
    <UnitTestResult executionId="3dd6dacf-8c4e-4c89-b505-979f4fd8646a" testId="64f7c848-7d3b-91b2-078d-ad23901c9af9" testName="AiDe.Core.Tests.Watcher.CoordinationFeedTests.Mcp_OuterRequestMalformedToolEnvelope_ReturnsCorrelatedNegativeResponse(parameters: &quot;{\&quot;arguments\&quot;:{}}&quot;)" computerName="TIMMALLSTRIX" duration="00:00:00.0000252" startTime="2026-09-16T15:56:34.4899334-07:00" endTime="2026-09-16T15:56:34.4899675-07:00" testType="13cdc9d9-ddb5-4fa4-a97d-d965ccfc6d4b" outcome="Passed" testListId="8c84fa94-04c1-424b-9868-57a2d4851a1d" relativeResultsDirectory="3dd6dacf-8c4e-4c89-b505-979f4fd8646a" />
    <UnitTestResult executionId="99af3c67-0860-48b1-b911-bf7c943de231" testId="b8efa4c5-31f6-8b77-97db-038811627df0" testName="AiDe.Core.Tests.Watcher.CoordinationFeedTests.Mcp_OuterRequestMalformedParameters_ReturnsCorrelatedRpcError(parameters: &quot;7&quot;)" computerName="TIMMALLSTRIX" duration="00:00:00.0001363" startTime="2026-09-16T15:56:34.4901977-07:00" endTime="2026-09-16T15:56:34.4902129-07:00" testType="13cdc9d9-ddb5-4fa4-a97d-d965ccfc6d4b" outcome="Passed" testListId="8c84fa94-04c1-424b-9868-57a2d4851a1d" relativeResultsDirectory="99af3c67-0860-48b1-b911-bf7c943de231" />
    <UnitTestResult executionId="7e2c760e-6c9b-479c-a950-2df7a7bed9a0" testId="dad9f037-da88-6db7-5729-58304ad936ec" testName="AiDe.Core.Tests.Watcher.CoordinationFeedTests.Mcp_OuterRequestMalformedToolEnvelope_ReturnsCorrelatedNegativeResponse(parameters: &quot;{\&quot;name\&quot;:\&quot;aide_coordination_read\&quot;,\&quot;arguments\&quot;&quot;···)" computerName="TIMMALLSTRIX" duration="00:00:00.0000459" startTime="2026-09-16T15:56:34.4747836-07:00" endTime="2026-09-16T15:56:34.4747994-07:00" testType="13cdc9d9-ddb5-4fa4-a97d-d965ccfc6d4b" outcome="Passed" testListId="8c84fa94-04c1-424b-9868-57a2d4851a1d" relativeResultsDirectory="7e2c760e-6c9b-479c-a950-2df7a7bed9a0" />
    <UnitTestResult executionId="3711b8da-1810-44d1-95b0-b70d6356a238" testId="84d285f4-77ad-6e1b-2086-2a2575083ce7" testName="AiDe.Core.Tests.Watcher.CoordinationFeedTests.Mcp_OuterRequestMalformedToolEnvelope_ReturnsCorrelatedNegativeResponse(parameters: &quot;{\&quot;name\&quot;:null,\&quot;arguments\&quot;:{}}&quot;)" computerName="TIMMALLSTRIX" duration="00:00:00.0000397" startTime="2026-09-16T15:56:34.4747436-07:00" endTime="2026-09-16T15:56:34.4747598-07:00" testType="13cdc9d9-ddb5-4fa4-a97d-d965ccfc6d4b" outcome="Passed" testListId="8c84fa94-04c1-424b-9868-57a2d4851a1d" relativeResultsDirectory="3711b8da-1810-44d1-95b0-b70d6356a238" />
    <UnitTestResult executionId="136030dd-40e3-476a-93b3-8e3513f158c6" testId="dd063267-98be-4796-94d4-ea6fdcc3f328" testName="AiDe.Core.Tests.Watcher.CoordinationFeedTests.Mcp_OuterRequestMalformedToolEnvelope_ReturnsCorrelatedNegativeResponse(parameters: &quot;{\&quot;name\&quot;:\&quot;aide_coordination_read\&quot;,\&quot;arguments\&quot;&quot;···)" computerName="TIMMALLSTRIX" duration="00:00:00.0000340" startTime="2026-09-16T15:56:34.4748233-07:00" endTime="2026-09-16T15:56:34.4748430-07:00" testType="13cdc9d9-ddb5-4fa4-a97d-d965ccfc6d4b" outcome="Passed" testListId="8c84fa94-04c1-424b-9868-57a2d4851a1d" relativeResultsDirectory="136030dd-40e3-476a-93b3-8e3513f158c6" />
    <UnitTestResult executionId="14b2ec19-05ec-4428-8533-95a860a53704" testId="cb72b43c-727b-d47d-0574-848c8bae2ddd" testName="AiDe.Core.Tests.Watcher.CoordinationFeedTests.Pump_ResolvedSessionRepositoryDrifts_RefusesWithoutNativeEffects(kind: &quot;session-end&quot;, generation: 1)" computerName="TIMMALLSTRIX" duration="00:00:00.0270823" startTime="2026-09-16T15:56:34.5852391-07:00" endTime="2026-09-16T15:56:34.6122838-07:00" testType="13cdc9d9-ddb5-4fa4-a97d-d965ccfc6d4b" outcome="Passed" testListId="8c84fa94-04c1-424b-9868-57a2d4851a1d" relativeResultsDirectory="14b2ec19-05ec-4428-8533-95a860a53704" />
    <UnitTestResult executionId="1c7aa7ab-8a2d-4ea6-bfcd-6182e19a74ce" testId="34a2f40f-fc2f-e176-dd6f-c60638473a23" testName="AiDe.Core.Tests.Watcher.CoordinationFeedTests.Pump_LegacyUnboundResolvedSession_RemainsCompatibleButNotPubliclyReadable" computerName="TIMMALLSTRIX" duration="00:00:00.0136110" startTime="2026-09-16T15:56:34.7346638-07:00" endTime="2026-09-16T15:56:34.7482720-07:00" testType="13cdc9d9-ddb5-4fa4-a97d-d965ccfc6d4b" outcome="Passed" testListId="8c84fa94-04c1-424b-9868-57a2d4851a1d" relativeResultsDirectory="1c7aa7ab-8a2d-4ea6-bfcd-6182e19a74ce" />
    <UnitTestResult executionId="054dd55c-3032-411b-be4b-2831c0219832" testId="02f6c73e-2c1d-09c4-2cbb-68179440942a" testName="AiDe.Core.Tests.Watcher.CoordinationFeedTests.Pump_ResolvedSessionRepositoryDrifts_RefusesWithoutNativeEffects(kind: &quot;heartbeat&quot;, generation: 1)" computerName="TIMMALLSTRIX" duration="00:00:00.0178726" startTime="2026-09-16T15:56:34.6300350-07:00" endTime="2026-09-16T15:56:34.6478600-07:00" testType="13cdc9d9-ddb5-4fa4-a97d-d965ccfc6d4b" outcome="Passed" testListId="8c84fa94-04c1-424b-9868-57a2d4851a1d" relativeResultsDirectory="054dd55c-3032-411b-be4b-2831c0219832" />
    <UnitTestResult executionId="136a7985-21ca-4018-b976-8799b43c74ec" testId="585dadd6-ebc0-3c3f-765e-7d7b23046bfc" testName="AiDe.Core.Tests.Watcher.CoordinationFeedTests.Pump_ResolvedSameRepositoryNewGeneration_AppliesWithoutInventingGenerationAuthority(kind: &quot;update&quot;, reason: &quot;OBSERVED_UPDATE&quot;)" computerName="TIMMALLSTRIX" duration="00:00:00.0692855" startTime="2026-09-16T15:56:34.4902883-07:00" endTime="2026-09-16T15:56:34.5416756-07:00" testType="13cdc9d9-ddb5-4fa4-a97d-d965ccfc6d4b" outcome="Passed" testListId="8c84fa94-04c1-424b-9868-57a2d4851a1d" relativeResultsDirectory="136a7985-21ca-4018-b976-8799b43c74ec" />
    <UnitTestResult executionId="3dc59746-87fc-446e-a611-f30d23dbfba0" testId="d52f83c0-26d9-a155-fca6-7afd0729c431" testName="AiDe.Core.Tests.Watcher.CoordinationFeedTests.Mcp_OuterRequestMalformedParameters_ReturnsCorrelatedRpcError(parameters: &quot;[]&quot;)" computerName="TIMMALLSTRIX" duration="00:00:00.0000185" startTime="2026-09-16T15:56:34.4902392-07:00" endTime="2026-09-16T15:56:34.4902527-07:00" testType="13cdc9d9-ddb5-4fa4-a97d-d965ccfc6d4b" outcome="Passed" testListId="8c84fa94-04c1-424b-9868-57a2d4851a1d" relativeResultsDirectory="3dc59746-87fc-446e-a611-f30d23dbfba0" />
  </Results>
  <TestDefinitions>
    <UnitTest name="AiDe.Core.Tests.Watcher.CoordinationFeedTests.Pump_ResolvedSessionRepositoryDrifts_RefusesWithoutNativeEffects(kind: &quot;board-post&quot;, generation: 2)" storage="c:\projects\ai-de-feature-xh-p2-projection\tests\aide.core.tests\bin\debug\net10.0\aide.core.tests.dll" id="f32dd8de-12c6-dc9f-ca6e-da195e217153">
      <Execution id="ca21107e-d2e3-450a-ab51-072bac87d6b7" />
      <TestMethod codeBase="C:\Projects\ai-de-feature-xh-p2-projection\tests\AiDe.Core.Tests\bin\Debug\net10.0\AiDe.Core.Tests.dll" adapterTypeName="executor://xunit/VsTestRunner3/netcore/" className="AiDe.Core.Tests.Watcher.CoordinationFeedTests" name="Pump_ResolvedSessionRepositoryDrifts_RefusesWithoutNativeEffects" />
    </UnitTest>
    <UnitTest name="AiDe.Core.Tests.Watcher.CoordinationFeedTests.Mcp_OuterRequestMalformedParameters_ReturnsCorrelatedRpcError(parameters: &quot;[]&quot;)" storage="c:\projects\ai-de-feature-xh-p2-projection\tests\aide.core.tests\bin\debug\net10.0\aide.core.tests.dll" id="d52f83c0-26d9-a155-fca6-7afd0729c431">
      <Execution id="3dc59746-87fc-446e-a611-f30d23dbfba0" />
      <TestMethod codeBase="C:\Projects\ai-de-feature-xh-p2-projection\tests\AiDe.Core.Tests\bin\Debug\net10.0\AiDe.Core.Tests.dll" adapterTypeName="executor://xunit/VsTestRunner3/netcore/" className="AiDe.Core.Tests.Watcher.CoordinationFeedTests" name="Mcp_OuterRequestMalformedParameters_ReturnsCorrelatedRpcError" />
    </UnitTest>
    <UnitTest name="AiDe.Core.Tests.Watcher.CoordinationFeedTests.Mcp_OuterRequestMalformedToolEnvelope_ReturnsCorrelatedNegativeResponse(parameters: &quot;{\&quot;name\&quot;:\&quot;aide_coordination_read\&quot;,\&quot;arguments\&quot;&quot;···)" storage="c:\projects\ai-de-feature-xh-p2-projection\tests\aide.core.tests\bin\debug\net10.0\aide.core.tests.dll" id="dad9f037-da88-6db7-5729-58304ad936ec">
      <Execution id="7e2c760e-6c9b-479c-a950-2df7a7bed9a0" />
      <TestMethod codeBase="C:\Projects\ai-de-feature-xh-p2-projection\tests\AiDe.Core.Tests\bin\Debug\net10.0\AiDe.Core.Tests.dll" adapterTypeName="executor://xunit/VsTestRunner3/netcore/" className="AiDe.Core.Tests.Watcher.CoordinationFeedTests" name="Mcp_OuterRequestMalformedToolEnvelope_ReturnsCorrelatedNegativeResponse" />
    </UnitTest>
    <UnitTest name="AiDe.Core.Tests.Watcher.CoordinationFeedTests.Mcp_OuterRequestMalformedParameters_ReturnsCorrelatedRpcError(parameters: &quot;7&quot;)" storage="c:\projects\ai-de-feature-xh-p2-projection\tests\aide.core.tests\bin\debug\net10.0\aide.core.tests.dll" id="b8efa4c5-31f6-8b77-97db-038811627df0">
      <Execution id="99af3c67-0860-48b1-b911-bf7c943de231" />
      <TestMethod codeBase="C:\Projects\ai-de-feature-xh-p2-projection\tests\AiDe.Core.Tests\bin\Debug\net10.0\AiDe.Core.Tests.dll" adapterTypeName="executor://xunit/VsTestRunner3/netcore/" className="AiDe.Core.Tests.Watcher.CoordinationFeedTests" name="Mcp_OuterRequestMalformedParameters_ReturnsCorrelatedRpcError" />
    </UnitTest>
    <UnitTest name="AiDe.Core.Tests.Watcher.CoordinationFeedTests.Pump_ResolvedSessionRepositoryDrifts_RefusesWithoutNativeEffects(kind: &quot;session-end&quot;, generation: 1)" storage="c:\projects\ai-de-feature-xh-p2-projection\tests\aide.core.tests\bin\debug\net10.0\aide.core.tests.dll" id="cb72b43c-727b-d47d-0574-848c8bae2ddd">
      <Execution id="14b2ec19-05ec-4428-8533-95a860a53704" />
      <TestMethod codeBase="C:\Projects\ai-de-feature-xh-p2-projection\tests\AiDe.Core.Tests\bin\Debug\net10.0\AiDe.Core.Tests.dll" adapterTypeName="executor://xunit/VsTestRunner3/netcore/" className="AiDe.Core.Tests.Watcher.CoordinationFeedTests" name="Pump_ResolvedSessionRepositoryDrifts_RefusesWithoutNativeEffects" />
    </UnitTest>
    <UnitTest name="AiDe.Core.Tests.Watcher.CoordinationFeedTests.Pump_ResolvedSameRepositoryNewGeneration_AppliesWithoutInventingGenerationAuthority(kind: &quot;board-post&quot;, reason: &quot;OBSERVED_BOARD&quot;)" storage="c:\projects\ai-de-feature-xh-p2-projection\tests\aide.core.tests\bin\debug\net10.0\aide.core.tests.dll" id="1334833d-2534-4290-32c5-01d1c8217e08">
      <Execution id="44072de0-e905-4191-b419-c9a92ebd5ccb" />
      <TestMethod codeBase="C:\Projects\ai-de-feature-xh-p2-projection\tests\AiDe.Core.Tests\bin\Debug\net10.0\AiDe.Core.Tests.dll" adapterTypeName="executor://xunit/VsTestRunner3/netcore/" className="AiDe.Core.Tests.Watcher.CoordinationFeedTests" name="Pump_ResolvedSameRepositoryNewGeneration_AppliesWithoutInventingGenerationAuthority" />
    </UnitTest>
    <UnitTest name="AiDe.Core.Tests.Watcher.CoordinationFeedTests.Pump_LegacyUnboundResolvedSession_RemainsCompatibleButNotPubliclyReadable" storage="c:\projects\ai-de-feature-xh-p2-projection\tests\aide.core.tests\bin\debug\net10.0\aide.core.tests.dll" id="34a2f40f-fc2f-e176-dd6f-c60638473a23">
      <Execution id="1c7aa7ab-8a2d-4ea6-bfcd-6182e19a74ce" />
      <TestMethod codeBase="C:\Projects\ai-de-feature-xh-p2-projection\tests\AiDe.Core.Tests\bin\Debug\net10.0\AiDe.Core.Tests.dll" adapterTypeName="executor://xunit/VsTestRunner3/netcore/" className="AiDe.Core.Tests.Watcher.CoordinationFeedTests" name="Pump_LegacyUnboundResolvedSession_RemainsCompatibleButNotPubliclyReadable" />
    </UnitTest>
    <UnitTest name="AiDe.Core.Tests.Watcher.CoordinationFeedTests.Pump_ResolvedSessionRepositoryDrifts_RefusesWithoutNativeEffects(kind: &quot;update&quot;, generation: 1)" storage="c:\projects\ai-de-feature-xh-p2-projection\tests\aide.core.tests\bin\debug\net10.0\aide.core.tests.dll" id="0c4cd05f-ddce-6a81-bc01-36fba99907cc">
      <Execution id="f499c562-79a7-4c92-8c10-e27935aa9c28" />
      <TestMethod codeBase="C:\Projects\ai-de-feature-xh-p2-projection\tests\AiDe.Core.Tests\bin\Debug\net10.0\AiDe.Core.Tests.dll" adapterTypeName="executor://xunit/VsTestRunner3/netcore/" className="AiDe.Core.Tests.Watcher.CoordinationFeedTests" name="Pump_ResolvedSessionRepositoryDrifts_RefusesWithoutNativeEffects" />
    </UnitTest>
    <UnitTest name="AiDe.Core.Tests.Watcher.CoordinationFeedTests.Pump_ResolvedSessionRepositoryDrifts_RefusesWithoutNativeEffects(kind: &quot;session-end&quot;, generation: 2)" storage="c:\projects\ai-de-feature-xh-p2-projection\tests\aide.core.tests\bin\debug\net10.0\aide.core.tests.dll" id="0016a6b5-f284-bf49-1cb4-4407b8d837b2">
      <Execution id="1833bd7d-9f26-422a-8d05-ffb855573a2a" />
      <TestMethod codeBase="C:\Projects\ai-de-feature-xh-p2-projection\tests\AiDe.Core.Tests\bin\Debug\net10.0\AiDe.Core.Tests.dll" adapterTypeName="executor://xunit/VsTestRunner3/netcore/" className="AiDe.Core.Tests.Watcher.CoordinationFeedTests" name="Pump_ResolvedSessionRepositoryDrifts_RefusesWithoutNativeEffects" />
    </UnitTest>
    <UnitTest name="AiDe.Core.Tests.Watcher.CoordinationFeedTests.Mcp_OuterRequestMalformedToolEnvelope_ReturnsCorrelatedNegativeResponse(parameters: &quot;{\&quot;arguments\&quot;:{}}&quot;)" storage="c:\projects\ai-de-feature-xh-p2-projection\tests\aide.core.tests\bin\debug\net10.0\aide.core.tests.dll" id="64f7c848-7d3b-91b2-078d-ad23901c9af9">
      <Execution id="3dd6dacf-8c4e-4c89-b505-979f4fd8646a" />
      <TestMethod codeBase="C:\Projects\ai-de-feature-xh-p2-projection\tests\AiDe.Core.Tests\bin\Debug\net10.0\AiDe.Core.Tests.dll" adapterTypeName="executor://xunit/VsTestRunner3/netcore/" className="AiDe.Core.Tests.Watcher.CoordinationFeedTests" name="Mcp_OuterRequestMalformedToolEnvelope_ReturnsCorrelatedNegativeResponse" />
    </UnitTest>
    <UnitTest name="AiDe.Core.Tests.Watcher.CoordinationFeedTests.Mcp_MalformedArgumentsContainer_ReturnsTypedInvalidRequest(arguments: &quot;\&quot;private-marker\&quot;&quot;)" storage="c:\projects\ai-de-feature-xh-p2-projection\tests\aide.core.tests\bin\debug\net10.0\aide.core.tests.dll" id="be7f5e14-3f14-ac85-e5df-5d4f6e94b32d">
      <Execution id="3817721e-f1d3-49a1-bd58-20b634084bcc" />
      <TestMethod codeBase="C:\Projects\ai-de-feature-xh-p2-projection\tests\AiDe.Core.Tests\bin\Debug\net10.0\AiDe.Core.Tests.dll" adapterTypeName="executor://xunit/VsTestRunner3/netcore/" className="AiDe.Core.Tests.Watcher.CoordinationFeedTests" name="Mcp_MalformedArgumentsContainer_ReturnsTypedInvalidRequest" />
    </UnitTest>
    <UnitTest name="AiDe.Core.Tests.Watcher.CoordinationFeedTests.Pump_ResolvedSessionRepositoryDrifts_RefusesWithoutNativeEffects(kind: &quot;heartbeat&quot;, generation: 1)" storage="c:\projects\ai-de-feature-xh-p2-projection\tests\aide.core.tests\bin\debug\net10.0\aide.core.tests.dll" id="02f6c73e-2c1d-09c4-2cbb-68179440942a">
      <Execution id="054dd55c-3032-411b-be4b-2831c0219832" />
      <TestMethod codeBase="C:\Projects\ai-de-feature-xh-p2-projection\tests\AiDe.Core.Tests\bin\Debug\net10.0\AiDe.Core.Tests.dll" adapterTypeName="executor://xunit/VsTestRunner3/netcore/" className="AiDe.Core.Tests.Watcher.CoordinationFeedTests" name="Pump_ResolvedSessionRepositoryDrifts_RefusesWithoutNativeEffects" />
    </UnitTest>
    <UnitTest name="AiDe.Core.Tests.Watcher.CoordinationFeedTests.Pump_ResolvedSameRepositoryNewGeneration_AppliesWithoutInventingGenerationAuthority(kind: &quot;session-end&quot;, reason: &quot;OBSERVED_END&quot;)" storage="c:\projects\ai-de-feature-xh-p2-projection\tests\aide.core.tests\bin\debug\net10.0\aide.core.tests.dll" id="58f9989e-81e5-5aa3-580c-553396de8b8f">
      <Execution id="0283f7c5-e4a4-4166-b1bc-e6f8bce92919" />
      <TestMethod codeBase="C:\Projects\ai-de-feature-xh-p2-projection\tests\AiDe.Core.Tests\bin\Debug\net10.0\AiDe.Core.Tests.dll" adapterTypeName="executor://xunit/VsTestRunner3/netcore/" className="AiDe.Core.Tests.Watcher.CoordinationFeedTests" name="Pump_ResolvedSameRepositoryNewGeneration_AppliesWithoutInventingGenerationAuthority" />
    </UnitTest>
    <UnitTest name="AiDe.Core.Tests.Watcher.CoordinationFeedTests.Pump_ResolvedSameRepositoryNewGeneration_AppliesWithoutInventingGenerationAuthority(kind: &quot;update&quot;, reason: &quot;OBSERVED_UPDATE&quot;)" storage="c:\projects\ai-de-feature-xh-p2-projection\tests\aide.core.tests\bin\debug\net10.0\aide.core.tests.dll" id="585dadd6-ebc0-3c3f-765e-7d7b23046bfc">
      <Execution id="136a7985-21ca-4018-b976-8799b43c74ec" />
      <TestMethod codeBase="C:\Projects\ai-de-feature-xh-p2-projection\tests\AiDe.Core.Tests\bin\Debug\net10.0\AiDe.Core.Tests.dll" adapterTypeName="executor://xunit/VsTestRunner3/netcore/" className="AiDe.Core.Tests.Watcher.CoordinationFeedTests" name="Pump_ResolvedSameRepositoryNewGeneration_AppliesWithoutInventingGenerationAuthority" />
    </UnitTest>
    <UnitTest name="AiDe.Core.Tests.Watcher.CoordinationFeedTests.Pump_ResolvedSameRepositoryNewGeneration_AppliesWithoutInventingGenerationAuthority(kind: &quot;heartbeat&quot;, reason: &quot;OBSERVED_HEARTBEAT&quot;)" storage="c:\projects\ai-de-feature-xh-p2-projection\tests\aide.core.tests\bin\debug\net10.0\aide.core.tests.dll" id="e7aa839b-cff8-33c5-a2be-0dcb89f85cf9">
      <Execution id="25651fd0-0da7-48e2-8818-aeb0420e0574" />
      <TestMethod codeBase="C:\Projects\ai-de-feature-xh-p2-projection\tests\AiDe.Core.Tests\bin\Debug\net10.0\AiDe.Core.Tests.dll" adapterTypeName="executor://xunit/VsTestRunner3/netcore/" className="AiDe.Core.Tests.Watcher.CoordinationFeedTests" name="Pump_ResolvedSameRepositoryNewGeneration_AppliesWithoutInventingGenerationAuthority" />
    </UnitTest>
    <UnitTest name="AiDe.Core.Tests.Watcher.CoordinationFeedTests.Mcp_MalformedArgumentsContainer_ReturnsTypedInvalidRequest(arguments: &quot;[]&quot;)" storage="c:\projects\ai-de-feature-xh-p2-projection\tests\aide.core.tests\bin\debug\net10.0\aide.core.tests.dll" id="ceacb8da-0262-6618-3244-725b7a22629f">
      <Execution id="a85b7abc-5525-42bf-9825-8926e5fb9588" />
      <TestMethod codeBase="C:\Projects\ai-de-feature-xh-p2-projection\tests\AiDe.Core.Tests\bin\Debug\net10.0\AiDe.Core.Tests.dll" adapterTypeName="executor://xunit/VsTestRunner3/netcore/" className="AiDe.Core.Tests.Watcher.CoordinationFeedTests" name="Mcp_MalformedArgumentsContainer_ReturnsTypedInvalidRequest" />
    </UnitTest>
    <UnitTest name="AiDe.Core.Tests.Watcher.CoordinationFeedTests.Mcp_OuterRequestMalformedToolEnvelope_ReturnsCorrelatedNegativeResponse(parameters: &quot;{\&quot;name\&quot;:[],\&quot;arguments\&quot;:{}}&quot;)" storage="c:\projects\ai-de-feature-xh-p2-projection\tests\aide.core.tests\bin\debug\net10.0\aide.core.tests.dll" id="45d6b7b0-18d7-1367-d4f8-4079c0e16f4a">
      <Execution id="6319cd8f-3baa-4269-b57f-ae7722494f4f" />
      <TestMethod codeBase="C:\Projects\ai-de-feature-xh-p2-projection\tests\AiDe.Core.Tests\bin\Debug\net10.0\AiDe.Core.Tests.dll" adapterTypeName="executor://xunit/VsTestRunner3/netcore/" className="AiDe.Core.Tests.Watcher.CoordinationFeedTests" name="Mcp_OuterRequestMalformedToolEnvelope_ReturnsCorrelatedNegativeResponse" />
    </UnitTest>
    <UnitTest name="AiDe.Core.Tests.Watcher.CoordinationFeedTests.Pump_ResolvedSessionRepositoryDrifts_RefusesWithoutNativeEffects(kind: &quot;update&quot;, generation: 2)" storage="c:\projects\ai-de-feature-xh-p2-projection\tests\aide.core.tests\bin\debug\net10.0\aide.core.tests.dll" id="f9edeccb-deac-423f-7c1f-279bb0cb4aba">
      <Execution id="e73509af-a6bb-434d-9ef3-71f4a54040d0" />
      <TestMethod codeBase="C:\Projects\ai-de-feature-xh-p2-projection\tests\AiDe.Core.Tests\bin\Debug\net10.0\AiDe.Core.Tests.dll" adapterTypeName="executor://xunit/VsTestRunner3/netcore/" className="AiDe.Core.Tests.Watcher.CoordinationFeedTests" name="Pump_ResolvedSessionRepositoryDrifts_RefusesWithoutNativeEffects" />
    </UnitTest>
    <UnitTest name="AiDe.Core.Tests.Watcher.CoordinationFeedTests.Mcp_MalformedArgumentsContainer_ReturnsTypedInvalidRequest(arguments: &quot;7&quot;)" storage="c:\projects\ai-de-feature-xh-p2-projection\tests\aide.core.tests\bin\debug\net10.0\aide.core.tests.dll" id="6fa93fd9-a6d4-e1d9-ecd9-867cd89516d1">
      <Execution id="9b07d4fb-3b59-495a-bbaa-6d843e83c409" />
      <TestMethod codeBase="C:\Projects\ai-de-feature-xh-p2-projection\tests\AiDe.Core.Tests\bin\Debug\net10.0\AiDe.Core.Tests.dll" adapterTypeName="executor://xunit/VsTestRunner3/netcore/" className="AiDe.Core.Tests.Watcher.CoordinationFeedTests" name="Mcp_MalformedArgumentsContainer_ReturnsTypedInvalidRequest" />
    </UnitTest>
    <UnitTest name="AiDe.Core.Tests.Watcher.CoordinationFeedTests.Pump_ResolvedSessionRepositoryDrifts_RefusesWithoutNativeEffects(kind: &quot;heartbeat&quot;, generation: 2)" storage="c:\projects\ai-de-feature-xh-p2-projection\tests\aide.core.tests\bin\debug\net10.0\aide.core.tests.dll" id="34ede12b-c92a-3f64-2aa0-19e8b92f261b">
      <Execution id="99c1c53f-a981-4739-b798-ca1af800c7a7" />
      <TestMethod codeBase="C:\Projects\ai-de-feature-xh-p2-projection\tests\AiDe.Core.Tests\bin\Debug\net10.0\AiDe.Core.Tests.dll" adapterTypeName="executor://xunit/VsTestRunner3/netcore/" className="AiDe.Core.Tests.Watcher.CoordinationFeedTests" name="Pump_ResolvedSessionRepositoryDrifts_RefusesWithoutNativeEffects" />
    </UnitTest>
    <UnitTest name="AiDe.Core.Tests.Watcher.CoordinationFeedTests.Mcp_OuterRequestMalformedToolEnvelope_ReturnsCorrelatedNegativeResponse(parameters: &quot;{\&quot;name\&quot;:\&quot;aide_coordination_read\&quot;,\&quot;arguments\&quot;&quot;···)" storage="c:\projects\ai-de-feature-xh-p2-projection\tests\aide.core.tests\bin\debug\net10.0\aide.core.tests.dll" id="3a522f54-68fa-04a9-692f-ed94d1747503">
      <Execution id="1ad59ff4-3d00-4bcf-bbd0-360d5e1631b0" />
      <TestMethod codeBase="C:\Projects\ai-de-feature-xh-p2-projection\tests\AiDe.Core.Tests\bin\Debug\net10.0\AiDe.Core.Tests.dll" adapterTypeName="executor://xunit/VsTestRunner3/netcore/" className="AiDe.Core.Tests.Watcher.CoordinationFeedTests" name="Mcp_OuterRequestMalformedToolEnvelope_ReturnsCorrelatedNegativeResponse" />
    </UnitTest>
    <UnitTest name="AiDe.Core.Tests.Watcher.CoordinationFeedTests.Mcp_OuterRequestMalformedParameters_ReturnsCorrelatedRpcError(parameters: &quot;\&quot;private-marker\&quot;&quot;)" storage="c:\projects\ai-de-feature-xh-p2-projection\tests\aide.core.tests\bin\debug\net10.0\aide.core.tests.dll" id="e7371178-ecfd-486e-b663-3be5c80ebaa6">
      <Execution id="3b164fc4-ab22-475b-a4b7-84a879b661b8" />
      <TestMethod codeBase="C:\Projects\ai-de-feature-xh-p2-projection\tests\AiDe.Core.Tests\bin\Debug\net10.0\AiDe.Core.Tests.dll" adapterTypeName="executor://xunit/VsTestRunner3/netcore/" className="AiDe.Core.Tests.Watcher.CoordinationFeedTests" name="Mcp_OuterRequestMalformedParameters_ReturnsCorrelatedRpcError" />
    </UnitTest>
    <UnitTest name="AiDe.Core.Tests.Watcher.CoordinationFeedTests.Pump_ResolvedSessionRepositoryDrifts_RefusesWithoutNativeEffects(kind: &quot;board-post&quot;, generation: 1)" storage="c:\projects\ai-de-feature-xh-p2-projection\tests\aide.core.tests\bin\debug\net10.0\aide.core.tests.dll" id="c3a67980-bff4-691d-eaa1-0f67c2a70dc2">
      <Execution id="3300dc81-a470-436e-8264-1ea58c766fca" />
      <TestMethod codeBase="C:\Projects\ai-de-feature-xh-p2-projection\tests\AiDe.Core.Tests\bin\Debug\net10.0\AiDe.Core.Tests.dll" adapterTypeName="executor://xunit/VsTestRunner3/netcore/" className="AiDe.Core.Tests.Watcher.CoordinationFeedTests" name="Pump_ResolvedSessionRepositoryDrifts_RefusesWithoutNativeEffects" />
    </UnitTest>
    <UnitTest name="AiDe.Core.Tests.Watcher.CoordinationFeedTests.Mcp_OuterRequestMalformedToolEnvelope_ReturnsCorrelatedNegativeResponse(parameters: &quot;{\&quot;name\&quot;:\&quot;aide_coordination_read\&quot;,\&quot;arguments\&quot;&quot;···)" storage="c:\projects\ai-de-feature-xh-p2-projection\tests\aide.core.tests\bin\debug\net10.0\aide.core.tests.dll" id="dd063267-98be-4796-94d4-ea6fdcc3f328">
      <Execution id="136030dd-40e3-476a-93b3-8e3513f158c6" />
      <TestMethod codeBase="C:\Projects\ai-de-feature-xh-p2-projection\tests\AiDe.Core.Tests\bin\Debug\net10.0\AiDe.Core.Tests.dll" adapterTypeName="executor://xunit/VsTestRunner3/netcore/" className="AiDe.Core.Tests.Watcher.CoordinationFeedTests" name="Mcp_OuterRequestMalformedToolEnvelope_ReturnsCorrelatedNegativeResponse" />
    </UnitTest>
    <UnitTest name="AiDe.Core.Tests.Watcher.CoordinationFeedTests.Mcp_OuterRequestMalformedToolEnvelope_ReturnsCorrelatedNegativeResponse(parameters: &quot;{\&quot;name\&quot;:null,\&quot;arguments\&quot;:{}}&quot;)" storage="c:\projects\ai-de-feature-xh-p2-projection\tests\aide.core.tests\bin\debug\net10.0\aide.core.tests.dll" id="84d285f4-77ad-6e1b-2086-2a2575083ce7">
      <Execution id="3711b8da-1810-44d1-95b0-b70d6356a238" />
      <TestMethod codeBase="C:\Projects\ai-de-feature-xh-p2-projection\tests\AiDe.Core.Tests\bin\Debug\net10.0\AiDe.Core.Tests.dll" adapterTypeName="executor://xunit/VsTestRunner3/netcore/" className="AiDe.Core.Tests.Watcher.CoordinationFeedTests" name="Mcp_OuterRequestMalformedToolEnvelope_ReturnsCorrelatedNegativeResponse" />
    </UnitTest>
    <UnitTest name="AiDe.Core.Tests.Watcher.CoordinationFeedTests.Mcp_OuterRequestMalformedToolEnvelope_ReturnsCorrelatedNegativeResponse(parameters: &quot;{\&quot;name\&quot;:7,\&quot;arguments\&quot;:{}}&quot;)" storage="c:\projects\ai-de-feature-xh-p2-projection\tests\aide.core.tests\bin\debug\net10.0\aide.core.tests.dll" id="be0104b3-7a8c-832c-a6a9-4070b75b1132">
      <Execution id="d25f221f-8a6c-4f31-9d8a-c36e235793f6" />
      <TestMethod codeBase="C:\Projects\ai-de-feature-xh-p2-projection\tests\AiDe.Core.Tests\bin\Debug\net10.0\AiDe.Core.Tests.dll" adapterTypeName="executor://xunit/VsTestRunner3/netcore/" className="AiDe.Core.Tests.Watcher.CoordinationFeedTests" name="Mcp_OuterRequestMalformedToolEnvelope_ReturnsCorrelatedNegativeResponse" />
    </UnitTest>
  </TestDefinitions>
  <TestEntries>
    <TestEntry testId="0016a6b5-f284-bf49-1cb4-4407b8d837b2" executionId="1833bd7d-9f26-422a-8d05-ffb855573a2a" testListId="8c84fa94-04c1-424b-9868-57a2d4851a1d" />
    <TestEntry testId="6fa93fd9-a6d4-e1d9-ecd9-867cd89516d1" executionId="9b07d4fb-3b59-495a-bbaa-6d843e83c409" testListId="8c84fa94-04c1-424b-9868-57a2d4851a1d" />
    <TestEntry testId="34ede12b-c92a-3f64-2aa0-19e8b92f261b" executionId="99c1c53f-a981-4739-b798-ca1af800c7a7" testListId="8c84fa94-04c1-424b-9868-57a2d4851a1d" />
    <TestEntry testId="e7371178-ecfd-486e-b663-3be5c80ebaa6" executionId="3b164fc4-ab22-475b-a4b7-84a879b661b8" testListId="8c84fa94-04c1-424b-9868-57a2d4851a1d" />
    <TestEntry testId="e7aa839b-cff8-33c5-a2be-0dcb89f85cf9" executionId="25651fd0-0da7-48e2-8818-aeb0420e0574" testListId="8c84fa94-04c1-424b-9868-57a2d4851a1d" />
    <TestEntry testId="3a522f54-68fa-04a9-692f-ed94d1747503" executionId="1ad59ff4-3d00-4bcf-bbd0-360d5e1631b0" testListId="8c84fa94-04c1-424b-9868-57a2d4851a1d" />
    <TestEntry testId="c3a67980-bff4-691d-eaa1-0f67c2a70dc2" executionId="3300dc81-a470-436e-8264-1ea58c766fca" testListId="8c84fa94-04c1-424b-9868-57a2d4851a1d" />
    <TestEntry testId="1334833d-2534-4290-32c5-01d1c8217e08" executionId="44072de0-e905-4191-b419-c9a92ebd5ccb" testListId="8c84fa94-04c1-424b-9868-57a2d4851a1d" />
    <TestEntry testId="58f9989e-81e5-5aa3-580c-553396de8b8f" executionId="0283f7c5-e4a4-4166-b1bc-e6f8bce92919" testListId="8c84fa94-04c1-424b-9868-57a2d4851a1d" />
    <TestEntry testId="45d6b7b0-18d7-1367-d4f8-4079c0e16f4a" executionId="6319cd8f-3baa-4269-b57f-ae7722494f4f" testListId="8c84fa94-04c1-424b-9868-57a2d4851a1d" />
    <TestEntry testId="0c4cd05f-ddce-6a81-bc01-36fba99907cc" executionId="f499c562-79a7-4c92-8c10-e27935aa9c28" testListId="8c84fa94-04c1-424b-9868-57a2d4851a1d" />
    <TestEntry testId="ceacb8da-0262-6618-3244-725b7a22629f" executionId="a85b7abc-5525-42bf-9825-8926e5fb9588" testListId="8c84fa94-04c1-424b-9868-57a2d4851a1d" />
    <TestEntry testId="f9edeccb-deac-423f-7c1f-279bb0cb4aba" executionId="e73509af-a6bb-434d-9ef3-71f4a54040d0" testListId="8c84fa94-04c1-424b-9868-57a2d4851a1d" />
    <TestEntry testId="be7f5e14-3f14-ac85-e5df-5d4f6e94b32d" executionId="3817721e-f1d3-49a1-bd58-20b634084bcc" testListId="8c84fa94-04c1-424b-9868-57a2d4851a1d" />
    <TestEntry testId="f32dd8de-12c6-dc9f-ca6e-da195e217153" executionId="ca21107e-d2e3-450a-ab51-072bac87d6b7" testListId="8c84fa94-04c1-424b-9868-57a2d4851a1d" />
    <TestEntry testId="be0104b3-7a8c-832c-a6a9-4070b75b1132" executionId="d25f221f-8a6c-4f31-9d8a-c36e235793f6" testListId="8c84fa94-04c1-424b-9868-57a2d4851a1d" />
    <TestEntry testId="64f7c848-7d3b-91b2-078d-ad23901c9af9" executionId="3dd6dacf-8c4e-4c89-b505-979f4fd8646a" testListId="8c84fa94-04c1-424b-9868-57a2d4851a1d" />
    <TestEntry testId="b8efa4c5-31f6-8b77-97db-038811627df0" executionId="99af3c67-0860-48b1-b911-bf7c943de231" testListId="8c84fa94-04c1-424b-9868-57a2d4851a1d" />
    <TestEntry testId="dad9f037-da88-6db7-5729-58304ad936ec" executionId="7e2c760e-6c9b-479c-a950-2df7a7bed9a0" testListId="8c84fa94-04c1-424b-9868-57a2d4851a1d" />
    <TestEntry testId="84d285f4-77ad-6e1b-2086-2a2575083ce7" executionId="3711b8da-1810-44d1-95b0-b70d6356a238" testListId="8c84fa94-04c1-424b-9868-57a2d4851a1d" />
    <TestEntry testId="dd063267-98be-4796-94d4-ea6fdcc3f328" executionId="136030dd-40e3-476a-93b3-8e3513f158c6" testListId="8c84fa94-04c1-424b-9868-57a2d4851a1d" />
    <TestEntry testId="cb72b43c-727b-d47d-0574-848c8bae2ddd" executionId="14b2ec19-05ec-4428-8533-95a860a53704" testListId="8c84fa94-04c1-424b-9868-57a2d4851a1d" />
    <TestEntry testId="34a2f40f-fc2f-e176-dd6f-c60638473a23" executionId="1c7aa7ab-8a2d-4ea6-bfcd-6182e19a74ce" testListId="8c84fa94-04c1-424b-9868-57a2d4851a1d" />
    <TestEntry testId="02f6c73e-2c1d-09c4-2cbb-68179440942a" executionId="054dd55c-3032-411b-be4b-2831c0219832" testListId="8c84fa94-04c1-424b-9868-57a2d4851a1d" />
    <TestEntry testId="585dadd6-ebc0-3c3f-765e-7d7b23046bfc" executionId="136a7985-21ca-4018-b976-8799b43c74ec" testListId="8c84fa94-04c1-424b-9868-57a2d4851a1d" />
    <TestEntry testId="d52f83c0-26d9-a155-fca6-7afd0729c431" executionId="3dc59746-87fc-446e-a611-f30d23dbfba0" testListId="8c84fa94-04c1-424b-9868-57a2d4851a1d" />
  </TestEntries>
  <TestLists>
    <TestList name="Results Not in a List" id="8c84fa94-04c1-424b-9868-57a2d4851a1d" />
    <TestList name="All Loaded Results" id="19431567-8539-422a-85d7-44ee4e166bda" />
  </TestLists>
  <ResultSummary outcome="Completed">
    <Counters total="26" executed="26" passed="26" failed="0" error="0" timeout="0" aborted="0" inconclusive="0" passedButRunAborted="0" notRunnable="0" notExecuted="0" disconnected="0" warning="0" completed="0" inProgress="0" pending="0" />
    <Output>
      <StdOut>[xUnit.net 00:00:00.00] xUnit.net VSTest Adapter v3.1.4+50e68bbb8b (64-bit .NET 10.0.11)&#xD;
[xUnit.net 00:00:00.07]   Discovering: AiDe.Core.Tests&#xD;
[xUnit.net 00:00:00.25]   Discovered:  AiDe.Core.Tests&#xD;
[xUnit.net 00:00:00.27]   Starting:    AiDe.Core.Tests&#xD;
[xUnit.net 00:00:00.59]   Finished:    AiDe.Core.Tests&#xD;
</StdOut>
    </Output>
  </ResultSummary>
</TestRun>