<?xml version="1.0" encoding="utf-8"?>
<TestRun id="e7e07123-9fa4-4392-b192-50ba0ba70d4a" name="malla@TIMMALLSTRIX 2026-09-17 10:48:12" runUser="TIMMALLSTRIX\malla" xmlns="http://microsoft.com/schemas/VisualStudio/TeamTest/2010">
  <Times creation="2026-09-17T10:48:12.4835264-07:00" queuing="2026-09-17T10:48:12.4835267-07:00" start="2026-09-17T10:48:10.7276584-07:00" finish="2026-09-17T10:48:13.7511832-07:00" />
  <TestSettings name="default" id="7079b9f7-b672-4f3e-bfe1-7c4b3bc1565a">
    <Deployment runDeploymentRoot="malla_TIMMALLSTRIX_2026-09-17_10_48_12" />
  </TestSettings>
  <Results>
    <UnitTestResult executionId="8426fe5c-9a5f-4cbf-b457-532602204fbb" testId="1e4be4d7-9dad-1f3d-f9e6-8bf47a06fb2f" testName="AiDe.Core.Tests.Watcher.CanonicalCoordinationBindingTests.Bind_InvalidBacklink_RefusesWithoutSource(kind: &quot;malformed&quot;, expectedStatus: &quot;Unavailable&quot;)" computerName="TIMMALLSTRIX" duration="00:00:00.1424933" startTime="2026-09-17T10:48:11.9087341-07:00" endTime="2026-09-17T10:48:12.0507354-07:00" testType="13cdc9d9-ddb5-4fa4-a97d-d965ccfc6d4b" outcome="Passed" testListId="8c84fa94-04c1-424b-9868-57a2d4851a1d" relativeResultsDirectory="8426fe5c-9a5f-4cbf-b457-532602204fbb" />
    <UnitTestResult executionId="6492a7ca-e384-4a03-a3b5-e724c86d4355" testId="d28bc181-f230-8c00-97a9-a7fdf41d1c6f" testName="AiDe.Core.Tests.Watcher.CanonicalCoordinationBindingTests.Bind_InvalidBacklink_RefusesWithoutSource(kind: &quot;oversized&quot;, expectedStatus: &quot;Unavailable&quot;)" computerName="TIMMALLSTRIX" duration="00:00:00.1504162" startTime="2026-09-17T10:48:11.7633684-07:00" endTime="2026-09-17T10:48:11.9082031-07:00" testType="13cdc9d9-ddb5-4fa4-a97d-d965ccfc6d4b" outcome="Passed" testListId="8c84fa94-04c1-424b-9868-57a2d4851a1d" relativeResultsDirectory="6492a7ca-e384-4a03-a3b5-e724c86d4355" />
    <UnitTestResult executionId="61293a30-2f00-465d-9f66-075d9d67413c" testId="0f3eb7b8-23d1-db61-72e3-1f5fe60f5ef5" testName="AiDe.Core.Tests.Watcher.CanonicalCoordinationRecordTests.Parse_CodecAcceptedBadEnvelope_RejectsSchema(name: &quot;boolean-sequence&quot;)" computerName="TIMMALLSTRIX" duration="00:00:00.0014086" startTime="2026-09-17T10:48:13.5548789-07:00" endTime="2026-09-17T10:48:13.5557527-07:00" testType="13cdc9d9-ddb5-4fa4-a97d-d965ccfc6d4b" outcome="Passed" testListId="8c84fa94-04c1-424b-9868-57a2d4851a1d" relativeResultsDirectory="61293a30-2f00-465d-9f66-075d9d67413c" />
    <UnitTestResult executionId="0a095a1c-55cd-42c0-8c73-42e5e45a9293" testId="bd544f77-b806-1759-78f6-856ca0841d4b" testName="AiDe.Core.Tests.Watcher.CanonicalCoordinationBindingTests.Bind_InvalidBacklink_RefusesWithoutSource(kind: &quot;invalid-utf8&quot;, expectedStatus: &quot;Unavailable&quot;)" computerName="TIMMALLSTRIX" duration="00:00:00.1439035" startTime="2026-09-17T10:48:12.8155362-07:00" endTime="2026-09-17T10:48:12.9593981-07:00" testType="13cdc9d9-ddb5-4fa4-a97d-d965ccfc6d4b" outcome="Passed" testListId="8c84fa94-04c1-424b-9868-57a2d4851a1d" relativeResultsDirectory="0a095a1c-55cd-42c0-8c73-42e5e45a9293" />
    <UnitTestResult executionId="00f58550-6442-4d1a-b2fb-ca192101c9ea" testId="39aabce0-fdcd-96d7-fd05-62776254800e" testName="AiDe.Core.Tests.Watcher.CanonicalCoordinationRecordTests.Parse_OriginalGoldenEvents_PreservesFullBytesAndKeys" computerName="TIMMALLSTRIX" duration="00:00:00.0205767" startTime="2026-09-17T10:48:13.5589550-07:00" endTime="2026-09-17T10:48:13.5790810-07:00" testType="13cdc9d9-ddb5-4fa4-a97d-d965ccfc6d4b" outcome="Passed" testListId="8c84fa94-04c1-424b-9868-57a2d4851a1d" relativeResultsDirectory="00f58550-6442-4d1a-b2fb-ca192101c9ea" />
    <UnitTestResult executionId="b36abf23-de91-4613-a4da-064f51df4764" testId="c25b72c8-516f-ffa0-2d22-5f7d4bfb46c4" testName="AiDe.Core.Tests.Watcher.CanonicalCoordinationRecordTests.Parse_FullReserializedFactBoundary_IncludesReceiptHashAndSpaces" computerName="TIMMALLSTRIX" duration="00:00:00.0089187" startTime="2026-09-17T10:48:13.6041288-07:00" endTime="2026-09-17T10:48:13.6129752-07:00" testType="13cdc9d9-ddb5-4fa4-a97d-d965ccfc6d4b" outcome="Passed" testListId="8c84fa94-04c1-424b-9868-57a2d4851a1d" relativeResultsDirectory="b36abf23-de91-4613-a4da-064f51df4764" />
    <UnitTestResult executionId="29f772fe-c982-48ba-ae7f-d5023cb6a9ea" testId="57aac093-ba68-9b32-801b-ac919bfe21f0" testName="AiDe.Core.Tests.Watcher.CanonicalCoordinationContractTests.Canonical_ExplicitLexicalErrors_MatchesPinnedP1Codes" computerName="TIMMALLSTRIX" duration="00:00:00.0022175" startTime="2026-09-17T10:48:13.6993469-07:00" endTime="2026-09-17T10:48:13.7014480-07:00" testType="13cdc9d9-ddb5-4fa4-a97d-d965ccfc6d4b" outcome="Passed" testListId="8c84fa94-04c1-424b-9868-57a2d4851a1d" relativeResultsDirectory="29f772fe-c982-48ba-ae7f-d5023cb6a9ea" />
    <UnitTestResult executionId="7b59e16d-5734-4ec6-9b8c-daf666983973" testId="d347e75a-c66e-fe1d-76c6-86d86baf2478" testName="AiDe.Core.Tests.Watcher.CanonicalCoordinationBindingTests.Bind_InvalidBacklink_RefusesWithoutSource(kind: &quot;foreign&quot;, expectedStatus: &quot;Unbound&quot;)" computerName="TIMMALLSTRIX" duration="00:00:00.1534982" startTime="2026-09-17T10:48:12.6619056-07:00" endTime="2026-09-17T10:48:12.8153722-07:00" testType="13cdc9d9-ddb5-4fa4-a97d-d965ccfc6d4b" outcome="Passed" testListId="8c84fa94-04c1-424b-9868-57a2d4851a1d" relativeResultsDirectory="7b59e16d-5734-4ec6-9b8c-daf666983973" />
    <UnitTestResult executionId="1f4cc13b-8818-4c9d-bcb2-636b7bd4f2f1" testId="ecc6eaf9-3d76-4b00-b348-f29d5b162661" testName="AiDe.Core.Tests.Watcher.CanonicalCoordinationBindingTests.Bind_RelativeBacklink_ResolvesAgainstAdminDirectory" computerName="TIMMALLSTRIX" duration="00:00:00.1344929" startTime="2026-09-17T10:48:13.2383147-07:00" endTime="2026-09-17T10:48:13.3727359-07:00" testType="13cdc9d9-ddb5-4fa4-a97d-d965ccfc6d4b" outcome="Passed" testListId="8c84fa94-04c1-424b-9868-57a2d4851a1d" relativeResultsDirectory="1f4cc13b-8818-4c9d-bcb2-636b7bd4f2f1" />
    <UnitTestResult executionId="6f3e4b59-fdbd-4f8c-b628-f4c48511bc90" testId="a0dc747f-56b2-e88f-6d3a-f6aa511b63d8" testName="AiDe.Core.Tests.Watcher.CanonicalCoordinationContractTests.Canonical_InvalidJson_RejectsRatherThanCoerces(hex: &quot;7b2278223a22ff227d&quot;)" computerName="TIMMALLSTRIX" duration="00:00:00.0000331" startTime="2026-09-17T10:48:13.6139387-07:00" endTime="2026-09-17T10:48:13.6139658-07:00" testType="13cdc9d9-ddb5-4fa4-a97d-d965ccfc6d4b" outcome="Passed" testListId="8c84fa94-04c1-424b-9868-57a2d4851a1d" relativeResultsDirectory="6f3e4b59-fdbd-4f8c-b628-f4c48511bc90" />
    <UnitTestResult executionId="1e5247b5-f0e2-4b34-9745-577b74fcbc51" testId="19a80946-c636-dc0f-79f5-391d1e65f78c" testName="AiDe.Core.Tests.Watcher.CanonicalCoordinationContractTests.Canonical_InvalidJson_RejectsRatherThanCoerces(hex: &quot;7b2278223a31653330397d&quot;)" computerName="TIMMALLSTRIX" duration="00:00:00.0004809" startTime="2026-09-17T10:48:13.6132241-07:00" endTime="2026-09-17T10:48:13.6136420-07:00" testType="13cdc9d9-ddb5-4fa4-a97d-d965ccfc6d4b" outcome="Passed" testListId="8c84fa94-04c1-424b-9868-57a2d4851a1d" relativeResultsDirectory="1e5247b5-f0e2-4b34-9745-577b74fcbc51" />
    <UnitTestResult executionId="d060a6bf-44a5-40de-9d0b-28047991c2b3" testId="a4d781d9-8aa2-634d-b958-1f6f61a40054" testName="AiDe.Core.Tests.Watcher.CanonicalCoordinationRecordTests.Parse_InvalidLexicalForms_ReturnsStableCode(input: &quot;{\&quot;x\&quot;:\&quot;\\ud800\&quot;}&quot;, code: &quot;XH.SCHEMA_INVALID&quot;)" computerName="TIMMALLSTRIX" duration="00:00:00.0000480" startTime="2026-09-17T10:48:13.5583448-07:00" endTime="2026-09-17T10:48:13.5583774-07:00" testType="13cdc9d9-ddb5-4fa4-a97d-d965ccfc6d4b" outcome="Passed" testListId="8c84fa94-04c1-424b-9868-57a2d4851a1d" relativeResultsDirectory="d060a6bf-44a5-40de-9d0b-28047991c2b3" />
    <UnitTestResult executionId="80383af6-16bd-4e18-83d9-0b4279fafb06" testId="b6cead87-51ec-3442-64ab-6c494b51d7f5" testName="AiDe.Core.Tests.Watcher.CanonicalCoordinationRecordTests.Parse_CodecAcceptedBadEnvelope_RejectsSchema(name: &quot;huge-timestamp&quot;)" computerName="TIMMALLSTRIX" duration="00:00:00.0015976" startTime="2026-09-17T10:48:13.5513204-07:00" endTime="2026-09-17T10:48:13.5528658-07:00" testType="13cdc9d9-ddb5-4fa4-a97d-d965ccfc6d4b" outcome="Passed" testListId="8c84fa94-04c1-424b-9868-57a2d4851a1d" relativeResultsDirectory="80383af6-16bd-4e18-83d9-0b4279fafb06" />
    <UnitTestResult executionId="5b129991-51dc-49ec-8a2c-724232507d46" testId="3a1cad49-a065-3836-99d1-311dc1801a7b" testName="AiDe.Core.Tests.Watcher.CanonicalCoordinationRecordTests.Parse_LineBoundary_CountsContentSeparately(content: 65537, ending: &quot;\n&quot;, valid: False)" computerName="TIMMALLSTRIX" duration="00:00:00.0017591" startTime="2026-09-17T10:48:13.5363632-07:00" endTime="2026-09-17T10:48:13.5380597-07:00" testType="13cdc9d9-ddb5-4fa4-a97d-d965ccfc6d4b" outcome="Passed" testListId="8c84fa94-04c1-424b-9868-57a2d4851a1d" relativeResultsDirectory="5b129991-51dc-49ec-8a2c-724232507d46" />
    <UnitTestResult executionId="eb602614-e02d-4eb3-ba60-0b9587d843b3" testId="4b79040b-c5d7-bf5e-8583-15e0d9305a5f" testName="AiDe.Core.Tests.Watcher.CanonicalCoordinationContractTests.Number_FixedFiniteWorklist_MatchesEveryPythonString" computerName="TIMMALLSTRIX" duration="00:00:00.0124204" startTime="2026-09-17T10:48:13.6868796-07:00" endTime="2026-09-17T10:48:13.6992238-07:00" testType="13cdc9d9-ddb5-4fa4-a97d-d965ccfc6d4b" outcome="Passed" testListId="8c84fa94-04c1-424b-9868-57a2d4851a1d" relativeResultsDirectory="eb602614-e02d-4eb3-ba60-0b9587d843b3" />
    <UnitTestResult executionId="eb08b981-90a8-4784-ace2-a414578c8dc3" testId="de040173-ae72-e606-c477-3b671f90e490" testName="AiDe.Core.Tests.Watcher.CanonicalCoordinationRecordTests.Parse_UnsupportedVersionsAndIntegerBound_AreVisible" computerName="TIMMALLSTRIX" duration="00:00:00.0054977" startTime="2026-09-17T10:48:13.5300995-07:00" endTime="2026-09-17T10:48:13.5343565-07:00" testType="13cdc9d9-ddb5-4fa4-a97d-d965ccfc6d4b" outcome="Passed" testListId="8c84fa94-04c1-424b-9868-57a2d4851a1d" relativeResultsDirectory="eb08b981-90a8-4784-ace2-a414578c8dc3" />
    <UnitTestResult executionId="525fd242-1fae-42cd-878c-a3e39b6c69eb" testId="b39d95a1-76de-8482-8c90-ea43b390283a" testName="AiDe.Core.Tests.Watcher.CanonicalCoordinationRecordTests.Parse_InvalidLexicalForms_ReturnsStableCode(input: &quot;{\&quot;x\&quot;:NaN}&quot;, code: &quot;XH.NONFINITE_JSON&quot;)" computerName="TIMMALLSTRIX" duration="00:00:00.0000237" startTime="2026-09-17T10:48:13.5580699-07:00" endTime="2026-09-17T10:48:13.5581058-07:00" testType="13cdc9d9-ddb5-4fa4-a97d-d965ccfc6d4b" outcome="Passed" testListId="8c84fa94-04c1-424b-9868-57a2d4851a1d" relativeResultsDirectory="525fd242-1fae-42cd-878c-a3e39b6c69eb" />
    <UnitTestResult executionId="42fb9f32-f938-45d6-8a9f-f337e9fd40f1" testId="3f356d46-9347-825a-e500-40447d24b2a6" testName="AiDe.Core.Tests.Watcher.CanonicalCoordinationBindingTests.Bind_InvalidBacklink_RefusesWithoutSource(kind: &quot;missing&quot;, expectedStatus: &quot;Unavailable&quot;)" computerName="TIMMALLSTRIX" duration="00:00:00.1359589" startTime="2026-09-17T10:48:12.0508632-07:00" endTime="2026-09-17T10:48:12.1868012-07:00" testType="13cdc9d9-ddb5-4fa4-a97d-d965ccfc6d4b" outcome="Passed" testListId="8c84fa94-04c1-424b-9868-57a2d4851a1d" relativeResultsDirectory="42fb9f32-f938-45d6-8a9f-f337e9fd40f1" />
    <UnitTestResult executionId="83a34485-658a-4501-9971-97c1682dfad1" testId="a88e60ed-87d9-b8ef-373b-adbe7250400a" testName="AiDe.Core.Tests.Watcher.CanonicalCoordinationRecordTests.Parse_WholeBodies_MatchesPinnedPythonOracle" computerName="TIMMALLSTRIX" duration="00:00:00.0226244" startTime="2026-09-17T10:48:13.5813777-07:00" endTime="2026-09-17T10:48:13.6039792-07:00" testType="13cdc9d9-ddb5-4fa4-a97d-d965ccfc6d4b" outcome="Passed" testListId="8c84fa94-04c1-424b-9868-57a2d4851a1d" relativeResultsDirectory="83a34485-658a-4501-9971-97c1682dfad1" />
    <UnitTestResult executionId="fc4c88a8-16f8-4b1e-90e3-da4b3c9f00d0" testId="505dbf23-9ed9-8c4c-4289-a59582a16eb1" testName="AiDe.Core.Tests.Watcher.CanonicalCoordinationContractTests.Canonical_PinnedPythonEvents_MatchesBytesDigestAndFullKey" computerName="TIMMALLSTRIX" duration="00:00:00.0029462" startTime="2026-09-17T10:48:13.7015379-07:00" endTime="2026-09-17T10:48:13.7044608-07:00" testType="13cdc9d9-ddb5-4fa4-a97d-d965ccfc6d4b" outcome="Passed" testListId="8c84fa94-04c1-424b-9868-57a2d4851a1d" relativeResultsDirectory="fc4c88a8-16f8-4b1e-90e3-da4b3c9f00d0" />
    <UnitTestResult executionId="24b525f7-ed3e-4867-a5fa-84e5c0ed36d4" testId="443acbfa-1f1b-92c0-e00c-5b47fba55d75" testName="AiDe.Core.Tests.Watcher.CanonicalCoordinationRecordTests.Parse_LineBoundary_CountsContentSeparately(content: 65536, ending: &quot;\r\n&quot;, valid: True)" computerName="TIMMALLSTRIX" duration="00:00:00.0018532" startTime="2026-09-17T10:48:13.5344843-07:00" endTime="2026-09-17T10:48:13.5362662-07:00" testType="13cdc9d9-ddb5-4fa4-a97d-d965ccfc6d4b" outcome="Passed" testListId="8c84fa94-04c1-424b-9868-57a2d4851a1d" relativeResultsDirectory="24b525f7-ed3e-4867-a5fa-84e5c0ed36d4" />
    <UnitTestResult executionId="0b804866-2bcc-447a-bf07-a4901049eecc" testId="77fbe380-4959-e7ec-b14c-a1b69e50d338" testName="AiDe.Core.Tests.Watcher.CanonicalCoordinationBindingTests.Bind_UnknownMembership_DoesNotProbeInvalidFilesystemPaths" computerName="TIMMALLSTRIX" duration="00:00:00.0019448" startTime="2026-09-17T10:48:13.0951050-07:00" endTime="2026-09-17T10:48:13.0968655-07:00" testType="13cdc9d9-ddb5-4fa4-a97d-d965ccfc6d4b" outcome="Passed" testListId="8c84fa94-04c1-424b-9868-57a2d4851a1d" relativeResultsDirectory="0b804866-2bcc-447a-bf07-a4901049eecc" />
    <UnitTestResult executionId="517a68f4-8f83-4b7a-9d2e-8e5740813ffa" testId="cc15bfd1-3d60-e37c-1eb9-eb0019f99433" testName="AiDe.Core.Tests.Watcher.CanonicalCoordinationRecordTests.Parse_CodecAcceptedBadEnvelope_RejectsSchema(name: &quot;integer-generation&quot;)" computerName="TIMMALLSTRIX" duration="00:00:00.0022478" startTime="2026-09-17T10:48:13.5490915-07:00" endTime="2026-09-17T10:48:13.5512363-07:00" testType="13cdc9d9-ddb5-4fa4-a97d-d965ccfc6d4b" outcome="Passed" testListId="8c84fa94-04c1-424b-9868-57a2d4851a1d" relativeResultsDirectory="517a68f4-8f83-4b7a-9d2e-8e5740813ffa" />
    <UnitTestResult executionId="e899f857-a29c-4370-8af7-a5356c79d917" testId="395c8784-4426-51b0-ecd4-04f4c6ac2ce6" testName="AiDe.Core.Tests.Watcher.CanonicalCoordinationBindingTests.Bind_CopiedLinkedPointer_RefusesImpostorWithoutSource" computerName="TIMMALLSTRIX" duration="00:00:00.1411617" startTime="2026-09-17T10:48:13.0969638-07:00" endTime="2026-09-17T10:48:13.2381287-07:00" testType="13cdc9d9-ddb5-4fa4-a97d-d965ccfc6d4b" outcome="Passed" testListId="8c84fa94-04c1-424b-9868-57a2d4851a1d" relativeResultsDirectory="e899f857-a29c-4370-8af7-a5356c79d917" />
    <UnitTestResult executionId="89863290-202f-4ef5-aa3e-cfef8a85f78d" testId="f74d8479-1767-9c92-7f10-7513def40daf" testName="AiDe.Core.Tests.Watcher.CanonicalCoordinationRecordTests.Parse_ReceiptExcludedFromDigest_StillValidatesReceiptAndDigest" computerName="TIMMALLSTRIX" duration="00:00:00.0021517" startTime="2026-09-17T10:48:13.5792405-07:00" endTime="2026-09-17T10:48:13.5812508-07:00" testType="13cdc9d9-ddb5-4fa4-a97d-d965ccfc6d4b" outcome="Passed" testListId="8c84fa94-04c1-424b-9868-57a2d4851a1d" relativeResultsDirectory="89863290-202f-4ef5-aa3e-cfef8a85f78d" />
    <UnitTestResult executionId="0526376e-7ca1-4fb1-b847-263d4eff2775" testId="c173687a-2cd6-f42b-dabd-4d44b6eeb9c4" testName="AiDe.Core.Tests.Watcher.CanonicalCoordinationRecordTests.Parse_InvalidLexicalForms_ReturnsStableCode(input: &quot;null&quot;, code: &quot;XH.SCHEMA_INVALID&quot;)" computerName="TIMMALLSTRIX" duration="00:00:00.0000063" startTime="2026-09-17T10:48:13.5581643-07:00" endTime="2026-09-17T10:48:13.5581999-07:00" testType="13cdc9d9-ddb5-4fa4-a97d-d965ccfc6d4b" outcome="Passed" testListId="8c84fa94-04c1-424b-9868-57a2d4851a1d" relativeResultsDirectory="0526376e-7ca1-4fb1-b847-263d4eff2775" />
    <UnitTestResult executionId="54c73dc7-6ba6-4c0e-bf41-07a0af28a98b" testId="8326e243-53bd-1e07-53f6-d37f6e90dba3" testName="AiDe.Core.Tests.Watcher.CanonicalCoordinationBindingTests.Bind_InvalidBacklink_RefusesWithoutSource(kind: &quot;swap&quot;, expectedStatus: &quot;Unbound&quot;)" computerName="TIMMALLSTRIX" duration="00:00:00.1966729" startTime="2026-09-17T10:48:12.4655316-07:00" endTime="2026-09-17T10:48:12.6617554-07:00" testType="13cdc9d9-ddb5-4fa4-a97d-d965ccfc6d4b" outcome="Passed" testListId="8c84fa94-04c1-424b-9868-57a2d4851a1d" relativeResultsDirectory="54c73dc7-6ba6-4c0e-bf41-07a0af28a98b" />
    <UnitTestResult executionId="322843b7-620c-458a-b78b-ece1771286ce" testId="c1bae7a0-bdfc-dfb3-edfb-90472da4a62e" testName="AiDe.Core.Tests.Watcher.CanonicalCoordinationBindingTests.Bind_InvalidBacklink_RefusesWithoutSource(kind: &quot;reparse&quot;, expectedStatus: &quot;Unavailable&quot;)" computerName="TIMMALLSTRIX" duration="00:00:00.2780605" startTime="2026-09-17T10:48:12.1869426-07:00" endTime="2026-09-17T10:48:12.4649637-07:00" testType="13cdc9d9-ddb5-4fa4-a97d-d965ccfc6d4b" outcome="Passed" testListId="8c84fa94-04c1-424b-9868-57a2d4851a1d" relativeResultsDirectory="322843b7-620c-458a-b78b-ece1771286ce" />
    <UnitTestResult executionId="f6ff5012-3e1d-43c9-be64-00b1363fa99d" testId="fde9c9dc-ebd9-67c7-e8e1-fe231e3d080b" testName="AiDe.Core.Tests.Watcher.CanonicalCoordinationRecordTests.Parse_LineBoundary_CountsContentSeparately(content: 65537, ending: &quot;\r\n&quot;, valid: False)" computerName="TIMMALLSTRIX" duration="00:00:00.0014974" startTime="2026-09-17T10:48:13.5381389-07:00" endTime="2026-09-17T10:48:13.5395825-07:00" testType="13cdc9d9-ddb5-4fa4-a97d-d965ccfc6d4b" outcome="Passed" testListId="8c84fa94-04c1-424b-9868-57a2d4851a1d" relativeResultsDirectory="f6ff5012-3e1d-43c9-be64-00b1363fa99d" />
    <UnitTestResult executionId="9e85309f-5df9-4756-8cc7-68d7a83f9b3b" testId="ae9b316d-64ee-b182-be40-c6b70ecca60d" testName="AiDe.Core.Tests.Watcher.CanonicalCoordinationRecordTests.Parse_CodecAcceptedBadEnvelope_RejectsSchema(name: &quot;schema-float&quot;)" computerName="TIMMALLSTRIX" duration="00:00:00.0013741" startTime="2026-09-17T10:48:13.5558526-07:00" endTime="2026-09-17T10:48:13.5571845-07:00" testType="13cdc9d9-ddb5-4fa4-a97d-d965ccfc6d4b" outcome="Passed" testListId="8c84fa94-04c1-424b-9868-57a2d4851a1d" relativeResultsDirectory="9e85309f-5df9-4756-8cc7-68d7a83f9b3b" />
    <UnitTestResult executionId="e9290c43-28c8-4985-85af-78ccf88c701b" testId="44e5fb0c-7519-01c9-1b22-27491633957c" testName="AiDe.Core.Tests.Watcher.CanonicalCoordinationRecordTests.Parse_InvalidLexicalForms_ReturnsStableCode(input: &quot;{\&quot;x\&quot;:\&quot;\\udc00\&quot;}&quot;, code: &quot;XH.SCHEMA_INVALID&quot;)" computerName="TIMMALLSTRIX" duration="00:00:00.0001399" startTime="2026-09-17T10:48:13.5582539-07:00" endTime="2026-09-17T10:48:13.5582904-07:00" testType="13cdc9d9-ddb5-4fa4-a97d-d965ccfc6d4b" outcome="Passed" testListId="8c84fa94-04c1-424b-9868-57a2d4851a1d" relativeResultsDirectory="e9290c43-28c8-4985-85af-78ccf88c701b" />
    <UnitTestResult executionId="e9814843-9f96-4239-902b-9ef9625f64d4" testId="26f3d22c-29f2-9ef9-ac7f-d96cb0abec8b" testName="AiDe.Core.Tests.Watcher.CanonicalCoordinationRecordTests.Parse_InvalidLexicalForms_ReturnsStableCode(input: &quot;{\&quot;x\&quot;:Infinity}&quot;, code: &quot;XH.NONFINITE_JSON&quot;)" computerName="TIMMALLSTRIX" duration="00:00:00.0007073" startTime="2026-09-17T10:48:13.5574434-07:00" endTime="2026-09-17T10:48:13.5580132-07:00" testType="13cdc9d9-ddb5-4fa4-a97d-d965ccfc6d4b" outcome="Passed" testListId="8c84fa94-04c1-424b-9868-57a2d4851a1d" relativeResultsDirectory="e9814843-9f96-4239-902b-9ef9625f64d4" />
    <UnitTestResult executionId="8587c480-2a0b-4c76-81ed-e71c50929a01" testId="50349b44-8834-dd59-e1b7-efc401071b90" testName="AiDe.Core.Tests.Watcher.CanonicalCoordinationRecordTests.Parse_CodecAcceptedBadEnvelope_RejectsSchema(name: &quot;timestamp-bool&quot;)" computerName="TIMMALLSTRIX" duration="00:00:00.0014180" startTime="2026-09-17T10:48:13.5529595-07:00" endTime="2026-09-17T10:48:13.5543194-07:00" testType="13cdc9d9-ddb5-4fa4-a97d-d965ccfc6d4b" outcome="Passed" testListId="8c84fa94-04c1-424b-9868-57a2d4851a1d" relativeResultsDirectory="8587c480-2a0b-4c76-81ed-e71c50929a01" />
    <UnitTestResult executionId="e2abff1c-ec35-4468-b075-01129e1834c8" testId="3c61ce4e-01ef-8bf6-a4b1-29684041c5a4" testName="AiDe.Core.Tests.Watcher.CanonicalCoordinationBindingTests.Bind_InvalidBacklink_RefusesWithoutSource(kind: &quot;empty&quot;, expectedStatus: &quot;Unavailable&quot;)" computerName="TIMMALLSTRIX" duration="00:00:00.1353997" startTime="2026-09-17T10:48:12.9598743-07:00" endTime="2026-09-17T10:48:13.0948765-07:00" testType="13cdc9d9-ddb5-4fa4-a97d-d965ccfc6d4b" outcome="Passed" testListId="8c84fa94-04c1-424b-9868-57a2d4851a1d" relativeResultsDirectory="e2abff1c-ec35-4468-b075-01129e1834c8" />
    <UnitTestResult executionId="a1b450fa-e371-45ed-aa1e-12ad6916be0b" testId="572188c2-8d03-79ad-edca-6aa28772e4af" testName="AiDe.Core.Tests.Watcher.CanonicalCoordinationContractTests.Capture_CanonicalOriginLineEdges_ExposesNativeLfBound(contentSize: 65535, ending: &quot;\r\n&quot;, refuses: True)" computerName="TIMMALLSTRIX" duration="00:00:00.0345943" startTime="2026-09-17T10:48:13.6140299-07:00" endTime="2026-09-17T10:48:13.6485585-07:00" testType="13cdc9d9-ddb5-4fa4-a97d-d965ccfc6d4b" outcome="Passed" testListId="8c84fa94-04c1-424b-9868-57a2d4851a1d" relativeResultsDirectory="a1b450fa-e371-45ed-aa1e-12ad6916be0b" />
    <UnitTestResult executionId="30f3bad2-e89f-48cd-8474-77d7846531e6" testId="09681259-5b9d-2889-6325-b55dadd9c60c" testName="AiDe.Core.Tests.Watcher.CanonicalCoordinationContractTests.Capture_CanonicalOriginLineEdges_ExposesNativeLfBound(contentSize: 65536, ending: &quot;\n&quot;, refuses: True)" computerName="TIMMALLSTRIX" duration="00:00:00.0102182" startTime="2026-09-17T10:48:13.6711673-07:00" endTime="2026-09-17T10:48:13.6813283-07:00" testType="13cdc9d9-ddb5-4fa4-a97d-d965ccfc6d4b" outcome="Passed" testListId="8c84fa94-04c1-424b-9868-57a2d4851a1d" relativeResultsDirectory="30f3bad2-e89f-48cd-8474-77d7846531e6" />
    <UnitTestResult executionId="b30bc3ac-e61d-4234-9c48-c6cf334ec002" testId="a49d2048-4ad0-a94a-b93d-800aff780c06" testName="AiDe.Core.Tests.Watcher.CanonicalCoordinationBindingTests.Bind_IsolatedGitRepositoriesAndLinkedCheckout_BindsOnlyTrustedFullIdentity" computerName="TIMMALLSTRIX" duration="00:00:00.4655102" startTime="2026-09-17T10:48:11.2882021-07:00" endTime="2026-09-17T10:48:11.7576653-07:00" testType="13cdc9d9-ddb5-4fa4-a97d-d965ccfc6d4b" outcome="Passed" testListId="8c84fa94-04c1-424b-9868-57a2d4851a1d" relativeResultsDirectory="b30bc3ac-e61d-4234-9c48-c6cf334ec002" />
    <UnitTestResult executionId="0cf8cf9f-1409-45ec-8df2-1e75562a09cf" testId="ee25686a-87b3-1674-5d10-a5cfed5de658" testName="AiDe.Core.Tests.Watcher.CanonicalCoordinationRecordTests.Parse_InvalidLexicalForms_ReturnsStableCode(input: &quot;{\&quot;x\&quot;:1e309}&quot;, code: &quot;XH.NONFINITE_JSON&quot;)" computerName="TIMMALLSTRIX" duration="00:00:00.0001095" startTime="2026-09-17T10:48:13.5573362-07:00" endTime="2026-09-17T10:48:13.5573741-07:00" testType="13cdc9d9-ddb5-4fa4-a97d-d965ccfc6d4b" outcome="Passed" testListId="8c84fa94-04c1-424b-9868-57a2d4851a1d" relativeResultsDirectory="0cf8cf9f-1409-45ec-8df2-1e75562a09cf" />
    <UnitTestResult executionId="e9dfdf63-6e4d-4b32-addf-3c3b5e86cc75" testId="7cfadc48-d2fe-921e-1d58-4f99e45737a9" testName="AiDe.Core.Tests.Watcher.CanonicalCoordinationContractTests.Scope_RepositoryOriginPathEpochTuples_DoNotAlias" computerName="TIMMALLSTRIX" duration="00:00:00.0053167" startTime="2026-09-17T10:48:13.6814517-07:00" endTime="2026-09-17T10:48:13.6867737-07:00" testType="13cdc9d9-ddb5-4fa4-a97d-d965ccfc6d4b" outcome="Passed" testListId="8c84fa94-04c1-424b-9868-57a2d4851a1d" relativeResultsDirectory="e9dfdf63-6e4d-4b32-addf-3c3b5e86cc75" />
    <UnitTestResult executionId="5320de31-d939-4a1c-8979-ce85ed3efbbe" testId="b610e3f6-397e-d562-4a84-a5f913a7add9" testName="AiDe.Core.Tests.Watcher.CanonicalCoordinationRecordTests.Parse_InvalidLexicalForms_ReturnsStableCode(input: &quot;{\&quot;x\&quot;:1,\&quot;\\u0078\&quot;:2}&quot;, code: &quot;XH.DUPLICATE_KEY&quot;)" computerName="TIMMALLSTRIX" duration="00:00:00.0000222" startTime="2026-09-17T10:48:13.5584415-07:00" endTime="2026-09-17T10:48:13.5584787-07:00" testType="13cdc9d9-ddb5-4fa4-a97d-d965ccfc6d4b" outcome="Passed" testListId="8c84fa94-04c1-424b-9868-57a2d4851a1d" relativeResultsDirectory="5320de31-d939-4a1c-8979-ce85ed3efbbe" />
    <UnitTestResult executionId="bf9b17a3-f1a9-47b7-bee5-26d4a059b0c5" testId="65797c2f-ca17-3649-8872-3ae91db0d68d" testName="AiDe.Core.Tests.Watcher.CanonicalCoordinationContractTests.Canonical_InvalidJson_RejectsRatherThanCoerces(hex: &quot;7b2278223a312c2278223a327d&quot;)" computerName="TIMMALLSTRIX" duration="00:00:00.0001347" startTime="2026-09-17T10:48:13.6137088-07:00" endTime="2026-09-17T10:48:13.6138136-07:00" testType="13cdc9d9-ddb5-4fa4-a97d-d965ccfc6d4b" outcome="Passed" testListId="8c84fa94-04c1-424b-9868-57a2d4851a1d" relativeResultsDirectory="bf9b17a3-f1a9-47b7-bee5-26d4a059b0c5" />
    <UnitTestResult executionId="f1d56ac1-be80-4594-9df4-0ce82097744e" testId="8d4f13ef-b788-7c36-2393-9767486cc235" testName="AiDe.Core.Tests.Watcher.CanonicalCoordinationRecordTests.Parse_ExpandedResponseBoundary_RejectsBeforeDigestComparison" computerName="TIMMALLSTRIX" duration="00:00:00.0073949" startTime="2026-09-17T10:48:13.5416137-07:00" endTime="2026-09-17T10:48:13.5489681-07:00" testType="13cdc9d9-ddb5-4fa4-a97d-d965ccfc6d4b" outcome="Passed" testListId="8c84fa94-04c1-424b-9868-57a2d4851a1d" relativeResultsDirectory="f1d56ac1-be80-4594-9df4-0ce82097744e" />
    <UnitTestResult executionId="4ce20e0c-f9bd-4ece-bdb6-cd5b130f2355" testId="be07135d-8c64-8a52-4da0-d89d549995ca" testName="AiDe.Core.Tests.Watcher.CanonicalCoordinationContractTests.Capture_CanonicalOriginLineEdges_ExposesNativeLfBound(contentSize: 65536, ending: &quot;\r\n&quot;, refuses: True)" computerName="TIMMALLSTRIX" duration="00:00:00.0102731" startTime="2026-09-17T10:48:13.6608389-07:00" endTime="2026-09-17T10:48:13.6710640-07:00" testType="13cdc9d9-ddb5-4fa4-a97d-d965ccfc6d4b" outcome="Passed" testListId="8c84fa94-04c1-424b-9868-57a2d4851a1d" relativeResultsDirectory="4ce20e0c-f9bd-4ece-bdb6-cd5b130f2355" />
    <UnitTestResult executionId="09a2d81a-c02a-4563-be99-0c66ab222249" testId="c9c0bbfd-b806-0aa7-d903-a8179f6b53d4" testName="AiDe.Core.Tests.Watcher.CanonicalCoordinationContractTests.Canonical_InvalidJson_RejectsRatherThanCoerces(hex: &quot;7b2278223a225c7564383030227d&quot;)" computerName="TIMMALLSTRIX" duration="00:00:00.0000255" startTime="2026-09-17T10:48:13.6138636-07:00" endTime="2026-09-17T10:48:13.6138933-07:00" testType="13cdc9d9-ddb5-4fa4-a97d-d965ccfc6d4b" outcome="Passed" testListId="8c84fa94-04c1-424b-9868-57a2d4851a1d" relativeResultsDirectory="09a2d81a-c02a-4563-be99-0c66ab222249" />
    <UnitTestResult executionId="24cd6921-3c6c-4091-94ca-1e13d62b52da" testId="7a1e6a6c-03bd-52e9-bf30-b5b2b0541fbd" testName="AiDe.Core.Tests.Watcher.CanonicalCoordinationBindingTests.Bind_GitValidRelativeForwardPointer_BindsPhysicalPrimaryAndSameScope" computerName="TIMMALLSTRIX" duration="00:00:00.1542389" startTime="2026-09-17T10:48:13.3728993-07:00" endTime="2026-09-17T10:48:13.5270923-07:00" testType="13cdc9d9-ddb5-4fa4-a97d-d965ccfc6d4b" outcome="Passed" testListId="8c84fa94-04c1-424b-9868-57a2d4851a1d" relativeResultsDirectory="24cd6921-3c6c-4091-94ca-1e13d62b52da" />
    <UnitTestResult executionId="42d3b23c-8d48-4a72-9364-976a5d86b182" testId="44aa8bfa-55d1-7d06-7fc9-bf710ec3b69e" testName="AiDe.Core.Tests.Watcher.CanonicalCoordinationContractTests.Capture_CanonicalOriginLineEdges_ExposesNativeLfBound(contentSize: 65535, ending: &quot;\n&quot;, refuses: False)" computerName="TIMMALLSTRIX" duration="00:00:00.0120940" startTime="2026-09-17T10:48:13.6491253-07:00" endTime="2026-09-17T10:48:13.6607201-07:00" testType="13cdc9d9-ddb5-4fa4-a97d-d965ccfc6d4b" outcome="Passed" testListId="8c84fa94-04c1-424b-9868-57a2d4851a1d" relativeResultsDirectory="42d3b23c-8d48-4a72-9364-976a5d86b182" />
    <UnitTestResult executionId="154e0c11-6f31-4577-88d6-6a05eba5cd81" testId="38cf28a1-e247-950a-8c71-1d55de00197b" testName="AiDe.Core.Tests.Watcher.CanonicalCoordinationRecordTests.Parse_LineBoundary_CountsContentSeparately(content: 65536, ending: &quot;\n&quot;, valid: True)" computerName="TIMMALLSTRIX" duration="00:00:00.0018658" startTime="2026-09-17T10:48:13.5396525-07:00" endTime="2026-09-17T10:48:13.5414914-07:00" testType="13cdc9d9-ddb5-4fa4-a97d-d965ccfc6d4b" outcome="Passed" testListId="8c84fa94-04c1-424b-9868-57a2d4851a1d" relativeResultsDirectory="154e0c11-6f31-4577-88d6-6a05eba5cd81" />
  </Results>
  <TestDefinitions>
    <UnitTest name="AiDe.Core.Tests.Watcher.CanonicalCoordinationContractTests.Canonical_ExplicitLexicalErrors_MatchesPinnedP1Codes" storage="c:\projects\ai-de-feature-xh-p2-projection\tests\aide.core.tests\bin\debug\net10.0\aide.core.tests.dll" id="57aac093-ba68-9b32-801b-ac919bfe21f0">
      <Execution id="29f772fe-c982-48ba-ae7f-d5023cb6a9ea" />
      <TestMethod codeBase="C:\Projects\ai-de-feature-xh-p2-projection\tests\AiDe.Core.Tests\bin\Debug\net10.0\AiDe.Core.Tests.dll" adapterTypeName="executor://xunit/VsTestRunner3/netcore/" className="AiDe.Core.Tests.Watcher.CanonicalCoordinationContractTests" name="Canonical_ExplicitLexicalErrors_MatchesPinnedP1Codes" />
    </UnitTest>
    <UnitTest name="AiDe.Core.Tests.Watcher.CanonicalCoordinationRecordTests.Parse_CodecAcceptedBadEnvelope_RejectsSchema(name: &quot;huge-timestamp&quot;)" storage="c:\projects\ai-de-feature-xh-p2-projection\tests\aide.core.tests\bin\debug\net10.0\aide.core.tests.dll" id="b6cead87-51ec-3442-64ab-6c494b51d7f5">
      <Execution id="80383af6-16bd-4e18-83d9-0b4279fafb06" />
      <TestMethod codeBase="C:\Projects\ai-de-feature-xh-p2-projection\tests\AiDe.Core.Tests\bin\Debug\net10.0\AiDe.Core.Tests.dll" adapterTypeName="executor://xunit/VsTestRunner3/netcore/" className="AiDe.Core.Tests.Watcher.CanonicalCoordinationRecordTests" name="Parse_CodecAcceptedBadEnvelope_RejectsSchema" />
    </UnitTest>
    <UnitTest name="AiDe.Core.Tests.Watcher.CanonicalCoordinationBindingTests.Bind_CopiedLinkedPointer_RefusesImpostorWithoutSource" storage="c:\projects\ai-de-feature-xh-p2-projection\tests\aide.core.tests\bin\debug\net10.0\aide.core.tests.dll" id="395c8784-4426-51b0-ecd4-04f4c6ac2ce6">
      <Execution id="e899f857-a29c-4370-8af7-a5356c79d917" />
      <TestMethod codeBase="C:\Projects\ai-de-feature-xh-p2-projection\tests\AiDe.Core.Tests\bin\Debug\net10.0\AiDe.Core.Tests.dll" adapterTypeName="executor://xunit/VsTestRunner3/netcore/" className="AiDe.Core.Tests.Watcher.CanonicalCoordinationBindingTests" name="Bind_CopiedLinkedPointer_RefusesImpostorWithoutSource" />
    </UnitTest>
    <UnitTest name="AiDe.Core.Tests.Watcher.CanonicalCoordinationRecordTests.Parse_LineBoundary_CountsContentSeparately(content: 65536, ending: &quot;\n&quot;, valid: True)" storage="c:\projects\ai-de-feature-xh-p2-projection\tests\aide.core.tests\bin\debug\net10.0\aide.core.tests.dll" id="38cf28a1-e247-950a-8c71-1d55de00197b">
      <Execution id="154e0c11-6f31-4577-88d6-6a05eba5cd81" />
      <TestMethod codeBase="C:\Projects\ai-de-feature-xh-p2-projection\tests\AiDe.Core.Tests\bin\Debug\net10.0\AiDe.Core.Tests.dll" adapterTypeName="executor://xunit/VsTestRunner3/netcore/" className="AiDe.Core.Tests.Watcher.CanonicalCoordinationRecordTests" name="Parse_LineBoundary_CountsContentSeparately" />
    </UnitTest>
    <UnitTest name="AiDe.Core.Tests.Watcher.CanonicalCoordinationRecordTests.Parse_UnsupportedVersionsAndIntegerBound_AreVisible" storage="c:\projects\ai-de-feature-xh-p2-projection\tests\aide.core.tests\bin\debug\net10.0\aide.core.tests.dll" id="de040173-ae72-e606-c477-3b671f90e490">
      <Execution id="eb08b981-90a8-4784-ace2-a414578c8dc3" />
      <TestMethod codeBase="C:\Projects\ai-de-feature-xh-p2-projection\tests\AiDe.Core.Tests\bin\Debug\net10.0\AiDe.Core.Tests.dll" adapterTypeName="executor://xunit/VsTestRunner3/netcore/" className="AiDe.Core.Tests.Watcher.CanonicalCoordinationRecordTests" name="Parse_UnsupportedVersionsAndIntegerBound_AreVisible" />
    </UnitTest>
    <UnitTest name="AiDe.Core.Tests.Watcher.CanonicalCoordinationRecordTests.Parse_LineBoundary_CountsContentSeparately(content: 65536, ending: &quot;\r\n&quot;, valid: True)" storage="c:\projects\ai-de-feature-xh-p2-projection\tests\aide.core.tests\bin\debug\net10.0\aide.core.tests.dll" id="443acbfa-1f1b-92c0-e00c-5b47fba55d75">
      <Execution id="24b525f7-ed3e-4867-a5fa-84e5c0ed36d4" />
      <TestMethod codeBase="C:\Projects\ai-de-feature-xh-p2-projection\tests\AiDe.Core.Tests\bin\Debug\net10.0\AiDe.Core.Tests.dll" adapterTypeName="executor://xunit/VsTestRunner3/netcore/" className="AiDe.Core.Tests.Watcher.CanonicalCoordinationRecordTests" name="Parse_LineBoundary_CountsContentSeparately" />
    </UnitTest>
    <UnitTest name="AiDe.Core.Tests.Watcher.CanonicalCoordinationRecordTests.Parse_InvalidLexicalForms_ReturnsStableCode(input: &quot;{\&quot;x\&quot;:1,\&quot;\\u0078\&quot;:2}&quot;, code: &quot;XH.DUPLICATE_KEY&quot;)" storage="c:\projects\ai-de-feature-xh-p2-projection\tests\aide.core.tests\bin\debug\net10.0\aide.core.tests.dll" id="b610e3f6-397e-d562-4a84-a5f913a7add9">
      <Execution id="5320de31-d939-4a1c-8979-ce85ed3efbbe" />
      <TestMethod codeBase="C:\Projects\ai-de-feature-xh-p2-projection\tests\AiDe.Core.Tests\bin\Debug\net10.0\AiDe.Core.Tests.dll" adapterTypeName="executor://xunit/VsTestRunner3/netcore/" className="AiDe.Core.Tests.Watcher.CanonicalCoordinationRecordTests" name="Parse_InvalidLexicalForms_ReturnsStableCode" />
    </UnitTest>
    <UnitTest name="AiDe.Core.Tests.Watcher.CanonicalCoordinationBindingTests.Bind_InvalidBacklink_RefusesWithoutSource(kind: &quot;foreign&quot;, expectedStatus: &quot;Unbound&quot;)" storage="c:\projects\ai-de-feature-xh-p2-projection\tests\aide.core.tests\bin\debug\net10.0\aide.core.tests.dll" id="d347e75a-c66e-fe1d-76c6-86d86baf2478">
      <Execution id="7b59e16d-5734-4ec6-9b8c-daf666983973" />
      <TestMethod codeBase="C:\Projects\ai-de-feature-xh-p2-projection\tests\AiDe.Core.Tests\bin\Debug\net10.0\AiDe.Core.Tests.dll" adapterTypeName="executor://xunit/VsTestRunner3/netcore/" className="AiDe.Core.Tests.Watcher.CanonicalCoordinationBindingTests" name="Bind_InvalidBacklink_RefusesWithoutSource" />
    </UnitTest>
    <UnitTest name="AiDe.Core.Tests.Watcher.CanonicalCoordinationRecordTests.Parse_ReceiptExcludedFromDigest_StillValidatesReceiptAndDigest" storage="c:\projects\ai-de-feature-xh-p2-projection\tests\aide.core.tests\bin\debug\net10.0\aide.core.tests.dll" id="f74d8479-1767-9c92-7f10-7513def40daf">
      <Execution id="89863290-202f-4ef5-aa3e-cfef8a85f78d" />
      <TestMethod codeBase="C:\Projects\ai-de-feature-xh-p2-projection\tests\AiDe.Core.Tests\bin\Debug\net10.0\AiDe.Core.Tests.dll" adapterTypeName="executor://xunit/VsTestRunner3/netcore/" className="AiDe.Core.Tests.Watcher.CanonicalCoordinationRecordTests" name="Parse_ReceiptExcludedFromDigest_StillValidatesReceiptAndDigest" />
    </UnitTest>
    <UnitTest name="AiDe.Core.Tests.Watcher.CanonicalCoordinationRecordTests.Parse_LineBoundary_CountsContentSeparately(content: 65537, ending: &quot;\n&quot;, valid: False)" storage="c:\projects\ai-de-feature-xh-p2-projection\tests\aide.core.tests\bin\debug\net10.0\aide.core.tests.dll" id="3a1cad49-a065-3836-99d1-311dc1801a7b">
      <Execution id="5b129991-51dc-49ec-8a2c-724232507d46" />
      <TestMethod codeBase="C:\Projects\ai-de-feature-xh-p2-projection\tests\AiDe.Core.Tests\bin\Debug\net10.0\AiDe.Core.Tests.dll" adapterTypeName="executor://xunit/VsTestRunner3/netcore/" className="AiDe.Core.Tests.Watcher.CanonicalCoordinationRecordTests" name="Parse_LineBoundary_CountsContentSeparately" />
    </UnitTest>
    <UnitTest name="AiDe.Core.Tests.Watcher.CanonicalCoordinationBindingTests.Bind_RelativeBacklink_ResolvesAgainstAdminDirectory" storage="c:\projects\ai-de-feature-xh-p2-projection\tests\aide.core.tests\bin\debug\net10.0\aide.core.tests.dll" id="ecc6eaf9-3d76-4b00-b348-f29d5b162661">
      <Execution id="1f4cc13b-8818-4c9d-bcb2-636b7bd4f2f1" />
      <TestMethod codeBase="C:\Projects\ai-de-feature-xh-p2-projection\tests\AiDe.Core.Tests\bin\Debug\net10.0\AiDe.Core.Tests.dll" adapterTypeName="executor://xunit/VsTestRunner3/netcore/" className="AiDe.Core.Tests.Watcher.CanonicalCoordinationBindingTests" name="Bind_RelativeBacklink_ResolvesAgainstAdminDirectory" />
    </UnitTest>
    <UnitTest name="AiDe.Core.Tests.Watcher.CanonicalCoordinationBindingTests.Bind_GitValidRelativeForwardPointer_BindsPhysicalPrimaryAndSameScope" storage="c:\projects\ai-de-feature-xh-p2-projection\tests\aide.core.tests\bin\debug\net10.0\aide.core.tests.dll" id="7a1e6a6c-03bd-52e9-bf30-b5b2b0541fbd">
      <Execution id="24cd6921-3c6c-4091-94ca-1e13d62b52da" />
      <TestMethod codeBase="C:\Projects\ai-de-feature-xh-p2-projection\tests\AiDe.Core.Tests\bin\Debug\net10.0\AiDe.Core.Tests.dll" adapterTypeName="executor://xunit/VsTestRunner3/netcore/" className="AiDe.Core.Tests.Watcher.CanonicalCoordinationBindingTests" name="Bind_GitValidRelativeForwardPointer_BindsPhysicalPrimaryAndSameScope" />
    </UnitTest>
    <UnitTest name="AiDe.Core.Tests.Watcher.CanonicalCoordinationBindingTests.Bind_InvalidBacklink_RefusesWithoutSource(kind: &quot;empty&quot;, expectedStatus: &quot;Unavailable&quot;)" storage="c:\projects\ai-de-feature-xh-p2-projection\tests\aide.core.tests\bin\debug\net10.0\aide.core.tests.dll" id="3c61ce4e-01ef-8bf6-a4b1-29684041c5a4">
      <Execution id="e2abff1c-ec35-4468-b075-01129e1834c8" />
      <TestMethod codeBase="C:\Projects\ai-de-feature-xh-p2-projection\tests\AiDe.Core.Tests\bin\Debug\net10.0\AiDe.Core.Tests.dll" adapterTypeName="executor://xunit/VsTestRunner3/netcore/" className="AiDe.Core.Tests.Watcher.CanonicalCoordinationBindingTests" name="Bind_InvalidBacklink_RefusesWithoutSource" />
    </UnitTest>
    <UnitTest name="AiDe.Core.Tests.Watcher.CanonicalCoordinationRecordTests.Parse_InvalidLexicalForms_ReturnsStableCode(input: &quot;{\&quot;x\&quot;:\&quot;\\ud800\&quot;}&quot;, code: &quot;XH.SCHEMA_INVALID&quot;)" storage="c:\projects\ai-de-feature-xh-p2-projection\tests\aide.core.tests\bin\debug\net10.0\aide.core.tests.dll" id="a4d781d9-8aa2-634d-b958-1f6f61a40054">
      <Execution id="d060a6bf-44a5-40de-9d0b-28047991c2b3" />
      <TestMethod codeBase="C:\Projects\ai-de-feature-xh-p2-projection\tests\AiDe.Core.Tests\bin\Debug\net10.0\AiDe.Core.Tests.dll" adapterTypeName="executor://xunit/VsTestRunner3/netcore/" className="AiDe.Core.Tests.Watcher.CanonicalCoordinationRecordTests" name="Parse_InvalidLexicalForms_ReturnsStableCode" />
    </UnitTest>
    <UnitTest name="AiDe.Core.Tests.Watcher.CanonicalCoordinationContractTests.Canonical_PinnedPythonEvents_MatchesBytesDigestAndFullKey" storage="c:\projects\ai-de-feature-xh-p2-projection\tests\aide.core.tests\bin\debug\net10.0\aide.core.tests.dll" id="505dbf23-9ed9-8c4c-4289-a59582a16eb1">
      <Execution id="fc4c88a8-16f8-4b1e-90e3-da4b3c9f00d0" />
      <TestMethod codeBase="C:\Projects\ai-de-feature-xh-p2-projection\tests\AiDe.Core.Tests\bin\Debug\net10.0\AiDe.Core.Tests.dll" adapterTypeName="executor://xunit/VsTestRunner3/netcore/" className="AiDe.Core.Tests.Watcher.CanonicalCoordinationContractTests" name="Canonical_PinnedPythonEvents_MatchesBytesDigestAndFullKey" />
    </UnitTest>
    <UnitTest name="AiDe.Core.Tests.Watcher.CanonicalCoordinationRecordTests.Parse_CodecAcceptedBadEnvelope_RejectsSchema(name: &quot;schema-float&quot;)" storage="c:\projects\ai-de-feature-xh-p2-projection\tests\aide.core.tests\bin\debug\net10.0\aide.core.tests.dll" id="ae9b316d-64ee-b182-be40-c6b70ecca60d">
      <Execution id="9e85309f-5df9-4756-8cc7-68d7a83f9b3b" />
      <TestMethod codeBase="C:\Projects\ai-de-feature-xh-p2-projection\tests\AiDe.Core.Tests\bin\Debug\net10.0\AiDe.Core.Tests.dll" adapterTypeName="executor://xunit/VsTestRunner3/netcore/" className="AiDe.Core.Tests.Watcher.CanonicalCoordinationRecordTests" name="Parse_CodecAcceptedBadEnvelope_RejectsSchema" />
    </UnitTest>
    <UnitTest name="AiDe.Core.Tests.Watcher.CanonicalCoordinationRecordTests.Parse_InvalidLexicalForms_ReturnsStableCode(input: &quot;{\&quot;x\&quot;:1e309}&quot;, code: &quot;XH.NONFINITE_JSON&quot;)" storage="c:\projects\ai-de-feature-xh-p2-projection\tests\aide.core.tests\bin\debug\net10.0\aide.core.tests.dll" id="ee25686a-87b3-1674-5d10-a5cfed5de658">
      <Execution id="0cf8cf9f-1409-45ec-8df2-1e75562a09cf" />
      <TestMethod codeBase="C:\Projects\ai-de-feature-xh-p2-projection\tests\AiDe.Core.Tests\bin\Debug\net10.0\AiDe.Core.Tests.dll" adapterTypeName="executor://xunit/VsTestRunner3/netcore/" className="AiDe.Core.Tests.Watcher.CanonicalCoordinationRecordTests" name="Parse_InvalidLexicalForms_ReturnsStableCode" />
    </UnitTest>
    <UnitTest name="AiDe.Core.Tests.Watcher.CanonicalCoordinationRecordTests.Parse_OriginalGoldenEvents_PreservesFullBytesAndKeys" storage="c:\projects\ai-de-feature-xh-p2-projection\tests\aide.core.tests\bin\debug\net10.0\aide.core.tests.dll" id="39aabce0-fdcd-96d7-fd05-62776254800e">
      <Execution id="00f58550-6442-4d1a-b2fb-ca192101c9ea" />
      <TestMethod codeBase="C:\Projects\ai-de-feature-xh-p2-projection\tests\AiDe.Core.Tests\bin\Debug\net10.0\AiDe.Core.Tests.dll" adapterTypeName="executor://xunit/VsTestRunner3/netcore/" className="AiDe.Core.Tests.Watcher.CanonicalCoordinationRecordTests" name="Parse_OriginalGoldenEvents_PreservesFullBytesAndKeys" />
    </UnitTest>
    <UnitTest name="AiDe.Core.Tests.Watcher.CanonicalCoordinationBindingTests.Bind_InvalidBacklink_RefusesWithoutSource(kind: &quot;malformed&quot;, expectedStatus: &quot;Unavailable&quot;)" storage="c:\projects\ai-de-feature-xh-p2-projection\tests\aide.core.tests\bin\debug\net10.0\aide.core.tests.dll" id="1e4be4d7-9dad-1f3d-f9e6-8bf47a06fb2f">
      <Execution id="8426fe5c-9a5f-4cbf-b457-532602204fbb" />
      <TestMethod codeBase="C:\Projects\ai-de-feature-xh-p2-projection\tests\AiDe.Core.Tests\bin\Debug\net10.0\AiDe.Core.Tests.dll" adapterTypeName="executor://xunit/VsTestRunner3/netcore/" className="AiDe.Core.Tests.Watcher.CanonicalCoordinationBindingTests" name="Bind_InvalidBacklink_RefusesWithoutSource" />
    </UnitTest>
    <UnitTest name="AiDe.Core.Tests.Watcher.CanonicalCoordinationRecordTests.Parse_InvalidLexicalForms_ReturnsStableCode(input: &quot;{\&quot;x\&quot;:\&quot;\\udc00\&quot;}&quot;, code: &quot;XH.SCHEMA_INVALID&quot;)" storage="c:\projects\ai-de-feature-xh-p2-projection\tests\aide.core.tests\bin\debug\net10.0\aide.core.tests.dll" id="44e5fb0c-7519-01c9-1b22-27491633957c">
      <Execution id="e9290c43-28c8-4985-85af-78ccf88c701b" />
      <TestMethod codeBase="C:\Projects\ai-de-feature-xh-p2-projection\tests\AiDe.Core.Tests\bin\Debug\net10.0\AiDe.Core.Tests.dll" adapterTypeName="executor://xunit/VsTestRunner3/netcore/" className="AiDe.Core.Tests.Watcher.CanonicalCoordinationRecordTests" name="Parse_InvalidLexicalForms_ReturnsStableCode" />
    </UnitTest>
    <UnitTest name="AiDe.Core.Tests.Watcher.CanonicalCoordinationContractTests.Canonical_InvalidJson_RejectsRatherThanCoerces(hex: &quot;7b2278223a312c2278223a327d&quot;)" storage="c:\projects\ai-de-feature-xh-p2-projection\tests\aide.core.tests\bin\debug\net10.0\aide.core.tests.dll" id="65797c2f-ca17-3649-8872-3ae91db0d68d">
      <Execution id="bf9b17a3-f1a9-47b7-bee5-26d4a059b0c5" />
      <TestMethod codeBase="C:\Projects\ai-de-feature-xh-p2-projection\tests\AiDe.Core.Tests\bin\Debug\net10.0\AiDe.Core.Tests.dll" adapterTypeName="executor://xunit/VsTestRunner3/netcore/" className="AiDe.Core.Tests.Watcher.CanonicalCoordinationContractTests" name="Canonical_InvalidJson_RejectsRatherThanCoerces" />
    </UnitTest>
    <UnitTest name="AiDe.Core.Tests.Watcher.CanonicalCoordinationBindingTests.Bind_InvalidBacklink_RefusesWithoutSource(kind: &quot;oversized&quot;, expectedStatus: &quot;Unavailable&quot;)" storage="c:\projects\ai-de-feature-xh-p2-projection\tests\aide.core.tests\bin\debug\net10.0\aide.core.tests.dll" id="d28bc181-f230-8c00-97a9-a7fdf41d1c6f">
      <Execution id="6492a7ca-e384-4a03-a3b5-e724c86d4355" />
      <TestMethod codeBase="C:\Projects\ai-de-feature-xh-p2-projection\tests\AiDe.Core.Tests\bin\Debug\net10.0\AiDe.Core.Tests.dll" adapterTypeName="executor://xunit/VsTestRunner3/netcore/" className="AiDe.Core.Tests.Watcher.CanonicalCoordinationBindingTests" name="Bind_InvalidBacklink_RefusesWithoutSource" />
    </UnitTest>
    <UnitTest name="AiDe.Core.Tests.Watcher.CanonicalCoordinationBindingTests.Bind_UnknownMembership_DoesNotProbeInvalidFilesystemPaths" storage="c:\projects\ai-de-feature-xh-p2-projection\tests\aide.core.tests\bin\debug\net10.0\aide.core.tests.dll" id="77fbe380-4959-e7ec-b14c-a1b69e50d338">
      <Execution id="0b804866-2bcc-447a-bf07-a4901049eecc" />
      <TestMethod codeBase="C:\Projects\ai-de-feature-xh-p2-projection\tests\AiDe.Core.Tests\bin\Debug\net10.0\AiDe.Core.Tests.dll" adapterTypeName="executor://xunit/VsTestRunner3/netcore/" className="AiDe.Core.Tests.Watcher.CanonicalCoordinationBindingTests" name="Bind_UnknownMembership_DoesNotProbeInvalidFilesystemPaths" />
    </UnitTest>
    <UnitTest name="AiDe.Core.Tests.Watcher.CanonicalCoordinationContractTests.Number_FixedFiniteWorklist_MatchesEveryPythonString" storage="c:\projects\ai-de-feature-xh-p2-projection\tests\aide.core.tests\bin\debug\net10.0\aide.core.tests.dll" id="4b79040b-c5d7-bf5e-8583-15e0d9305a5f">
      <Execution id="eb602614-e02d-4eb3-ba60-0b9587d843b3" />
      <TestMethod codeBase="C:\Projects\ai-de-feature-xh-p2-projection\tests\AiDe.Core.Tests\bin\Debug\net10.0\AiDe.Core.Tests.dll" adapterTypeName="executor://xunit/VsTestRunner3/netcore/" className="AiDe.Core.Tests.Watcher.CanonicalCoordinationContractTests" name="Number_FixedFiniteWorklist_MatchesEveryPythonString" />
    </UnitTest>
    <UnitTest name="AiDe.Core.Tests.Watcher.CanonicalCoordinationContractTests.Capture_CanonicalOriginLineEdges_ExposesNativeLfBound(contentSize: 65535, ending: &quot;\r\n&quot;, refuses: True)" storage="c:\projects\ai-de-feature-xh-p2-projection\tests\aide.core.tests\bin\debug\net10.0\aide.core.tests.dll" id="572188c2-8d03-79ad-edca-6aa28772e4af">
      <Execution id="a1b450fa-e371-45ed-aa1e-12ad6916be0b" />
      <TestMethod codeBase="C:\Projects\ai-de-feature-xh-p2-projection\tests\AiDe.Core.Tests\bin\Debug\net10.0\AiDe.Core.Tests.dll" adapterTypeName="executor://xunit/VsTestRunner3/netcore/" className="AiDe.Core.Tests.Watcher.CanonicalCoordinationContractTests" name="Capture_CanonicalOriginLineEdges_ExposesNativeLfBound" />
    </UnitTest>
    <UnitTest name="AiDe.Core.Tests.Watcher.CanonicalCoordinationRecordTests.Parse_CodecAcceptedBadEnvelope_RejectsSchema(name: &quot;boolean-sequence&quot;)" storage="c:\projects\ai-de-feature-xh-p2-projection\tests\aide.core.tests\bin\debug\net10.0\aide.core.tests.dll" id="0f3eb7b8-23d1-db61-72e3-1f5fe60f5ef5">
      <Execution id="61293a30-2f00-465d-9f66-075d9d67413c" />
      <TestMethod codeBase="C:\Projects\ai-de-feature-xh-p2-projection\tests\AiDe.Core.Tests\bin\Debug\net10.0\AiDe.Core.Tests.dll" adapterTypeName="executor://xunit/VsTestRunner3/netcore/" className="AiDe.Core.Tests.Watcher.CanonicalCoordinationRecordTests" name="Parse_CodecAcceptedBadEnvelope_RejectsSchema" />
    </UnitTest>
    <UnitTest name="AiDe.Core.Tests.Watcher.CanonicalCoordinationBindingTests.Bind_InvalidBacklink_RefusesWithoutSource(kind: &quot;swap&quot;, expectedStatus: &quot;Unbound&quot;)" storage="c:\projects\ai-de-feature-xh-p2-projection\tests\aide.core.tests\bin\debug\net10.0\aide.core.tests.dll" id="8326e243-53bd-1e07-53f6-d37f6e90dba3">
      <Execution id="54c73dc7-6ba6-4c0e-bf41-07a0af28a98b" />
      <TestMethod codeBase="C:\Projects\ai-de-feature-xh-p2-projection\tests\AiDe.Core.Tests\bin\Debug\net10.0\AiDe.Core.Tests.dll" adapterTypeName="executor://xunit/VsTestRunner3/netcore/" className="AiDe.Core.Tests.Watcher.CanonicalCoordinationBindingTests" name="Bind_InvalidBacklink_RefusesWithoutSource" />
    </UnitTest>
    <UnitTest name="AiDe.Core.Tests.Watcher.CanonicalCoordinationContractTests.Canonical_InvalidJson_RejectsRatherThanCoerces(hex: &quot;7b2278223a225c7564383030227d&quot;)" storage="c:\projects\ai-de-feature-xh-p2-projection\tests\aide.core.tests\bin\debug\net10.0\aide.core.tests.dll" id="c9c0bbfd-b806-0aa7-d903-a8179f6b53d4">
      <Execution id="09a2d81a-c02a-4563-be99-0c66ab222249" />
      <TestMethod codeBase="C:\Projects\ai-de-feature-xh-p2-projection\tests\AiDe.Core.Tests\bin\Debug\net10.0\AiDe.Core.Tests.dll" adapterTypeName="executor://xunit/VsTestRunner3/netcore/" className="AiDe.Core.Tests.Watcher.CanonicalCoordinationContractTests" name="Canonical_InvalidJson_RejectsRatherThanCoerces" />
    </UnitTest>
    <UnitTest name="AiDe.Core.Tests.Watcher.CanonicalCoordinationContractTests.Scope_RepositoryOriginPathEpochTuples_DoNotAlias" storage="c:\projects\ai-de-feature-xh-p2-projection\tests\aide.core.tests\bin\debug\net10.0\aide.core.tests.dll" id="7cfadc48-d2fe-921e-1d58-4f99e45737a9">
      <Execution id="e9dfdf63-6e4d-4b32-addf-3c3b5e86cc75" />
      <TestMethod codeBase="C:\Projects\ai-de-feature-xh-p2-projection\tests\AiDe.Core.Tests\bin\Debug\net10.0\AiDe.Core.Tests.dll" adapterTypeName="executor://xunit/VsTestRunner3/netcore/" className="AiDe.Core.Tests.Watcher.CanonicalCoordinationContractTests" name="Scope_RepositoryOriginPathEpochTuples_DoNotAlias" />
    </UnitTest>
    <UnitTest name="AiDe.Core.Tests.Watcher.CanonicalCoordinationContractTests.Capture_CanonicalOriginLineEdges_ExposesNativeLfBound(contentSize: 65535, ending: &quot;\n&quot;, refuses: False)" storage="c:\projects\ai-de-feature-xh-p2-projection\tests\aide.core.tests\bin\debug\net10.0\aide.core.tests.dll" id="44aa8bfa-55d1-7d06-7fc9-bf710ec3b69e">
      <Execution id="42d3b23c-8d48-4a72-9364-976a5d86b182" />
      <TestMethod codeBase="C:\Projects\ai-de-feature-xh-p2-projection\tests\AiDe.Core.Tests\bin\Debug\net10.0\AiDe.Core.Tests.dll" adapterTypeName="executor://xunit/VsTestRunner3/netcore/" className="AiDe.Core.Tests.Watcher.CanonicalCoordinationContractTests" name="Capture_CanonicalOriginLineEdges_ExposesNativeLfBound" />
    </UnitTest>
    <UnitTest name="AiDe.Core.Tests.Watcher.CanonicalCoordinationRecordTests.Parse_InvalidLexicalForms_ReturnsStableCode(input: &quot;null&quot;, code: &quot;XH.SCHEMA_INVALID&quot;)" storage="c:\projects\ai-de-feature-xh-p2-projection\tests\aide.core.tests\bin\debug\net10.0\aide.core.tests.dll" id="c173687a-2cd6-f42b-dabd-4d44b6eeb9c4">
      <Execution id="0526376e-7ca1-4fb1-b847-263d4eff2775" />
      <TestMethod codeBase="C:\Projects\ai-de-feature-xh-p2-projection\tests\AiDe.Core.Tests\bin\Debug\net10.0\AiDe.Core.Tests.dll" adapterTypeName="executor://xunit/VsTestRunner3/netcore/" className="AiDe.Core.Tests.Watcher.CanonicalCoordinationRecordTests" name="Parse_InvalidLexicalForms_ReturnsStableCode" />
    </UnitTest>
    <UnitTest name="AiDe.Core.Tests.Watcher.CanonicalCoordinationRecordTests.Parse_FullReserializedFactBoundary_IncludesReceiptHashAndSpaces" storage="c:\projects\ai-de-feature-xh-p2-projection\tests\aide.core.tests\bin\debug\net10.0\aide.core.tests.dll" id="c25b72c8-516f-ffa0-2d22-5f7d4bfb46c4">
      <Execution id="b36abf23-de91-4613-a4da-064f51df4764" />
      <TestMethod codeBase="C:\Projects\ai-de-feature-xh-p2-projection\tests\AiDe.Core.Tests\bin\Debug\net10.0\AiDe.Core.Tests.dll" adapterTypeName="executor://xunit/VsTestRunner3/netcore/" className="AiDe.Core.Tests.Watcher.CanonicalCoordinationRecordTests" name="Parse_FullReserializedFactBoundary_IncludesReceiptHashAndSpaces" />
    </UnitTest>
    <UnitTest name="AiDe.Core.Tests.Watcher.CanonicalCoordinationRecordTests.Parse_ExpandedResponseBoundary_RejectsBeforeDigestComparison" storage="c:\projects\ai-de-feature-xh-p2-projection\tests\aide.core.tests\bin\debug\net10.0\aide.core.tests.dll" id="8d4f13ef-b788-7c36-2393-9767486cc235">
      <Execution id="f1d56ac1-be80-4594-9df4-0ce82097744e" />
      <TestMethod codeBase="C:\Projects\ai-de-feature-xh-p2-projection\tests\AiDe.Core.Tests\bin\Debug\net10.0\AiDe.Core.Tests.dll" adapterTypeName="executor://xunit/VsTestRunner3/netcore/" className="AiDe.Core.Tests.Watcher.CanonicalCoordinationRecordTests" name="Parse_ExpandedResponseBoundary_RejectsBeforeDigestComparison" />
    </UnitTest>
    <UnitTest name="AiDe.Core.Tests.Watcher.CanonicalCoordinationBindingTests.Bind_InvalidBacklink_RefusesWithoutSource(kind: &quot;invalid-utf8&quot;, expectedStatus: &quot;Unavailable&quot;)" storage="c:\projects\ai-de-feature-xh-p2-projection\tests\aide.core.tests\bin\debug\net10.0\aide.core.tests.dll" id="bd544f77-b806-1759-78f6-856ca0841d4b">
      <Execution id="0a095a1c-55cd-42c0-8c73-42e5e45a9293" />
      <TestMethod codeBase="C:\Projects\ai-de-feature-xh-p2-projection\tests\AiDe.Core.Tests\bin\Debug\net10.0\AiDe.Core.Tests.dll" adapterTypeName="executor://xunit/VsTestRunner3/netcore/" className="AiDe.Core.Tests.Watcher.CanonicalCoordinationBindingTests" name="Bind_InvalidBacklink_RefusesWithoutSource" />
    </UnitTest>
    <UnitTest name="AiDe.Core.Tests.Watcher.CanonicalCoordinationRecordTests.Parse_CodecAcceptedBadEnvelope_RejectsSchema(name: &quot;integer-generation&quot;)" storage="c:\projects\ai-de-feature-xh-p2-projection\tests\aide.core.tests\bin\debug\net10.0\aide.core.tests.dll" id="cc15bfd1-3d60-e37c-1eb9-eb0019f99433">
      <Execution id="517a68f4-8f83-4b7a-9d2e-8e5740813ffa" />
      <TestMethod codeBase="C:\Projects\ai-de-feature-xh-p2-projection\tests\AiDe.Core.Tests\bin\Debug\net10.0\AiDe.Core.Tests.dll" adapterTypeName="executor://xunit/VsTestRunner3/netcore/" className="AiDe.Core.Tests.Watcher.CanonicalCoordinationRecordTests" name="Parse_CodecAcceptedBadEnvelope_RejectsSchema" />
    </UnitTest>
    <UnitTest name="AiDe.Core.Tests.Watcher.CanonicalCoordinationContractTests.Canonical_InvalidJson_RejectsRatherThanCoerces(hex: &quot;7b2278223a31653330397d&quot;)" storage="c:\projects\ai-de-feature-xh-p2-projection\tests\aide.core.tests\bin\debug\net10.0\aide.core.tests.dll" id="19a80946-c636-dc0f-79f5-391d1e65f78c">
      <Execution id="1e5247b5-f0e2-4b34-9745-577b74fcbc51" />
      <TestMethod codeBase="C:\Projects\ai-de-feature-xh-p2-projection\tests\AiDe.Core.Tests\bin\Debug\net10.0\AiDe.Core.Tests.dll" adapterTypeName="executor://xunit/VsTestRunner3/netcore/" className="AiDe.Core.Tests.Watcher.CanonicalCoordinationContractTests" name="Canonical_InvalidJson_RejectsRatherThanCoerces" />
    </UnitTest>
    <UnitTest name="AiDe.Core.Tests.Watcher.CanonicalCoordinationContractTests.Canonical_InvalidJson_RejectsRatherThanCoerces(hex: &quot;7b2278223a22ff227d&quot;)" storage="c:\projects\ai-de-feature-xh-p2-projection\tests\aide.core.tests\bin\debug\net10.0\aide.core.tests.dll" id="a0dc747f-56b2-e88f-6d3a-f6aa511b63d8">
      <Execution id="6f3e4b59-fdbd-4f8c-b628-f4c48511bc90" />
      <TestMethod codeBase="C:\Projects\ai-de-feature-xh-p2-projection\tests\AiDe.Core.Tests\bin\Debug\net10.0\AiDe.Core.Tests.dll" adapterTypeName="executor://xunit/VsTestRunner3/netcore/" className="AiDe.Core.Tests.Watcher.CanonicalCoordinationContractTests" name="Canonical_InvalidJson_RejectsRatherThanCoerces" />
    </UnitTest>
    <UnitTest name="AiDe.Core.Tests.Watcher.CanonicalCoordinationBindingTests.Bind_IsolatedGitRepositoriesAndLinkedCheckout_BindsOnlyTrustedFullIdentity" storage="c:\projects\ai-de-feature-xh-p2-projection\tests\aide.core.tests\bin\debug\net10.0\aide.core.tests.dll" id="a49d2048-4ad0-a94a-b93d-800aff780c06">
      <Execution id="b30bc3ac-e61d-4234-9c48-c6cf334ec002" />
      <TestMethod codeBase="C:\Projects\ai-de-feature-xh-p2-projection\tests\AiDe.Core.Tests\bin\Debug\net10.0\AiDe.Core.Tests.dll" adapterTypeName="executor://xunit/VsTestRunner3/netcore/" className="AiDe.Core.Tests.Watcher.CanonicalCoordinationBindingTests" name="Bind_IsolatedGitRepositoriesAndLinkedCheckout_BindsOnlyTrustedFullIdentity" />
    </UnitTest>
    <UnitTest name="AiDe.Core.Tests.Watcher.CanonicalCoordinationRecordTests.Parse_WholeBodies_MatchesPinnedPythonOracle" storage="c:\projects\ai-de-feature-xh-p2-projection\tests\aide.core.tests\bin\debug\net10.0\aide.core.tests.dll" id="a88e60ed-87d9-b8ef-373b-adbe7250400a">
      <Execution id="83a34485-658a-4501-9971-97c1682dfad1" />
      <TestMethod codeBase="C:\Projects\ai-de-feature-xh-p2-projection\tests\AiDe.Core.Tests\bin\Debug\net10.0\AiDe.Core.Tests.dll" adapterTypeName="executor://xunit/VsTestRunner3/netcore/" className="AiDe.Core.Tests.Watcher.CanonicalCoordinationRecordTests" name="Parse_WholeBodies_MatchesPinnedPythonOracle" />
    </UnitTest>
    <UnitTest name="AiDe.Core.Tests.Watcher.CanonicalCoordinationContractTests.Capture_CanonicalOriginLineEdges_ExposesNativeLfBound(contentSize: 65536, ending: &quot;\r\n&quot;, refuses: True)" storage="c:\projects\ai-de-feature-xh-p2-projection\tests\aide.core.tests\bin\debug\net10.0\aide.core.tests.dll" id="be07135d-8c64-8a52-4da0-d89d549995ca">
      <Execution id="4ce20e0c-f9bd-4ece-bdb6-cd5b130f2355" />
      <TestMethod codeBase="C:\Projects\ai-de-feature-xh-p2-projection\tests\AiDe.Core.Tests\bin\Debug\net10.0\AiDe.Core.Tests.dll" adapterTypeName="executor://xunit/VsTestRunner3/netcore/" className="AiDe.Core.Tests.Watcher.CanonicalCoordinationContractTests" name="Capture_CanonicalOriginLineEdges_ExposesNativeLfBound" />
    </UnitTest>
    <UnitTest name="AiDe.Core.Tests.Watcher.CanonicalCoordinationRecordTests.Parse_CodecAcceptedBadEnvelope_RejectsSchema(name: &quot;timestamp-bool&quot;)" storage="c:\projects\ai-de-feature-xh-p2-projection\tests\aide.core.tests\bin\debug\net10.0\aide.core.tests.dll" id="50349b44-8834-dd59-e1b7-efc401071b90">
      <Execution id="8587c480-2a0b-4c76-81ed-e71c50929a01" />
      <TestMethod codeBase="C:\Projects\ai-de-feature-xh-p2-projection\tests\AiDe.Core.Tests\bin\Debug\net10.0\AiDe.Core.Tests.dll" adapterTypeName="executor://xunit/VsTestRunner3/netcore/" className="AiDe.Core.Tests.Watcher.CanonicalCoordinationRecordTests" name="Parse_CodecAcceptedBadEnvelope_RejectsSchema" />
    </UnitTest>
    <UnitTest name="AiDe.Core.Tests.Watcher.CanonicalCoordinationContractTests.Capture_CanonicalOriginLineEdges_ExposesNativeLfBound(contentSize: 65536, ending: &quot;\n&quot;, refuses: True)" storage="c:\projects\ai-de-feature-xh-p2-projection\tests\aide.core.tests\bin\debug\net10.0\aide.core.tests.dll" id="09681259-5b9d-2889-6325-b55dadd9c60c">
      <Execution id="30f3bad2-e89f-48cd-8474-77d7846531e6" />
      <TestMethod codeBase="C:\Projects\ai-de-feature-xh-p2-projection\tests\AiDe.Core.Tests\bin\Debug\net10.0\AiDe.Core.Tests.dll" adapterTypeName="executor://xunit/VsTestRunner3/netcore/" className="AiDe.Core.Tests.Watcher.CanonicalCoordinationContractTests" name="Capture_CanonicalOriginLineEdges_ExposesNativeLfBound" />
    </UnitTest>
    <UnitTest name="AiDe.Core.Tests.Watcher.CanonicalCoordinationBindingTests.Bind_InvalidBacklink_RefusesWithoutSource(kind: &quot;missing&quot;, expectedStatus: &quot;Unavailable&quot;)" storage="c:\projects\ai-de-feature-xh-p2-projection\tests\aide.core.tests\bin\debug\net10.0\aide.core.tests.dll" id="3f356d46-9347-825a-e500-40447d24b2a6">
      <Execution id="42fb9f32-f938-45d6-8a9f-f337e9fd40f1" />
      <TestMethod codeBase="C:\Projects\ai-de-feature-xh-p2-projection\tests\AiDe.Core.Tests\bin\Debug\net10.0\AiDe.Core.Tests.dll" adapterTypeName="executor://xunit/VsTestRunner3/netcore/" className="AiDe.Core.Tests.Watcher.CanonicalCoordinationBindingTests" name="Bind_InvalidBacklink_RefusesWithoutSource" />
    </UnitTest>
    <UnitTest name="AiDe.Core.Tests.Watcher.CanonicalCoordinationRecordTests.Parse_InvalidLexicalForms_ReturnsStableCode(input: &quot;{\&quot;x\&quot;:Infinity}&quot;, code: &quot;XH.NONFINITE_JSON&quot;)" storage="c:\projects\ai-de-feature-xh-p2-projection\tests\aide.core.tests\bin\debug\net10.0\aide.core.tests.dll" id="26f3d22c-29f2-9ef9-ac7f-d96cb0abec8b">
      <Execution id="e9814843-9f96-4239-902b-9ef9625f64d4" />
      <TestMethod codeBase="C:\Projects\ai-de-feature-xh-p2-projection\tests\AiDe.Core.Tests\bin\Debug\net10.0\AiDe.Core.Tests.dll" adapterTypeName="executor://xunit/VsTestRunner3/netcore/" className="AiDe.Core.Tests.Watcher.CanonicalCoordinationRecordTests" name="Parse_InvalidLexicalForms_ReturnsStableCode" />
    </UnitTest>
    <UnitTest name="AiDe.Core.Tests.Watcher.CanonicalCoordinationRecordTests.Parse_LineBoundary_CountsContentSeparately(content: 65537, ending: &quot;\r\n&quot;, valid: False)" storage="c:\projects\ai-de-feature-xh-p2-projection\tests\aide.core.tests\bin\debug\net10.0\aide.core.tests.dll" id="fde9c9dc-ebd9-67c7-e8e1-fe231e3d080b">
      <Execution id="f6ff5012-3e1d-43c9-be64-00b1363fa99d" />
      <TestMethod codeBase="C:\Projects\ai-de-feature-xh-p2-projection\tests\AiDe.Core.Tests\bin\Debug\net10.0\AiDe.Core.Tests.dll" adapterTypeName="executor://xunit/VsTestRunner3/netcore/" className="AiDe.Core.Tests.Watcher.CanonicalCoordinationRecordTests" name="Parse_LineBoundary_CountsContentSeparately" />
    </UnitTest>
    <UnitTest name="AiDe.Core.Tests.Watcher.CanonicalCoordinationBindingTests.Bind_InvalidBacklink_RefusesWithoutSource(kind: &quot;reparse&quot;, expectedStatus: &quot;Unavailable&quot;)" storage="c:\projects\ai-de-feature-xh-p2-projection\tests\aide.core.tests\bin\debug\net10.0\aide.core.tests.dll" id="c1bae7a0-bdfc-dfb3-edfb-90472da4a62e">
      <Execution id="322843b7-620c-458a-b78b-ece1771286ce" />
      <TestMethod codeBase="C:\Projects\ai-de-feature-xh-p2-projection\tests\AiDe.Core.Tests\bin\Debug\net10.0\AiDe.Core.Tests.dll" adapterTypeName="executor://xunit/VsTestRunner3/netcore/" className="AiDe.Core.Tests.Watcher.CanonicalCoordinationBindingTests" name="Bind_InvalidBacklink_RefusesWithoutSource" />
    </UnitTest>
    <UnitTest name="AiDe.Core.Tests.Watcher.CanonicalCoordinationRecordTests.Parse_InvalidLexicalForms_ReturnsStableCode(input: &quot;{\&quot;x\&quot;:NaN}&quot;, code: &quot;XH.NONFINITE_JSON&quot;)" storage="c:\projects\ai-de-feature-xh-p2-projection\tests\aide.core.tests\bin\debug\net10.0\aide.core.tests.dll" id="b39d95a1-76de-8482-8c90-ea43b390283a">
      <Execution id="525fd242-1fae-42cd-878c-a3e39b6c69eb" />
      <TestMethod codeBase="C:\Projects\ai-de-feature-xh-p2-projection\tests\AiDe.Core.Tests\bin\Debug\net10.0\AiDe.Core.Tests.dll" adapterTypeName="executor://xunit/VsTestRunner3/netcore/" className="AiDe.Core.Tests.Watcher.CanonicalCoordinationRecordTests" name="Parse_InvalidLexicalForms_ReturnsStableCode" />
    </UnitTest>
  </TestDefinitions>
  <TestEntries>
    <TestEntry testId="1e4be4d7-9dad-1f3d-f9e6-8bf47a06fb2f" executionId="8426fe5c-9a5f-4cbf-b457-532602204fbb" testListId="8c84fa94-04c1-424b-9868-57a2d4851a1d" />
    <TestEntry testId="d28bc181-f230-8c00-97a9-a7fdf41d1c6f" executionId="6492a7ca-e384-4a03-a3b5-e724c86d4355" testListId="8c84fa94-04c1-424b-9868-57a2d4851a1d" />
    <TestEntry testId="0f3eb7b8-23d1-db61-72e3-1f5fe60f5ef5" executionId="61293a30-2f00-465d-9f66-075d9d67413c" testListId="8c84fa94-04c1-424b-9868-57a2d4851a1d" />
    <TestEntry testId="bd544f77-b806-1759-78f6-856ca0841d4b" executionId="0a095a1c-55cd-42c0-8c73-42e5e45a9293" testListId="8c84fa94-04c1-424b-9868-57a2d4851a1d" />
    <TestEntry testId="39aabce0-fdcd-96d7-fd05-62776254800e" executionId="00f58550-6442-4d1a-b2fb-ca192101c9ea" testListId="8c84fa94-04c1-424b-9868-57a2d4851a1d" />
    <TestEntry testId="c25b72c8-516f-ffa0-2d22-5f7d4bfb46c4" executionId="b36abf23-de91-4613-a4da-064f51df4764" testListId="8c84fa94-04c1-424b-9868-57a2d4851a1d" />
    <TestEntry testId="57aac093-ba68-9b32-801b-ac919bfe21f0" executionId="29f772fe-c982-48ba-ae7f-d5023cb6a9ea" testListId="8c84fa94-04c1-424b-9868-57a2d4851a1d" />
    <TestEntry testId="d347e75a-c66e-fe1d-76c6-86d86baf2478" executionId="7b59e16d-5734-4ec6-9b8c-daf666983973" testListId="8c84fa94-04c1-424b-9868-57a2d4851a1d" />
    <TestEntry testId="ecc6eaf9-3d76-4b00-b348-f29d5b162661" executionId="1f4cc13b-8818-4c9d-bcb2-636b7bd4f2f1" testListId="8c84fa94-04c1-424b-9868-57a2d4851a1d" />
    <TestEntry testId="a0dc747f-56b2-e88f-6d3a-f6aa511b63d8" executionId="6f3e4b59-fdbd-4f8c-b628-f4c48511bc90" testListId="8c84fa94-04c1-424b-9868-57a2d4851a1d" />
    <TestEntry testId="19a80946-c636-dc0f-79f5-391d1e65f78c" executionId="1e5247b5-f0e2-4b34-9745-577b74fcbc51" testListId="8c84fa94-04c1-424b-9868-57a2d4851a1d" />
    <TestEntry testId="a4d781d9-8aa2-634d-b958-1f6f61a40054" executionId="d060a6bf-44a5-40de-9d0b-28047991c2b3" testListId="8c84fa94-04c1-424b-9868-57a2d4851a1d" />
    <TestEntry testId="b6cead87-51ec-3442-64ab-6c494b51d7f5" executionId="80383af6-16bd-4e18-83d9-0b4279fafb06" testListId="8c84fa94-04c1-424b-9868-57a2d4851a1d" />
    <TestEntry testId="3a1cad49-a065-3836-99d1-311dc1801a7b" executionId="5b129991-51dc-49ec-8a2c-724232507d46" testListId="8c84fa94-04c1-424b-9868-57a2d4851a1d" />
    <TestEntry testId="4b79040b-c5d7-bf5e-8583-15e0d9305a5f" executionId="eb602614-e02d-4eb3-ba60-0b9587d843b3" testListId="8c84fa94-04c1-424b-9868-57a2d4851a1d" />
    <TestEntry testId="de040173-ae72-e606-c477-3b671f90e490" executionId="eb08b981-90a8-4784-ace2-a414578c8dc3" testListId="8c84fa94-04c1-424b-9868-57a2d4851a1d" />
    <TestEntry testId="b39d95a1-76de-8482-8c90-ea43b390283a" executionId="525fd242-1fae-42cd-878c-a3e39b6c69eb" testListId="8c84fa94-04c1-424b-9868-57a2d4851a1d" />
    <TestEntry testId="3f356d46-9347-825a-e500-40447d24b2a6" executionId="42fb9f32-f938-45d6-8a9f-f337e9fd40f1" testListId="8c84fa94-04c1-424b-9868-57a2d4851a1d" />
    <TestEntry testId="a88e60ed-87d9-b8ef-373b-adbe7250400a" executionId="83a34485-658a-4501-9971-97c1682dfad1" testListId="8c84fa94-04c1-424b-9868-57a2d4851a1d" />
    <TestEntry testId="505dbf23-9ed9-8c4c-4289-a59582a16eb1" executionId="fc4c88a8-16f8-4b1e-90e3-da4b3c9f00d0" testListId="8c84fa94-04c1-424b-9868-57a2d4851a1d" />
    <TestEntry testId="443acbfa-1f1b-92c0-e00c-5b47fba55d75" executionId="24b525f7-ed3e-4867-a5fa-84e5c0ed36d4" testListId="8c84fa94-04c1-424b-9868-57a2d4851a1d" />
    <TestEntry testId="77fbe380-4959-e7ec-b14c-a1b69e50d338" executionId="0b804866-2bcc-447a-bf07-a4901049eecc" testListId="8c84fa94-04c1-424b-9868-57a2d4851a1d" />
    <TestEntry testId="cc15bfd1-3d60-e37c-1eb9-eb0019f99433" executionId="517a68f4-8f83-4b7a-9d2e-8e5740813ffa" testListId="8c84fa94-04c1-424b-9868-57a2d4851a1d" />
    <TestEntry testId="395c8784-4426-51b0-ecd4-04f4c6ac2ce6" executionId="e899f857-a29c-4370-8af7-a5356c79d917" testListId="8c84fa94-04c1-424b-9868-57a2d4851a1d" />
    <TestEntry testId="f74d8479-1767-9c92-7f10-7513def40daf" executionId="89863290-202f-4ef5-aa3e-cfef8a85f78d" testListId="8c84fa94-04c1-424b-9868-57a2d4851a1d" />
    <TestEntry testId="c173687a-2cd6-f42b-dabd-4d44b6eeb9c4" executionId="0526376e-7ca1-4fb1-b847-263d4eff2775" testListId="8c84fa94-04c1-424b-9868-57a2d4851a1d" />
    <TestEntry testId="8326e243-53bd-1e07-53f6-d37f6e90dba3" executionId="54c73dc7-6ba6-4c0e-bf41-07a0af28a98b" testListId="8c84fa94-04c1-424b-9868-57a2d4851a1d" />
    <TestEntry testId="c1bae7a0-bdfc-dfb3-edfb-90472da4a62e" executionId="322843b7-620c-458a-b78b-ece1771286ce" testListId="8c84fa94-04c1-424b-9868-57a2d4851a1d" />
    <TestEntry testId="fde9c9dc-ebd9-67c7-e8e1-fe231e3d080b" executionId="f6ff5012-3e1d-43c9-be64-00b1363fa99d" testListId="8c84fa94-04c1-424b-9868-57a2d4851a1d" />
    <TestEntry testId="ae9b316d-64ee-b182-be40-c6b70ecca60d" executionId="9e85309f-5df9-4756-8cc7-68d7a83f9b3b" testListId="8c84fa94-04c1-424b-9868-57a2d4851a1d" />
    <TestEntry testId="44e5fb0c-7519-01c9-1b22-27491633957c" executionId="e9290c43-28c8-4985-85af-78ccf88c701b" testListId="8c84fa94-04c1-424b-9868-57a2d4851a1d" />
    <TestEntry testId="26f3d22c-29f2-9ef9-ac7f-d96cb0abec8b" executionId="e9814843-9f96-4239-902b-9ef9625f64d4" testListId="8c84fa94-04c1-424b-9868-57a2d4851a1d" />
    <TestEntry testId="50349b44-8834-dd59-e1b7-efc401071b90" executionId="8587c480-2a0b-4c76-81ed-e71c50929a01" testListId="8c84fa94-04c1-424b-9868-57a2d4851a1d" />
    <TestEntry testId="3c61ce4e-01ef-8bf6-a4b1-29684041c5a4" executionId="e2abff1c-ec35-4468-b075-01129e1834c8" testListId="8c84fa94-04c1-424b-9868-57a2d4851a1d" />
    <TestEntry testId="572188c2-8d03-79ad-edca-6aa28772e4af" executionId="a1b450fa-e371-45ed-aa1e-12ad6916be0b" testListId="8c84fa94-04c1-424b-9868-57a2d4851a1d" />
    <TestEntry testId="09681259-5b9d-2889-6325-b55dadd9c60c" executionId="30f3bad2-e89f-48cd-8474-77d7846531e6" testListId="8c84fa94-04c1-424b-9868-57a2d4851a1d" />
    <TestEntry testId="a49d2048-4ad0-a94a-b93d-800aff780c06" executionId="b30bc3ac-e61d-4234-9c48-c6cf334ec002" testListId="8c84fa94-04c1-424b-9868-57a2d4851a1d" />
    <TestEntry testId="ee25686a-87b3-1674-5d10-a5cfed5de658" executionId="0cf8cf9f-1409-45ec-8df2-1e75562a09cf" testListId="8c84fa94-04c1-424b-9868-57a2d4851a1d" />
    <TestEntry testId="7cfadc48-d2fe-921e-1d58-4f99e45737a9" executionId="e9dfdf63-6e4d-4b32-addf-3c3b5e86cc75" testListId="8c84fa94-04c1-424b-9868-57a2d4851a1d" />
    <TestEntry testId="b610e3f6-397e-d562-4a84-a5f913a7add9" executionId="5320de31-d939-4a1c-8979-ce85ed3efbbe" testListId="8c84fa94-04c1-424b-9868-57a2d4851a1d" />
    <TestEntry testId="65797c2f-ca17-3649-8872-3ae91db0d68d" executionId="bf9b17a3-f1a9-47b7-bee5-26d4a059b0c5" testListId="8c84fa94-04c1-424b-9868-57a2d4851a1d" />
    <TestEntry testId="8d4f13ef-b788-7c36-2393-9767486cc235" executionId="f1d56ac1-be80-4594-9df4-0ce82097744e" testListId="8c84fa94-04c1-424b-9868-57a2d4851a1d" />
    <TestEntry testId="be07135d-8c64-8a52-4da0-d89d549995ca" executionId="4ce20e0c-f9bd-4ece-bdb6-cd5b130f2355" testListId="8c84fa94-04c1-424b-9868-57a2d4851a1d" />
    <TestEntry testId="c9c0bbfd-b806-0aa7-d903-a8179f6b53d4" executionId="09a2d81a-c02a-4563-be99-0c66ab222249" testListId="8c84fa94-04c1-424b-9868-57a2d4851a1d" />
    <TestEntry testId="7a1e6a6c-03bd-52e9-bf30-b5b2b0541fbd" executionId="24cd6921-3c6c-4091-94ca-1e13d62b52da" testListId="8c84fa94-04c1-424b-9868-57a2d4851a1d" />
    <TestEntry testId="44aa8bfa-55d1-7d06-7fc9-bf710ec3b69e" executionId="42d3b23c-8d48-4a72-9364-976a5d86b182" testListId="8c84fa94-04c1-424b-9868-57a2d4851a1d" />
    <TestEntry testId="38cf28a1-e247-950a-8c71-1d55de00197b" executionId="154e0c11-6f31-4577-88d6-6a05eba5cd81" testListId="8c84fa94-04c1-424b-9868-57a2d4851a1d" />
  </TestEntries>
  <TestLists>
    <TestList name="Results Not in a List" id="8c84fa94-04c1-424b-9868-57a2d4851a1d" />
    <TestList name="All Loaded Results" id="19431567-8539-422a-85d7-44ee4e166bda" />
  </TestLists>
  <ResultSummary outcome="Completed">
    <Counters total="47" executed="47" passed="47" failed="0" error="0" timeout="0" aborted="0" inconclusive="0" passedButRunAborted="0" notRunnable="0" notExecuted="0" disconnected="0" warning="0" completed="0" inProgress="0" pending="0" />
    <Output>
      <StdOut>[xUnit.net 00:00:00.00] xUnit.net VSTest Adapter v3.1.4+50e68bbb8b (64-bit .NET 10.0.11)&#xD;
[xUnit.net 00:00:00.07]   Discovering: AiDe.Core.Tests&#xD;
[xUnit.net 00:00:00.27]   Discovered:  AiDe.Core.Tests&#xD;
[xUnit.net 00:00:00.29]   Starting:    AiDe.Core.Tests&#xD;
[xUnit.net 00:00:02.72]   Finished:    AiDe.Core.Tests&#xD;
</StdOut>
    </Output>
  </ResultSummary>
</TestRun>