<?xml version="1.0" encoding="utf-8"?>
<TestRun id="3ecbe00b-f624-410b-b64c-1d26527a867e" name="malla@TIMMALLSTRIX 2026-09-16 15:00:49" runUser="TIMMALLSTRIX\malla" xmlns="http://microsoft.com/schemas/VisualStudio/TeamTest/2010">
  <Times creation="2026-09-16T15:00:49.8386497-07:00" queuing="2026-09-16T15:00:49.8386500-07:00" start="2026-09-16T15:00:48.0664385-07:00" finish="2026-09-16T15:00:50.3650276-07:00" />
  <TestSettings name="default" id="429973f9-1df7-464d-8d7d-1f7a8ea0578a">
    <Deployment runDeploymentRoot="malla_TIMMALLSTRIX_2026-09-16_15_00_49" />
  </TestSettings>
  <Results>
    <UnitTestResult executionId="0d92eb75-d53c-4042-8877-8dfe20f0dac0" testId="d837efe9-4b51-b00d-6122-f2732aa4735f" testName="AiDe.Core.Tests.Watcher.CoordinationRecoveryTests.Pump_PendingLimitPlusOne_AccountsForParentWithoutExceedingActiveBoundsOrLosingChildren" computerName="TIMMALLSTRIX" duration="00:00:01.5595632" startTime="2026-09-16T15:00:48.7290891-07:00" endTime="2026-09-16T15:00:50.2875800-07:00" testType="13cdc9d9-ddb5-4fa4-a97d-d965ccfc6d4b" outcome="Failed" testListId="8c84fa94-04c1-424b-9868-57a2d4851a1d" relativeResultsDirectory="0d92eb75-d53c-4042-8877-8dfe20f0dac0">
      <Output>
        <StdOut>children=1025; activePending=1025; retainedBytes=323572; parentVisible=true; turns=20</StdOut>
        <ErrorInfo>
          <Message>Active pending count 1025 exceeds 1024; retained bytes=323572.</Message>
          <StackTrace>   at AiDe.Core.Tests.Watcher.CoordinationRecoveryTests.Pump_PendingLimitPlusOne_AccountsForParentWithoutExceedingActiveBoundsOrLosingChildren() in C:\Projects\ai-de-feature-xh-p2-projection\tests\AiDe.Core.Tests\Watcher\CoordinationRecoveryTests.cs:line 162&#xD;
   at System.Reflection.MethodBaseInvoker.InterpretedInvoke_Method(Object obj, IntPtr* args)&#xD;
   at System.Reflection.MethodBaseInvoker.InvokeWithNoArgs(Object obj, BindingFlags invokeAttr)</StackTrace>
        </ErrorInfo>
      </Output>
    </UnitTestResult>
    <UnitTestResult executionId="a29b3266-a4e2-4a97-b69f-339cd2232afe" testId="0608155b-3042-df56-46c1-fb07f88bc941" testName="AiDe.Core.Tests.Watcher.CoordinationRecoveryTests.Pump_ParentAlreadyCommitted_AppliesCrossSessionChildOnce" computerName="TIMMALLSTRIX" duration="00:00:00.0184484" startTime="2026-09-16T15:00:50.3056349-07:00" endTime="2026-09-16T15:00:50.3239845-07:00" testType="13cdc9d9-ddb5-4fa4-a97d-d965ccfc6d4b" outcome="Passed" testListId="8c84fa94-04c1-424b-9868-57a2d4851a1d" relativeResultsDirectory="a29b3266-a4e2-4a97-b69f-339cd2232afe" />
    <UnitTestResult executionId="fff27106-78ee-4f51-8513-3fdbe1b728ca" testId="8d8d7039-0750-c9a9-88fd-305d1f2390e2" testName="AiDe.Core.Tests.Watcher.CoordinationRecoveryTests.Pump_PermanentlyMissingParent_RetainsPayloadWithoutBoardOrLifecycleAuthority" computerName="TIMMALLSTRIX" duration="00:00:00.0177637" startTime="2026-09-16T15:00:50.2883869-07:00" endTime="2026-09-16T15:00:50.3054750-07:00" testType="13cdc9d9-ddb5-4fa4-a97d-d965ccfc6d4b" outcome="Passed" testListId="8c84fa94-04c1-424b-9868-57a2d4851a1d" relativeResultsDirectory="fff27106-78ee-4f51-8513-3fdbe1b728ca" />
    <UnitTestResult executionId="4a6ba4e8-ea49-432b-b633-6d687e4aed51" testId="7bb19bf7-4c98-a74e-f24f-cad16cc57a64" testName="AiDe.Core.Tests.Watcher.CoordinationRecoveryTests.Pump_LateSameRepositoryParent_AppliesChildOnceWithOriginalAdmission" computerName="TIMMALLSTRIX" duration="00:00:00.1000239" startTime="2026-09-16T15:00:48.5953698-07:00" endTime="2026-09-16T15:00:48.7042900-07:00" testType="13cdc9d9-ddb5-4fa4-a97d-d965ccfc6d4b" outcome="Failed" testListId="8c84fa94-04c1-424b-9868-57a2d4851a1d" relativeResultsDirectory="4a6ba4e8-ea49-432b-b633-6d687e4aed51">
      <Output>
        <StdOut>originalAdmission=3; pending=1; boardMessages=1</StdOut>
        <ErrorInfo>
          <Message>Late parent committed, but child remains pending at admission 3.</Message>
          <StackTrace>   at AiDe.Core.Tests.Watcher.CoordinationRecoveryTests.Pump_LateSameRepositoryParent_AppliesChildOnceWithOriginalAdmission() in C:\Projects\ai-de-feature-xh-p2-projection\tests\AiDe.Core.Tests\Watcher\CoordinationRecoveryTests.cs:line 39&#xD;
   at System.Reflection.MethodBaseInvoker.InterpretedInvoke_Method(Object obj, IntPtr* args)&#xD;
   at System.Reflection.MethodBaseInvoker.InvokeWithNoArgs(Object obj, BindingFlags invokeAttr)</StackTrace>
        </ErrorInfo>
      </Output>
    </UnitTestResult>
    <UnitTestResult executionId="572e5f39-20f1-43ee-9c17-a3a7cc9a5af5" testId="e823ee96-bb05-84d1-1612-e7cf6834824b" testName="AiDe.Core.Tests.Watcher.CoordinationRecoveryTests.Pump_ParentInAnotherRepository_NeverSatisfiesPendingChild" computerName="TIMMALLSTRIX" duration="00:00:00.0234250" startTime="2026-09-16T15:00:48.7130671-07:00" endTime="2026-09-16T15:00:48.7280438-07:00" testType="13cdc9d9-ddb5-4fa4-a97d-d965ccfc6d4b" outcome="Passed" testListId="8c84fa94-04c1-424b-9868-57a2d4851a1d" relativeResultsDirectory="572e5f39-20f1-43ee-9c17-a3a7cc9a5af5" />
  </Results>
  <TestDefinitions>
    <UnitTest name="AiDe.Core.Tests.Watcher.CoordinationRecoveryTests.Pump_PermanentlyMissingParent_RetainsPayloadWithoutBoardOrLifecycleAuthority" storage="c:\projects\ai-de-feature-xh-p2-projection\tests\aide.core.tests\bin\debug\net10.0\aide.core.tests.dll" id="8d8d7039-0750-c9a9-88fd-305d1f2390e2">
      <Execution id="fff27106-78ee-4f51-8513-3fdbe1b728ca" />
      <TestMethod codeBase="C:\Projects\ai-de-feature-xh-p2-projection\tests\AiDe.Core.Tests\bin\Debug\net10.0\AiDe.Core.Tests.dll" adapterTypeName="executor://xunit/VsTestRunner3/netcore/" className="AiDe.Core.Tests.Watcher.CoordinationRecoveryTests" name="Pump_PermanentlyMissingParent_RetainsPayloadWithoutBoardOrLifecycleAuthority" />
    </UnitTest>
    <UnitTest name="AiDe.Core.Tests.Watcher.CoordinationRecoveryTests.Pump_ParentInAnotherRepository_NeverSatisfiesPendingChild" storage="c:\projects\ai-de-feature-xh-p2-projection\tests\aide.core.tests\bin\debug\net10.0\aide.core.tests.dll" id="e823ee96-bb05-84d1-1612-e7cf6834824b">
      <Execution id="572e5f39-20f1-43ee-9c17-a3a7cc9a5af5" />
      <TestMethod codeBase="C:\Projects\ai-de-feature-xh-p2-projection\tests\AiDe.Core.Tests\bin\Debug\net10.0\AiDe.Core.Tests.dll" adapterTypeName="executor://xunit/VsTestRunner3/netcore/" className="AiDe.Core.Tests.Watcher.CoordinationRecoveryTests" name="Pump_ParentInAnotherRepository_NeverSatisfiesPendingChild" />
    </UnitTest>
    <UnitTest name="AiDe.Core.Tests.Watcher.CoordinationRecoveryTests.Pump_LateSameRepositoryParent_AppliesChildOnceWithOriginalAdmission" storage="c:\projects\ai-de-feature-xh-p2-projection\tests\aide.core.tests\bin\debug\net10.0\aide.core.tests.dll" id="7bb19bf7-4c98-a74e-f24f-cad16cc57a64">
      <Execution id="4a6ba4e8-ea49-432b-b633-6d687e4aed51" />
      <TestMethod codeBase="C:\Projects\ai-de-feature-xh-p2-projection\tests\AiDe.Core.Tests\bin\Debug\net10.0\AiDe.Core.Tests.dll" adapterTypeName="executor://xunit/VsTestRunner3/netcore/" className="AiDe.Core.Tests.Watcher.CoordinationRecoveryTests" name="Pump_LateSameRepositoryParent_AppliesChildOnceWithOriginalAdmission" />
    </UnitTest>
    <UnitTest name="AiDe.Core.Tests.Watcher.CoordinationRecoveryTests.Pump_PendingLimitPlusOne_AccountsForParentWithoutExceedingActiveBoundsOrLosingChildren" storage="c:\projects\ai-de-feature-xh-p2-projection\tests\aide.core.tests\bin\debug\net10.0\aide.core.tests.dll" id="d837efe9-4b51-b00d-6122-f2732aa4735f">
      <Execution id="0d92eb75-d53c-4042-8877-8dfe20f0dac0" />
      <TestMethod codeBase="C:\Projects\ai-de-feature-xh-p2-projection\tests\AiDe.Core.Tests\bin\Debug\net10.0\AiDe.Core.Tests.dll" adapterTypeName="executor://xunit/VsTestRunner3/netcore/" className="AiDe.Core.Tests.Watcher.CoordinationRecoveryTests" name="Pump_PendingLimitPlusOne_AccountsForParentWithoutExceedingActiveBoundsOrLosingChildren" />
    </UnitTest>
    <UnitTest name="AiDe.Core.Tests.Watcher.CoordinationRecoveryTests.Pump_ParentAlreadyCommitted_AppliesCrossSessionChildOnce" storage="c:\projects\ai-de-feature-xh-p2-projection\tests\aide.core.tests\bin\debug\net10.0\aide.core.tests.dll" id="0608155b-3042-df56-46c1-fb07f88bc941">
      <Execution id="a29b3266-a4e2-4a97-b69f-339cd2232afe" />
      <TestMethod codeBase="C:\Projects\ai-de-feature-xh-p2-projection\tests\AiDe.Core.Tests\bin\Debug\net10.0\AiDe.Core.Tests.dll" adapterTypeName="executor://xunit/VsTestRunner3/netcore/" className="AiDe.Core.Tests.Watcher.CoordinationRecoveryTests" name="Pump_ParentAlreadyCommitted_AppliesCrossSessionChildOnce" />
    </UnitTest>
  </TestDefinitions>
  <TestEntries>
    <TestEntry testId="d837efe9-4b51-b00d-6122-f2732aa4735f" executionId="0d92eb75-d53c-4042-8877-8dfe20f0dac0" testListId="8c84fa94-04c1-424b-9868-57a2d4851a1d" />
    <TestEntry testId="0608155b-3042-df56-46c1-fb07f88bc941" executionId="a29b3266-a4e2-4a97-b69f-339cd2232afe" testListId="8c84fa94-04c1-424b-9868-57a2d4851a1d" />
    <TestEntry testId="8d8d7039-0750-c9a9-88fd-305d1f2390e2" executionId="fff27106-78ee-4f51-8513-3fdbe1b728ca" testListId="8c84fa94-04c1-424b-9868-57a2d4851a1d" />
    <TestEntry testId="7bb19bf7-4c98-a74e-f24f-cad16cc57a64" executionId="4a6ba4e8-ea49-432b-b633-6d687e4aed51" testListId="8c84fa94-04c1-424b-9868-57a2d4851a1d" />
    <TestEntry testId="e823ee96-bb05-84d1-1612-e7cf6834824b" executionId="572e5f39-20f1-43ee-9c17-a3a7cc9a5af5" testListId="8c84fa94-04c1-424b-9868-57a2d4851a1d" />
  </TestEntries>
  <TestLists>
    <TestList name="Results Not in a List" id="8c84fa94-04c1-424b-9868-57a2d4851a1d" />
    <TestList name="All Loaded Results" id="19431567-8539-422a-85d7-44ee4e166bda" />
  </TestLists>
  <ResultSummary outcome="Failed">
    <Counters total="5" executed="5" passed="3" failed="2" error="0" timeout="0" aborted="0" inconclusive="0" passedButRunAborted="0" notRunnable="0" notExecuted="0" disconnected="0" warning="0" completed="0" inProgress="0" pending="0" />
    <Output>
      <StdOut>[xUnit.net 00:00:00.00] xUnit.net VSTest Adapter v3.1.4+50e68bbb8b (64-bit .NET 10.0.11)&#xD;
[xUnit.net 00:00:00.07]   Discovering: AiDe.Core.Tests&#xD;
[xUnit.net 00:00:00.24]   Discovered:  AiDe.Core.Tests&#xD;
[xUnit.net 00:00:00.25]   Starting:    AiDe.Core.Tests&#xD;
[xUnit.net 00:00:00.38]       Late parent committed, but child remains pending at admission 3.&#xD;
[xUnit.net 00:00:00.38]       Stack Trace:&#xD;
[xUnit.net 00:00:00.38]         C:\Projects\ai-de-feature-xh-p2-projection\tests\AiDe.Core.Tests\Watcher\CoordinationRecoveryTests.cs(39,0): at AiDe.Core.Tests.Watcher.CoordinationRecoveryTests.Pump_LateSameRepositoryParent_AppliesChildOnceWithOriginalAdmission()&#xD;
[xUnit.net 00:00:00.38]            at System.Reflection.MethodBaseInvoker.InterpretedInvoke_Method(Object obj, IntPtr* args)&#xD;
[xUnit.net 00:00:00.38]            at System.Reflection.MethodBaseInvoker.InvokeWithNoArgs(Object obj, BindingFlags invokeAttr)&#xD;
[xUnit.net 00:00:00.38]       Output:&#xD;
[xUnit.net 00:00:00.38]         originalAdmission=3; pending=1; boardMessages=1&#xD;
[xUnit.net 00:00:01.96]       Active pending count 1025 exceeds 1024; retained bytes=323572.&#xD;
[xUnit.net 00:00:01.96]       Stack Trace:&#xD;
[xUnit.net 00:00:01.96]         C:\Projects\ai-de-feature-xh-p2-projection\tests\AiDe.Core.Tests\Watcher\CoordinationRecoveryTests.cs(162,0): at AiDe.Core.Tests.Watcher.CoordinationRecoveryTests.Pump_PendingLimitPlusOne_AccountsForParentWithoutExceedingActiveBoundsOrLosingChildren()&#xD;
[xUnit.net 00:00:01.96]            at System.Reflection.MethodBaseInvoker.InterpretedInvoke_Method(Object obj, IntPtr* args)&#xD;
[xUnit.net 00:00:01.96]            at System.Reflection.MethodBaseInvoker.InvokeWithNoArgs(Object obj, BindingFlags invokeAttr)&#xD;
[xUnit.net 00:00:01.96]       Output:&#xD;
[xUnit.net 00:00:01.96]         children=1025; activePending=1025; retainedBytes=323572; parentVisible=true; turns=20&#xD;
[xUnit.net 00:00:02.00]   Finished:    AiDe.Core.Tests&#xD;
</StdOut>
    </Output>
    <RunInfos>
      <RunInfo computerName="TIMMALLSTRIX" outcome="Error" timestamp="2026-09-16T15:00:48.7062277-07:00">
        <Text>[xUnit.net 00:00:00.38]     AiDe.Core.Tests.Watcher.CoordinationRecoveryTests.Pump_LateSameRepositoryParent_AppliesChildOnceWithOriginalAdmission [FAIL]</Text>
      </RunInfo>
      <RunInfo computerName="TIMMALLSTRIX" outcome="Error" timestamp="2026-09-16T15:00:50.2881460-07:00">
        <Text>[xUnit.net 00:00:01.96]     AiDe.Core.Tests.Watcher.CoordinationRecoveryTests.Pump_PendingLimitPlusOne_AccountsForParentWithoutExceedingActiveBoundsOrLosingChildren [FAIL]</Text>
      </RunInfo>
    </RunInfos>
  </ResultSummary>
</TestRun>